Archive member included because of file (symbol)

c:/altera/12.0sp2/nios2eds/bin/gnu/h-i686-mingw32/bin/../lib/gcc/nios2-elf/4.1.2\libgcc.a(_fixunssfsi.o)
                              obj/default/sound/Sound.o (__fixunssfsi)
c:/altera/12.0sp2/nios2eds/bin/gnu/h-i686-mingw32/bin/../lib/gcc/nios2-elf/4.1.2\libgcc.a(_addsub_sf.o)
                              obj/default/sound/Sound.o (__subsf3)
c:/altera/12.0sp2/nios2eds/bin/gnu/h-i686-mingw32/bin/../lib/gcc/nios2-elf/4.1.2\libgcc.a(_mul_sf.o)
                              obj/default/sound/Sound.o (__mulsf3)
c:/altera/12.0sp2/nios2eds/bin/gnu/h-i686-mingw32/bin/../lib/gcc/nios2-elf/4.1.2\libgcc.a(_div_sf.o)
                              obj/default/Command.o (__divsf3)
c:/altera/12.0sp2/nios2eds/bin/gnu/h-i686-mingw32/bin/../lib/gcc/nios2-elf/4.1.2\libgcc.a(_eq_sf.o)
                              obj/default/sound/Sound.o (__eqsf2)
c:/altera/12.0sp2/nios2eds/bin/gnu/h-i686-mingw32/bin/../lib/gcc/nios2-elf/4.1.2\libgcc.a(_gt_sf.o)
                              obj/default/sound/Sound.o (__gtsf2)
c:/altera/12.0sp2/nios2eds/bin/gnu/h-i686-mingw32/bin/../lib/gcc/nios2-elf/4.1.2\libgcc.a(_ge_sf.o)
                              obj/default/StereoSystem.o (__gesf2)
c:/altera/12.0sp2/nios2eds/bin/gnu/h-i686-mingw32/bin/../lib/gcc/nios2-elf/4.1.2\libgcc.a(_si_to_sf.o)
                              obj/default/Command.o (__floatsisf)
c:/altera/12.0sp2/nios2eds/bin/gnu/h-i686-mingw32/bin/../lib/gcc/nios2-elf/4.1.2\libgcc.a(_sf_to_si.o)
                              obj/default/Song.o (__fixsfsi)
c:/altera/12.0sp2/nios2eds/bin/gnu/h-i686-mingw32/bin/../lib/gcc/nios2-elf/4.1.2\libgcc.a(_sf_to_df.o)
                              obj/default/StereoSystem.o (__extendsfdf2)
c:/altera/12.0sp2/nios2eds/bin/gnu/h-i686-mingw32/bin/../lib/gcc/nios2-elf/4.1.2\libgcc.a(_thenan_sf.o)
                              c:/altera/12.0sp2/nios2eds/bin/gnu/h-i686-mingw32/bin/../lib/gcc/nios2-elf/4.1.2\libgcc.a(_addsub_sf.o) (__thenan_sf)
c:/altera/12.0sp2/nios2eds/bin/gnu/h-i686-mingw32/bin/../lib/gcc/nios2-elf/4.1.2\libgcc.a(_usi_to_sf.o)
                              obj/default/sound/SoundMixer.o (__floatunsisf)
c:/altera/12.0sp2/nios2eds/bin/gnu/h-i686-mingw32/bin/../lib/gcc/nios2-elf/4.1.2\libgcc.a(_addsub_df.o)
                              obj/default/StereoSystem.o (__adddf3)
c:/altera/12.0sp2/nios2eds/bin/gnu/h-i686-mingw32/bin/../lib/gcc/nios2-elf/4.1.2\libgcc.a(_mul_df.o)
                              obj/default/Song.o (__muldf3)
c:/altera/12.0sp2/nios2eds/bin/gnu/h-i686-mingw32/bin/../lib/gcc/nios2-elf/4.1.2\libgcc.a(_si_to_df.o)
                              obj/default/Song.o (__floatsidf)
c:/altera/12.0sp2/nios2eds/bin/gnu/h-i686-mingw32/bin/../lib/gcc/nios2-elf/4.1.2\libgcc.a(_df_to_si.o)
                              obj/default/Song.o (__fixdfsi)
c:/altera/12.0sp2/nios2eds/bin/gnu/h-i686-mingw32/bin/../lib/gcc/nios2-elf/4.1.2\libgcc.a(_make_df.o)
                              c:/altera/12.0sp2/nios2eds/bin/gnu/h-i686-mingw32/bin/../lib/gcc/nios2-elf/4.1.2\libgcc.a(_sf_to_df.o) (__make_dp)
c:/altera/12.0sp2/nios2eds/bin/gnu/h-i686-mingw32/bin/../lib/gcc/nios2-elf/4.1.2\libgcc.a(_df_to_sf.o)
                              obj/default/StereoSystem.o (__truncdfsf2)
c:/altera/12.0sp2/nios2eds/bin/gnu/h-i686-mingw32/bin/../lib/gcc/nios2-elf/4.1.2\libgcc.a(_thenan_df.o)
                              c:/altera/12.0sp2/nios2eds/bin/gnu/h-i686-mingw32/bin/../lib/gcc/nios2-elf/4.1.2\libgcc.a(_addsub_df.o) (__thenan_df)
c:/altera/12.0sp2/nios2eds/bin/gnu/h-i686-mingw32/bin/../lib/gcc/nios2-elf/4.1.2\libgcc.a(lib2-divmod.o)
                              obj/default/Colder.o (__divsi3)
c:/altera/12.0sp2/nios2eds/bin/gnu/h-i686-mingw32/bin/../lib/gcc/nios2-elf/4.1.2\libgcc.a(lib2-divtable.o)
                              obj/default/Colder.o (__divsi3_table)
c:/altera/12.0sp2/nios2eds/bin/gnu/h-i686-mingw32/bin/../lib/gcc/nios2-elf/4.1.2\libgcc.a(_muldi3.o)
                              c:/altera/12.0sp2/nios2eds/bin/gnu/h-i686-mingw32/bin/../lib/gcc/nios2-elf/4.1.2\libgcc.a(_mul_sf.o) (__muldi3)
c:/altera/12.0sp2/nios2eds/bin/gnu/h-i686-mingw32/bin/../lib/gcc/nios2-elf/4.1.2\libgcc.a(_clzsi2.o)
                              c:/altera/12.0sp2/nios2eds/bin/gnu/h-i686-mingw32/bin/../lib/gcc/nios2-elf/4.1.2\libgcc.a(_si_to_sf.o) (__clzsi2)
c:/altera/12.0sp2/nios2eds/bin/gnu/h-i686-mingw32/bin/../lib/gcc/nios2-elf/4.1.2\libgcc.a(_pack_sf.o)
                              c:/altera/12.0sp2/nios2eds/bin/gnu/h-i686-mingw32/bin/../lib/gcc/nios2-elf/4.1.2\libgcc.a(_addsub_sf.o) (__pack_f)
c:/altera/12.0sp2/nios2eds/bin/gnu/h-i686-mingw32/bin/../lib/gcc/nios2-elf/4.1.2\libgcc.a(_unpack_sf.o)
                              c:/altera/12.0sp2/nios2eds/bin/gnu/h-i686-mingw32/bin/../lib/gcc/nios2-elf/4.1.2\libgcc.a(_addsub_sf.o) (__unpack_f)
c:/altera/12.0sp2/nios2eds/bin/gnu/h-i686-mingw32/bin/../lib/gcc/nios2-elf/4.1.2\libgcc.a(_fpcmp_parts_sf.o)
[...]
Memory Configuration

Name             Origin             Length             Attributes
reset            0x00800000         0x00000020
sdram            0x00800020         0x007fffe0
*default*        0x00000000         0xffffffff

Linker script and memory map

LOAD ../StereoSystem_bsp//obj/HAL/src/crt0.o
LOAD obj/default/Button.o
LOAD obj/default/Colder.o
LOAD obj/default/Command.o
LOAD obj/default/CommandScheduler.o
LOAD obj/default/Cursor.o
LOAD obj/default/Database.o
LOAD obj/default/Frame.o
LOAD obj/default/Graphic.o
LOAD obj/default/ISR_vectors.o
LOAD obj/default/MemoryMgr.o
LOAD obj/default/Object.o
LOAD obj/default/Packet.o
LOAD obj/default/Playlist.o
LOAD obj/default/PushKeyController.o
LOAD obj/default/Queue.o
LOAD obj/default/RS232.o
LOAD obj/default/Range.o
LOAD obj/default/Song.o
LOAD obj/default/StereoSystem.o
LOAD obj/default/TestBot.o
LOAD obj/default/sound/AudioDeviceController.o
LOAD obj/default/sound/Sound.o
LOAD obj/default/sound/SoundMixer.o
LOAD c:/altera/12.0sp2/nios2eds/bin/gnu/h-i686-mingw32/bin/../lib/gcc/nios2-elf/4.1.2/../../../../nios2-elf/lib\libstdc++.a
LOAD c:/altera/12.0sp2/nios2eds/bin/gnu/h-i686-mingw32/bin/../lib/gcc/nios2-elf/4.1.2/../../../../nios2-elf/lib\libm.a
LOAD c:/altera/12.0sp2/nios2eds/bin/gnu/h-i686-mingw32/bin/../lib/gcc/nios2-elf/4.1.2\libgcc.a
START GROUP
LOAD c:/altera/12.0sp2/nios2eds/bin/gnu/h-i686-mingw32/bin/../lib/gcc/nios2-elf/4.1.2/../../../../nios2-elf/lib\libc.a
LOAD c:/altera/12.0sp2/nios2eds/bin/gnu/h-i686-mingw32/bin/../lib/gcc/nios2-elf/4.1.2\libgcc.a
LOAD ../StereoSystem_bsp/\libhal_bsp.a
END GROUP
LOAD c:/altera/12.0sp2/nios2eds/bin/gnu/h-i686-mingw32/bin/../lib/gcc/nios2-elf/4.1.2\libgcc.a
                0x00800000                __alt_mem_sdram = 0x800000

.entry          0x00800000       0x20
 *(.entry)
 .entry         0x00800000       0x20 ../StereoSystem_bsp//obj/HAL/src/crt0.o
                0x00800000                __reset

.exceptions     0x00800020      0x198
                0x00800020                PROVIDE (__ram_exceptions_start, ABSOLUTE (.))
                0x00800020                . = ALIGN (0x20)
 *(.irq)
 *(.exceptions.entry.label)
 .exceptions.entry.label
                0x00800020        0x0 ../StereoSystem_bsp/\libhal_bsp.a(alt_irq_entry.o)
                0x00800020                alt_irq_entry
 .exceptions.entry.label
                0x00800020        0x0 ../StereoSystem_bsp/\libhal_bsp.a(alt_exception_entry.o)
                0x00800020                alt_exception
 *(.exceptions.entry.user)
 *(.exceptions.entry)
 .exceptions.entry
                0x00800020       0x54 ../StereoSystem_bsp/\libhal_bsp.a(alt_exception_entry.o)
 *(.exceptions.irqtest.user)
 *(.exceptions.irqtest)
 .exceptions.irqtest
                0x00800074       0x10 ../StereoSystem_bsp/\libhal_bsp.a(alt_irq_entry.o)
 *(.exceptions.irqhandler.user)
 *(.exceptions.irqhandler)
 .exceptions.irqhandler
                0x00800084        0x4 ../StereoSystem_bsp/\libhal_bsp.a(alt_irq_entry.o)
 *(.exceptions.irqreturn.user)
 *(.exceptions.irqreturn)
 .exceptions.irqreturn
                0x00800088        0x4 ../StereoSystem_bsp/\libhal_bsp.a(alt_irq_entry.o)
 *(.exceptions.notirq.label)
 .exceptions.notirq.label
                0x0080008c        0x0 ../StereoSystem_bsp/\libhal_bsp.a(alt_irq_entry.o)
 *(.exceptions.notirq.user)
 *(.exceptions.notirq)
 .exceptions.notirq
                0x0080008c        0x8 ../StereoSystem_bsp/\libhal_bsp.a(alt_exception_entry.o)
 *(.exceptions.soft.user)
 *(.exceptions.soft)
 *(.exceptions.unknown.user)
 *(.exceptions.unknown)
 .exceptions.unknown
                0x00800094        0x4 ../StereoSystem_bsp/\libhal_bsp.a(alt_exception_entry.o)
 *(.exceptions.exit.label)
 .exceptions.exit.label
                0x00800098        0x0 ../StereoSystem_bsp/\libhal_bsp.a(alt_irq_entry.o)
 .exceptions.exit.label
                0x00800098        0x0 ../StereoSystem_bsp/\libhal_bsp.a(alt_exception_entry.o)
 *(.exceptions.exit.user)
 *(.exceptions.exit)
 .exceptions.exit
                0x00800098       0x54 ../StereoSystem_bsp/\libhal_bsp.a(alt_exception_entry.o)
 *(.exceptions)
 .exceptions    0x008000ec       0xcc ../StereoSystem_bsp/\libhal_bsp.a(alt_irq_handler.o)
                0x008000ec                alt_irq_handler
                0x008001b8                PROVIDE (__ram_exceptions_end, ABSOLUTE (.))
                0x00800020                PROVIDE (__flash_exceptions_start, LOADADDR (.exceptions))

.text           0x008001b8    0x1f8a0
                0x008001b8                PROVIDE (stext, ABSOLUTE (.))
 *(.interp)
 *(.hash)
 *(.dynsym)
 *(.dynstr)
 *(.gnu.version)
 *(.gnu.version_d)
 *(.gnu.version_r)
 *(.rel.init)
 *(.rela.init)
 *(.rel.text .rel.text.* .rel.gnu.linkonce.t.*)
 *(.rela.text .rela.text.* .rela.gnu.linkonce.t.*)
 *(.rel.fini)
 *(.rela.fini)
 *(.rel.rodata .rel.rodata.* .rel.gnu.linkonce.r.*)
 *(.rela.rodata .rela.rodata.* .rela.gnu.linkonce.r.*)
 *(.rel.data .rel.data.* .rel.gnu.linkonce.d.*)
 *(.rela.data .rela.data.* .rela.gnu.linkonce.d.*)
 *(.rel.tdata .rel.tdata.* .rel.gnu.linkonce.td.*)
 *(.rela.tdata .rela.tdata.* .rela.gnu.linkonce.td.*)
 *(.rel.tbss .rel.tbss.* .rel.gnu.linkonce.tb.*)
 *(.rela.tbss .rela.tbss.* .rela.gnu.linkonce.tb.*)
 *(.rel.ctors)
 *(.rela.ctors)
 *(.rel.dtors)
 *(.rela.dtors)
 *(.rel.got)
 *(.rela.got)
 *(.rel.sdata .rel.sdata.* .rel.gnu.linkonce.s.*)
 *(.rela.sdata .rela.sdata.* .rela.gnu.linkonce.s.*)
 *(.rel.sbss .rel.sbss.* .rel.gnu.linkonce.sb.*)
 *(.rela.sbss .rela.sbss.* .rela.gnu.linkonce.sb.*)
 *(.rel.sdata2 .rel.sdata2.* .rel.gnu.linkonce.s2.*)
 *(.rela.sdata2 .rela.sdata2.* .rela.gnu.linkonce.s2.*)
 *(.rel.sbss2 .rel.sbss2.* .rel.gnu.linkonce.sb2.*)
 *(.rela.sbss2 .rela.sbss2.* .rela.gnu.linkonce.sb2.*)
 *(.rel.bss .rel.bss.* .rel.gnu.linkonce.b.*)
 *(.rela.bss .rela.bss.* .rela.gnu.linkonce.b.*)
 *(.rel.plt)
 *(.rela.plt)
 *(.rel.dyn)
 *(.init)
 *(.plt)
 *(.text .stub .text.* .gnu.linkonce.t.*)
 .text          0x008001b8       0x4c ../StereoSystem_bsp//obj/HAL/src/crt0.o
                0x008001b8                _start
 .text          0x00800204      0x55c obj/default/Button.o
                0x00800204                dummyDraw
                0x00800208                getXActionBtn
                0x00800270                getYActionBtn
                0x00800280                dummyCollide
                0x0080028c                playButtonCollide
                0x00800298                allSongsMenuButtonCollide
                0x008002ec                playlistMenuButtonCollide
                0x00800340                drawActionButton
                0x00800354                drawSongButton
                0x00800374                drawMenuButton
                0x00800394                initButton
                0x008003e0                actionButtonCollide
                0x008003f8                initActionButton
                0x0080051c                initPlaylistButton
                0x0080058c                initSongButton
                0x008005fc                initMenuButton
                0x008006d0                menuButtonCollide
 .text          0x00800760      0x890 obj/default/Colder.o
                0x00800760                decodePlaylist
                0x00800768                decodeString
                0x00800848                decodeCmd
                0x00800a4c                encodeCmd
                0x00800cb0                encodeString
                0x00800e60                decode
 .text          0x00800ff0     0x12b0 obj/default/Command.o
                0x00800ff0                syncRemoveSongFromList
                0x00800ff4                updateSongToPlaylist
                0x00800ff8                moveSongToIndex
                0x00800ffc                repeatCurrentSong
                0x00801000                reverse
                0x00801004                updateDBIndex
                0x00801008                repeatPlaylist
                0x00801018                play_playlist
                0x00801028                removeList
                0x00801038                shuffle
                0x00801048                removeSongFromList
                0x008010c0                addSongToList
                0x00801170                selectList
                0x008011ac                seek
                0x008011bc                modifyPlaylistName
                0x008011d8                killCmd
                0x00801288                createSong
                0x008012b4                createExisitedPlaylist
                0x008012f0                createPlaylist
                0x0080132c                setVolume
                0x00801374                stop
                0x008013e4                pause
                0x0080141c                initCmd
                0x0080153c                syncSelectList
                0x008015c4                syncCreatePlaylist
                0x00801624                syncSetVol
                0x008016d8                syncStop
                0x00801724                syncPause
                0x008017ac                syncPlay
                0x0080189c                syncNext
                0x00801950                syncPrev
                0x00801a04                syncUpdatePos
                0x00801b40                play
                0x00801c1c                prev
                0x00801cd0                next
                0x00801d78                syncAddExisitedSongToList
                0x00801e88                syncAddSongToList
                0x00801f98                syncDBFinish
                0x00802064                syncCreateSong
                0x0080216c                syncCreateExisitedPlaylist
 .text          0x008022a0      0x30c obj/default/CommandScheduler.o
                0x008022a0                cmdProcessing
                0x00802570                addCmd
                0x00802578                initCmdScheduler
 .text          0x008025ac      0x58c obj/default/Cursor.o
                0x008025ac                getCursorX
                0x008025bc                getCursorY
                0x008025cc                memOverlap
                0x008027d4                initCursor
                0x0080289c                updateCursor
 .text          0x00802b38     0x1b3c obj/default/Database.o
                0x00802b38                isCurrPlaying
                0x00802b68                initializeListWithSongs
                0x00802d00                removeCurrPlaying
                0x00802d94                querySongByName
                0x00802e1c                queryListByName
                0x00802ee8                getSongsFromSD
                0x00802fe8                createPlaylistFromTxt
                0x008030c8                openFileFromSD
                0x00803134                writeLine
                0x0080322c                readLine
                0x00803328                removeListFromDB
                0x00803400                addExisitedListToDB
                0x00803540                addListToDB
                0x0080364c                addSongToDB
                0x008036a4                update
                0x00803820                saveListChangesToSD
                0x00803b38                saveAllUpdatesToSDBeforeQuits
                0x00803b58                getAndUpdateSongsFromTxt
                0x00803f24                loadSongsFromSD
                0x00803f54                preloadSongsToPlaylist
                0x008040c4                saveListsToSD
                0x00804238                updateSongToSD
                0x00804344                loadListsFromSD
                0x0080452c                initDatabase
 .text          0x00804674      0xaf4 obj/default/Frame.o
                0x00804674                drawSongPanel
                0x008046ec                drawPlaylistPanel
                0x00804764                displayLoadingScreenVGA
                0x008047d0                clearSongPanel
                0x00804938                drawActionFrame
                0x008049c4                drawMenuFrame
                0x00804a78                drawMainFrame
                0x00804b14                initFrame
                0x00804b34                initPlaylistPanel
                0x00804c10                initSongPanel
                0x00804cf4                initActionFrame
                0x00804e48                initMenuFrame
                0x00804f10                initMainFrame
 .text          0x00805168      0xa2c obj/default/Graphic.o
                0x00805168                getColor
                0x00805188                getColor555
                0x008051a0                addImage
                0x008051c8                setImagePos
                0x008051e4                drawBox
                0x00805248                initImage
                0x008052f8                initVGA
                0x00805390                draw
                0x0080546c                draw_notransparent
                0x0080553c                loadSDImage
                0x0080597c                drawVerticalLine
                0x008059ec                drawHorizontalLine
                0x00805a50                killImage
 .text          0x00805b94      0x6c4 obj/default/ISR_vectors.o
                0x00805b94                audio_ISR
                0x00805c30                push_key_ISR
                0x00805d60                RS232_ISR
 .text          0x00806258      0x250 obj/default/MemoryMgr.o
                0x00806258                freeMem
                0x00806394                addToMemory
                0x0080647c                initMemory
 .text          0x008064a8       0x60 obj/default/Object.o
                0x008064a8                setXY
                0x008064bc                initObject
 .text          0x00806508      0x418 obj/default/Packet.o
                0x00806508                getBit
                0x00806518                setBit
                0x00806530                initPacket
                0x008065c8                strnsep_
                0x008066d0                killPacket
                0x00806738                readPacketHeader
                0x00806860                setAck
                0x00806884                setHeader
 .text          0x00806920      0x1d8 obj/default/Playlist.o
                0x00806920                setListId
                0x00806928                generateListNameForSD
                0x008069b0                killPlaylist
                0x008069e8                setListName
                0x00806a5c                initPlaylist
 .text          0x00806af8      0x158 obj/default/PushKeyController.o
                0x00806af8                isBitSet
                0x00806b10                isKeyUp
                0x00806b34                isKeyDown
                0x00806b5c                initPushKeyController
                0x00806bbc                wasKeyJustReleased
                0x00806c04                wasKeyJustPressed
 .text          0x00806c50      0x454 obj/default/Queue.o
                0x00806c50                containsValue
                0x00806c9c                initQueue
                0x00806cc4                enqueue
                0x00806d8c                killQueueData
                0x00806dd0                dequeue
                0x00806e7c                dequeueValue
                0x00806fa8                addPacketsLengthToQueue
 .text          0x008070a4      0x8b8 obj/default/RS232.o
                0x008070a4                switchAck
                0x008070bc                setStates
                0x008070dc                sendRS232
                0x0080713c                updateAcknowledge
                0x008071c8                send
                0x00807244                initRS232
                0x008073a8                reset
                0x008074e0                failReceive
                0x0080751c                checkAck
                0x008075c0                checkStartAck
                0x0080763c                sendAck
                0x00807768                sendStats
                0x008078a8                sendStartInit
 .text          0x0080795c      0x364 obj/default/Range.o
                0x0080795c                checkImgBtnCollision
                0x00807a68                checkTxtBtnCollision
                0x00807b74                compareRange
                0x00807c5c                initRange
 .text          0x00807cc0      0x6b8 obj/default/Song.o
                0x00807cc0                killSong
                0x00807cc4                setSongId
                0x00807ccc                getLength
                0x00807cd4                getSongPosition
                0x00807cdc                seekSong
                0x00807ce4                stopSong
                0x00807d54                resumeSong
                0x00807d5c                pauseSong
                0x00807dd0                setSongVolume
                0x00807dd8                setSongName
                0x00807e4c                unloadSong
                0x00807e98                loadStream
                0x00807efc                loadSong
                0x00807f8c                playStream
                0x00808108                initSong
                0x008081b4                playSong
 .text          0x00808378      0x1ec obj/default/StereoSystem.o
                0x00808378                loadSDCard
                0x008083f4                main
 .text          0x00808564      0x1f8 obj/default/TestBot.o
                0x00808564                dBTester
                0x00808568                soundTester
                0x008085f8                cmdTester
                0x00808688                dbTester2
                0x00808718                graphicTester
 .text          0x0080875c      0x10c obj/default/sound/AudioDeviceController.o
                0x0080875c                disableAudioDeviceController
                0x0080876c                enableAudioDeviceController
                0x008087dc                av_config_setup
                0x00808814                initAudioDeviceController
 .text          0x00808868      0xbec obj/default/sound/Sound.o
                0x00808868                convertFromMS
                0x00808870                convertToMS
                0x00808890                changeBitsPerSample
                0x00808924                clearSoundBuffer
                0x0080895c                allowFade
                0x0080897c                setFadeInLength
                0x00808984                setFadeOutLength
                0x00808994                convertVolumeToInt
                0x008089bc                setSoundVolume
                0x008089c8                seekSound
                0x008089d4                updatePos
                0x008089f0                pauseSound
                0x008089f8                resumeSound
                0x00808a04                stopSound
                0x00808a10                checkEnd
                0x00808a20                unloadSound
                0x00808a64                initSound
                0x00808b00                readInt
                0x00808c0c                loadWavHeader
                0x00808e14                loadStreamBuffer
                0x00808f14                playSound
                0x00808f34                handleSoundEnd
                0x00808f5c                getSoundLengthMS
                0x00808f80                getSoundPositionMS
                0x00808fa4                loadSoundBuffer
                0x008092fc                loadWavSound
 .text          0x00809454      0x7d8 obj/default/sound/SoundMixer.o
                0x00809454                loadToSoundBuffer
                0x00809654                negativeToPositive
                0x0080966c                positiveToNegative
                0x00809684                incIndex
                0x008096d4                clearIndexBuffer
                0x008096ec                setGlobalVolume
                0x00809714                clearSoundMixer
                0x00809774                initSoundMixer
                0x00809838                updateMixer
 .text          0x00809c2c       0x70 c:/altera/12.0sp2/nios2eds/bin/gnu/h-i686-mingw32/bin/../lib/gcc/nios2-elf/4.1.2\libgcc.a(_fixunssfsi.o)
                0x00809c2c                __fixunssfsi
 .text          0x00809c9c      0x2b8 c:/altera/12.0sp2/nios2eds/bin/gnu/h-i686-mingw32/bin/../lib/gcc/nios2-elf/4.1.2\libgcc.a(_addsub_sf.o)
                0x00809e80                __subsf3
                0x00809ef0                __addsf3
 .text          0x00809f54      0x1e0 c:/altera/12.0sp2/nios2eds/bin/gnu/h-i686-mingw32/bin/../lib/gcc/nios2-elf/4.1.2\libgcc.a(_mul_sf.o)
                0x00809f54                __mulsf3
 .text          0x0080a134      0x174 c:/altera/12.0sp2/nios2eds/bin/gnu/h-i686-mingw32/bin/../lib/gcc/nios2-elf/4.1.2\libgcc.a(_div_sf.o)
                0x0080a134                __divsf3
 .text          0x0080a2a8       0x78 c:/altera/12.0sp2/nios2eds/bin/gnu/h-i686-mingw32/bin/../lib/gcc/nios2-elf/4.1.2\libgcc.a(_eq_sf.o)
                0x0080a2a8                __eqsf2
 .text          0x0080a320       0x78 c:/altera/12.0sp2/nios2eds/bin/gnu/h-i686-mingw32/bin/../lib/gcc/nios2-elf/4.1.2\libgcc.a(_gt_sf.o)
                0x0080a320                __gtsf2
 .text          0x0080a398       0x78 c:/altera/12.0sp2/nios2eds/bin/gnu/h-i686-mingw32/bin/../lib/gcc/nios2-elf/4.1.2\libgcc.a(_ge_sf.o)
                0x0080a398                __gesf2
 .text          0x0080a410       0x98 c:/altera/12.0sp2/nios2eds/bin/gnu/h-i686-mingw32/bin/../lib/gcc/nios2-elf/4.1.2\libgcc.a(_si_to_sf.o)
                0x0080a410                __floatsisf
 .text          0x0080a4a8       0x94 c:/altera/12.0sp2/nios2eds/bin/gnu/h-i686-mingw32/bin/../lib/gcc/nios2-elf/4.1.2\libgcc.a(_sf_to_si.o)
                0x0080a4a8                __fixsfsi
 .text          0x0080a53c       0x54 c:/altera/12.0sp2/nios2eds/bin/gnu/h-i686-mingw32/bin/../lib/gcc/nios2-elf/4.1.2\libgcc.a(_sf_to_df.o)
                0x0080a53c                __extendsfdf2
 .text          0x0080a590        0x0 c:/altera/12.0sp2/nios2eds/bin/gnu/h-i686-mingw32/bin/../lib/gcc/nios2-elf/4.1.2\libgcc.a(_thenan_sf.o)
 .text          0x0080a590       0xc0 c:/altera/12.0sp2/nios2eds/bin/gnu/h-i686-mingw32/bin/../lib/gcc/nios2-elf/4.1.2\libgcc.a(_usi_to_sf.o)
                0x0080a590                __floatunsisf
 .text          0x0080a650      0x504 c:/altera/12.0sp2/nios2eds/bin/gnu/h-i686-mingw32/bin/../lib/gcc/nios2-elf/4.1.2\libgcc.a(_addsub_df.o)
                0x0080aa60                __subdf3
                0x0080aae0                __adddf3
 .text          0x0080ab54      0x3c4 c:/altera/12.0sp2/nios2eds/bin/gnu/h-i686-mingw32/bin/../lib/gcc/nios2-elf/4.1.2\libgcc.a(_mul_df.o)
                0x0080ab54                __muldf3
 .text          0x0080af18       0xf8 c:/altera/12.0sp2/nios2eds/bin/gnu/h-i686-mingw32/bin/../lib/gcc/nios2-elf/4.1.2\libgcc.a(_si_to_df.o)
                0x0080af18                __floatsidf
 .text          0x0080b010       0xd8 c:/altera/12.0sp2/nios2eds/bin/gnu/h-i686-mingw32/bin/../lib/gcc/nios2-elf/4.1.2\libgcc.a(_df_to_si.o)
                0x0080b010                __fixdfsi
 .text          0x0080b0e8       0x38 c:/altera/12.0sp2/nios2eds/bin/gnu/h-i686-mingw32/bin/../lib/gcc/nios2-elf/4.1.2\libgcc.a(_make_df.o)
                0x0080b0e8                __make_dp
 .text          0x0080b120       0x74 c:/altera/12.0sp2/nios2eds/bin/gnu/h-i686-mingw32/bin/../lib/gcc/nios2-elf/4.1.2\libgcc.a(_df_to_sf.o)
                0x0080b120                __truncdfsf2
 .text          0x0080b194        0x0 c:/altera/12.0sp2/nios2eds/bin/gnu/h-i686-mingw32/bin/../lib/gcc/nios2-elf/4.1.2\libgcc.a(_thenan_df.o)
 .text          0x0080b194      0x14c c:/altera/12.0sp2/nios2eds/bin/gnu/h-i686-mingw32/bin/../lib/gcc/nios2-elf/4.1.2\libgcc.a(lib2-divmod.o)
                0x0080b210                __divsi3
                0x0080b270                __modsi3
                0x0080b2d0                __udivsi3
                0x0080b2d8                __umodsi3
 .text          0x0080b2e0        0x0 c:/altera/12.0sp2/nios2eds/bin/gnu/h-i686-mingw32/bin/../lib/gcc/nios2-elf/4.1.2\libgcc.a(lib2-divtable.o)
 .text          0x0080b2e0       0x98 c:/altera/12.0sp2/nios2eds/bin/gnu/h-i686-mingw32/bin/../lib/gcc/nios2-elf/4.1.2\libgcc.a(_muldi3.o)
                0x0080b2e0                __muldi3
 .text          0x0080b378       0x80 c:/altera/12.0sp2/nios2eds/bin/gnu/h-i686-mingw32/bin/../lib/gcc/nios2-elf/4.1.2\libgcc.a(_clzsi2.o)
                0x0080b378                __clzsi2
 .text          0x0080b3f8      0x160 c:/altera/12.0sp2/nios2eds/bin/gnu/h-i686-mingw32/bin/../lib/gcc/nios2-elf/4.1.2\libgcc.a(_pack_sf.o)
                0x0080b3f8                __pack_f
 .text          0x0080b558       0xc8 c:/altera/12.0sp2/nios2eds/bin/gnu/h-i686-mingw32/bin/../lib/gcc/nios2-elf/4.1.2\libgcc.a(_unpack_sf.o)
                0x0080b558                __unpack_f
 .text          0x0080b620       0xa8 c:/altera/12.0sp2/nios2eds/bin/gnu/h-i686-mingw32/bin/../lib/gcc/nios2-elf/4.1.2\libgcc.a(_fpcmp_parts_sf.o)
                0x0080b620                __fpcmp_parts_f
 .text          0x0080b6c8       0x2c c:/altera/12.0sp2/nios2eds/bin/gnu/h-i686-mingw32/bin/../lib/gcc/nios2-elf/4.1.2\libgcc.a(_make_sf.o)
                0x0080b6c8                __make_fp
 .text          0x0080b6f4      0x314 c:/altera/12.0sp2/nios2eds/bin/gnu/h-i686-mingw32/bin/../lib/gcc/nios2-elf/4.1.2\libgcc.a(_pack_df.o)
                0x0080b6f4                __pack_d
 .text          0x0080ba08      0x138 c:/altera/12.0sp2/nios2eds/bin/gnu/h-i686-mingw32/bin/../lib/gcc/nios2-elf/4.1.2\libgcc.a(_unpack_df.o)
                0x0080ba08                __unpack_d
 .text          0x0080bb40        0x0 c:/altera/12.0sp2/nios2eds/bin/gnu/h-i686-mingw32/bin/../lib/gcc/nios2-elf/4.1.2\libgcc.a(_clz.o)
 .text          0x0080bb40       0x18 c:/altera/12.0sp2/nios2eds/bin/gnu/h-i686-mingw32/bin/../lib/gcc/nios2-elf/4.1.2/../../../../nios2-elf/lib\libc.a(lib_a-atoi.o)
                0x0080bb40                _atoi_r
                0x0080bb4c                atoi
 .text          0x0080bb58       0x28 c:/altera/12.0sp2/nios2eds/bin/gnu/h-i686-mingw32/bin/../lib/gcc/nios2-elf/4.1.2/../../../../nios2-elf/lib\libc.a(lib_a-malloc.o)
                0x0080bb58                free
                0x0080bb6c                malloc
 .text          0x0080bb80      0x740 c:/altera/12.0sp2/nios2eds/bin/gnu/h-i686-mingw32/bin/../lib/gcc/nios2-elf/4.1.2/../../../../nios2-elf/lib\libc.a(lib_a-mallocr.o)
                0x0080bb80                _malloc_r
 .text          0x0080c2c0       0xa0 c:/altera/12.0sp2/nios2eds/bin/gnu/h-i686-mingw32/bin/../lib/gcc/nios2-elf/4.1.2/../../../../nios2-elf/lib\libc.a(lib_a-memcpy.o)
                0x0080c2c0                memcpy
 .text          0x0080c360       0x98 c:/altera/12.0sp2/nios2eds/bin/gnu/h-i686-mingw32/bin/../lib/gcc/nios2-elf/4.1.2/../../../../nios2-elf/lib\libc.a(lib_a-memset.o)
                0x0080c360                memset
 .text          0x0080c3f8       0x78 c:/altera/12.0sp2/nios2eds/bin/gnu/h-i686-mingw32/bin/../lib/gcc/nios2-elf/4.1.2/../../../../nios2-elf/lib\libc.a(lib_a-printf.o)
                0x0080c3f8                printf
                0x0080c43c                _printf_r
 .text          0x0080c470       0xb4 c:/altera/12.0sp2/nios2eds/bin/gnu/h-i686-mingw32/bin/../lib/gcc/nios2-elf/4.1.2/../../../../nios2-elf/lib\libc.a(lib_a-puts.o)
                0x0080c470                _puts_r
                0x0080c510                puts
 .text          0x0080c524       0x1c c:/altera/12.0sp2/nios2eds/bin/gnu/h-i686-mingw32/bin/../lib/gcc/nios2-elf/4.1.2/../../../../nios2-elf/lib\libc.a(lib_a-realloc.o)
                0x0080c524                realloc
 .text          0x0080c540      0x5f4 c:/altera/12.0sp2/nios2eds/bin/gnu/h-i686-mingw32/bin/../lib/gcc/nios2-elf/4.1.2/../../../../nios2-elf/lib\libc.a(lib_a-reallocr.o)
                0x0080c540                _realloc_r
 .text          0x0080cb34       0x70 c:/altera/12.0sp2/nios2eds/bin/gnu/h-i686-mingw32/bin/../lib/gcc/nios2-elf/4.1.2/../../../../nios2-elf/lib\libc.a(lib_a-sbrkr.o)
                0x0080cb34                _sbrk_r
 .text          0x0080cba4       0xd4 c:/altera/12.0sp2/nios2eds/bin/gnu/h-i686-mingw32/bin/../lib/gcc/nios2-elf/4.1.2/../../../../nios2-elf/lib\libc.a(lib_a-sprintf.o)
                0x0080cba4                sprintf
                0x0080cc18                _sprintf_r
 .text          0x0080cc78       0x90 c:/altera/12.0sp2/nios2eds/bin/gnu/h-i686-mingw32/bin/../lib/gcc/nios2-elf/4.1.2/../../../../nios2-elf/lib\libc.a(lib_a-strcat.o)
                0x0080cc78                strcat
 .text          0x0080cd08       0xbc c:/altera/12.0sp2/nios2eds/bin/gnu/h-i686-mingw32/bin/../lib/gcc/nios2-elf/4.1.2/../../../../nios2-elf/lib\libc.a(lib_a-strcmp.o)
                0x0080cd08                strcmp
 .text          0x0080cdc4       0x8c c:/altera/12.0sp2/nios2eds/bin/gnu/h-i686-mingw32/bin/../lib/gcc/nios2-elf/4.1.2/../../../../nios2-elf/lib\libc.a(lib_a-strcpy.o)
                0x0080cdc4                strcpy
 .text          0x0080ce50       0x74 c:/altera/12.0sp2/nios2eds/bin/gnu/h-i686-mingw32/bin/../lib/gcc/nios2-elf/4.1.2/../../../../nios2-elf/lib\libc.a(lib_a-strlen.o)
                0x0080ce50                strlen
 .text          0x0080cec4       0xb0 c:/altera/12.0sp2/nios2eds/bin/gnu/h-i686-mingw32/bin/../lib/gcc/nios2-elf/4.1.2/../../../../nios2-elf/lib\libc.a(lib_a-strncat.o)
                0x0080cec4                strncat
 .text          0x0080cf74       0xbc c:/altera/12.0sp2/nios2eds/bin/gnu/h-i686-mingw32/bin/../lib/gcc/nios2-elf/4.1.2/../../../../nios2-elf/lib\libc.a(lib_a-strncpy.o)
                0x0080cf74                strncpy
 .text          0x0080d030      0x794 c:/altera/12.0sp2/nios2eds/bin/gnu/h-i686-mingw32/bin/../lib/gcc/nios2-elf/4.1.2/../../../../nios2-elf/lib\libc.a(lib_a-strstr.o)
                0x0080d164                strstr
 .text          0x0080d7c4      0x268 c:/altera/12.0sp2/nios2eds/bin/gnu/h-i686-mingw32/bin/../lib/gcc/nios2-elf/4.1.2/../../../../nios2-elf/lib\libc.a(lib_a-strtol.o)
                0x0080d7c4                _strtol_r
                0x0080da08                strtol
 .text          0x0080da2c     0x1f28 c:/altera/12.0sp2/nios2eds/bin/gnu/h-i686-mingw32/bin/../lib/gcc/nios2-elf/4.1.2/../../../../nios2-elf/lib\libc.a(lib_a-vfprintf.o)
                0x0080da84                ___vfprintf_internal_r
                0x0080f930                __vfprintf_internal
 .text          0x0080f954      0x13c c:/altera/12.0sp2/nios2eds/bin/gnu/h-i686-mingw32/bin/../lib/gcc/nios2-elf/4.1.2/../../../../nios2-elf/lib\libc.a(lib_a-wsetup.o)
                0x0080f954                __swsetup_r
 .text          0x0080fa90        0x0 c:/altera/12.0sp2/nios2eds/bin/gnu/h-i686-mingw32/bin/../lib/gcc/nios2-elf/4.1.2/../../../../nios2-elf/lib\libc.a(lib_a-ctype_.o)
 .text          0x0080fa90     0x17cc c:/altera/12.0sp2/nios2eds/bin/gnu/h-i686-mingw32/bin/../lib/gcc/nios2-elf/4.1.2/../../../../nios2-elf/lib\libc.a(lib_a-dtoa.o)
                0x0080fca8                _dtoa_r
 .text          0x0081125c      0x230 c:/altera/12.0sp2/nios2eds/bin/gnu/h-i686-mingw32/bin/../lib/gcc/nios2-elf/4.1.2/../../../../nios2-elf/lib\libc.a(lib_a-fflush.o)
                0x0081125c                _fflush_r
                0x00811458                fflush
 .text          0x0081148c      0x2c0 c:/altera/12.0sp2/nios2eds/bin/gnu/h-i686-mingw32/bin/../lib/gcc/nios2-elf/4.1.2/../../../../nios2-elf/lib\libc.a(lib_a-findfp.o)
                0x008114e4                __sfp_lock_acquire
                0x008114e8                __sfp_lock_release
                0x008114ec                __sinit_lock_acquire
                0x008114f0                __sinit_lock_release
                0x008114f4                __sinit
                0x008115a8                __fp_unlock_all
                0x008115c0                __fp_lock_all
                0x008115d8                _cleanup_r
                0x008115e4                _cleanup
                0x008115f4                __sfmoreglue
                0x0081165c                __sfp
 .text          0x0081174c      0x440 c:/altera/12.0sp2/nios2eds/bin/gnu/h-i686-mingw32/bin/../lib/gcc/nios2-elf/4.1.2/../../../../nios2-elf/lib\libc.a(lib_a-freer.o)
                0x0081174c                _malloc_trim_r
                0x00811878                _free_r
 .text          0x00811b8c      0x49c c:/altera/12.0sp2/nios2eds/bin/gnu/h-i686-mingw32/bin/../lib/gcc/nios2-elf/4.1.2/../../../../nios2-elf/lib\libc.a(lib_a-fvwrite.o)
                0x00811b8c                __sfvwrite_r
 .text          0x00812028      0x180 c:/altera/12.0sp2/nios2eds/bin/gnu/h-i686-mingw32/bin/../lib/gcc/nios2-elf/4.1.2/../../../../nios2-elf/lib\libc.a(lib_a-fwalk.o)
                0x00812028                _fwalk_reent
                0x008120f0                _fwalk
 .text          0x008121a8        0x0 c:/altera/12.0sp2/nios2eds/bin/gnu/h-i686-mingw32/bin/../lib/gcc/nios2-elf/4.1.2/../../../../nios2-elf/lib\libc.a(lib_a-impure.o)
 .text          0x008121a8        0x0 c:/altera/12.0sp2/nios2eds/bin/gnu/h-i686-mingw32/bin/../lib/gcc/nios2-elf/4.1.2/../../../../nios2-elf/lib\libc.a(lib_a-int_errno.o)
 .text          0x008121a8       0xc4 c:/altera/12.0sp2/nios2eds/bin/gnu/h-i686-mingw32/bin/../lib/gcc/nios2-elf/4.1.2/../../../../nios2-elf/lib\libc.a(lib_a-locale.o)
                0x008121a8                __locale_charset
                0x008121b0                _localeconv_r
                0x008121bc                localeconv
                0x008121cc                _setlocale_r
                0x00812250                setlocale
 .text          0x0081226c      0x194 c:/altera/12.0sp2/nios2eds/bin/gnu/h-i686-mingw32/bin/../lib/gcc/nios2-elf/4.1.2/../../../../nios2-elf/lib\libc.a(lib_a-makebuf.o)
                0x0081226c                __smakebuf_r
 .text          0x00812400       0xe4 c:/altera/12.0sp2/nios2eds/bin/gnu/h-i686-mingw32/bin/../lib/gcc/nios2-elf/4.1.2/../../../../nios2-elf/lib\libc.a(lib_a-memchr.o)
                0x00812400                memchr
 .text          0x008124e4       0x74 c:/altera/12.0sp2/nios2eds/bin/gnu/h-i686-mingw32/bin/../lib/gcc/nios2-elf/4.1.2/../../../../nios2-elf/lib\libc.a(lib_a-memcmp.o)
                0x008124e4                memcmp
 .text          0x00812558       0xe0 c:/altera/12.0sp2/nios2eds/bin/gnu/h-i686-mingw32/bin/../lib/gcc/nios2-elf/4.1.2/../../../../nios2-elf/lib\libc.a(lib_a-memmove.o)
                0x00812558                memmove
 .text          0x00812638      0xff4 c:/altera/12.0sp2/nios2eds/bin/gnu/h-i686-mingw32/bin/../lib/gcc/nios2-elf/4.1.2/../../../../nios2-elf/lib\libc.a(lib_a-mprec.o)
                0x00812638                _Bfree
                0x00812660                __hi0bits
                0x008126d0                __lo0bits
                0x00812794                __mcmp
                0x008127f4                __ulp
                0x00812874                __b2d
                0x00812994                __ratio
                0x00812a44                _mprec_log10
                0x00812ad8                __copybits
                0x00812b30                __any_on
                0x00812bb8                _Balloc
                0x00812c74                __d2b
                0x00812df0                __mdiff
                0x00812f7c                __lshift
                0x008130c8                __multiply
                0x008132b0                __i2b
                0x008132ec                __multadd
                0x008133ec                __pow5mult
                0x0081350c                __s2b
 .text          0x0081362c       0x40 c:/altera/12.0sp2/nios2eds/bin/gnu/h-i686-mingw32/bin/../lib/gcc/nios2-elf/4.1.2/../../../../nios2-elf/lib\libc.a(lib_a-s_isinfd.o)
                0x0081362c                __isinfd
 .text          0x0081366c       0x30 c:/altera/12.0sp2/nios2eds/bin/gnu/h-i686-mingw32/bin/../lib/gcc/nios2-elf/4.1.2/../../../../nios2-elf/lib\libc.a(lib_a-s_isnand.o)
                0x0081366c                __isnand
 .text          0x0081369c      0x14c c:/altera/12.0sp2/nios2eds/bin/gnu/h-i686-mingw32/bin/../lib/gcc/nios2-elf/4.1.2/../../../../nios2-elf/lib\libc.a(lib_a-stdio.o)
                0x0081369c                __sclose
                0x008136a4                __sseek
                0x0081370c                __swrite
                0x00813788                __sread
 .text          0x008137e8       0xe0 c:/altera/12.0sp2/nios2eds/bin/gnu/h-i686-mingw32/bin/../lib/gcc/nios2-elf/4.1.2/../../../../nios2-elf/lib\libc.a(lib_a-strchr.o)
                0x008137e8                strchr
 .text          0x008138c8       0x78 c:/altera/12.0sp2/nios2eds/bin/gnu/h-i686-mingw32/bin/../lib/gcc/nios2-elf/4.1.2/../../../../nios2-elf/lib\libc.a(lib_a-writer.o)
                0x008138c8                _write_r
 .text          0x00813940       0xb4 c:/altera/12.0sp2/nios2eds/bin/gnu/h-i686-mingw32/bin/../lib/gcc/nios2-elf/4.1.2/../../../../nios2-elf/lib\libc.a(lib_a-callocr.o)
                0x00813940                _calloc_r
 .text          0x008139f4       0x70 c:/altera/12.0sp2/nios2eds/bin/gnu/h-i686-mingw32/bin/../lib/gcc/nios2-elf/4.1.2/../../../../nios2-elf/lib\libc.a(lib_a-closer.o)
                0x008139f4                _close_r
 .text          0x00813a64      0x124 c:/altera/12.0sp2/nios2eds/bin/gnu/h-i686-mingw32/bin/../lib/gcc/nios2-elf/4.1.2/../../../../nios2-elf/lib\libc.a(lib_a-fclose.o)
                0x00813a64                _fclose_r
                0x00813b74                fclose
 .text          0x00813b88       0x74 c:/altera/12.0sp2/nios2eds/bin/gnu/h-i686-mingw32/bin/../lib/gcc/nios2-elf/4.1.2/../../../../nios2-elf/lib\libc.a(lib_a-fstatr.o)
                0x00813b88                _fstat_r
 .text          0x00813bfc       0x70 c:/altera/12.0sp2/nios2eds/bin/gnu/h-i686-mingw32/bin/../lib/gcc/nios2-elf/4.1.2/../../../../nios2-elf/lib\libc.a(lib_a-isattyr.o)
                0x00813bfc                _isatty_r
 .text          0x00813c6c       0x78 c:/altera/12.0sp2/nios2eds/bin/gnu/h-i686-mingw32/bin/../lib/gcc/nios2-elf/4.1.2/../../../../nios2-elf/lib\libc.a(lib_a-lseekr.o)
                0x00813c6c                _lseek_r
 .text          0x00813ce4       0x78 c:/altera/12.0sp2/nios2eds/bin/gnu/h-i686-mingw32/bin/../lib/gcc/nios2-elf/4.1.2/../../../../nios2-elf/lib\libc.a(lib_a-readr.o)
                0x00813ce4                _read_r
 .text          0x00813d5c      0x5dc c:/altera/12.0sp2/nios2eds/bin/gnu/h-i686-mingw32/bin/../lib/gcc/nios2-elf/4.1.2\libgcc.a(_udivdi3.o)
                0x00813d5c                __udivdi3
 .text          0x00814338      0x5b0 c:/altera/12.0sp2/nios2eds/bin/gnu/h-i686-mingw32/bin/../lib/gcc/nios2-elf/4.1.2\libgcc.a(_umoddi3.o)
                0x00814338                __umoddi3
 .text          0x008148e8      0x258 c:/altera/12.0sp2/nios2eds/bin/gnu/h-i686-mingw32/bin/../lib/gcc/nios2-elf/4.1.2\libgcc.a(_div_df.o)
                0x008148e8                __divdf3
 .text          0x00814b40       0x88 c:/altera/12.0sp2/nios2eds/bin/gnu/h-i686-mingw32/bin/../lib/gcc/nios2-elf/4.1.2\libgcc.a(_eq_df.o)
                0x00814b40                __eqdf2
 .text          0x00814bc8       0x88 c:/altera/12.0sp2/nios2eds/bin/gnu/h-i686-mingw32/bin/../lib/gcc/nios2-elf/4.1.2\libgcc.a(_ne_df.o)
                0x00814bc8                __nedf2
 .text          0x00814c50       0x88 c:/altera/12.0sp2/nios2eds/bin/gnu/h-i686-mingw32/bin/../lib/gcc/nios2-elf/4.1.2\libgcc.a(_gt_df.o)
                0x00814c50                __gtdf2
 .text          0x00814cd8       0x88 c:/altera/12.0sp2/nios2eds/bin/gnu/h-i686-mingw32/bin/../lib/gcc/nios2-elf/4.1.2\libgcc.a(_ge_df.o)
                0x00814cd8                __gedf2
 .text          0x00814d60       0x88 c:/altera/12.0sp2/nios2eds/bin/gnu/h-i686-mingw32/bin/../lib/gcc/nios2-elf/4.1.2\libgcc.a(_lt_df.o)
                0x00814d60                __ltdf2
 .text          0x00814de8      0x194 c:/altera/12.0sp2/nios2eds/bin/gnu/h-i686-mingw32/bin/../lib/gcc/nios2-elf/4.1.2\libgcc.a(_usi_to_df.o)
                0x00814de8                __floatunsidf
 .text          0x00814f7c       0xc8 c:/altera/12.0sp2/nios2eds/bin/gnu/h-i686-mingw32/bin/../lib/gcc/nios2-elf/4.1.2\libgcc.a(_fpcmp_parts_df.o)
                0x00814f7c                __fpcmp_parts_d
 .text          0x00815044      0x154 ../StereoSystem_bsp/\libhal_bsp.a(alt_alarm_start.o)
                0x00815044                alt_alarm_start
 .text          0x00815198      0x15c ../StereoSystem_bsp/\libhal_bsp.a(alt_close.o)
                0x00815198                close
 .text          0x008152f4       0x2c ../StereoSystem_bsp/\libhal_bsp.a(alt_dev.o)
 .text          0x00815320        0x0 ../StereoSystem_bsp/\libhal_bsp.a(alt_errno.o)
 .text          0x00815320      0x134 ../StereoSystem_bsp/\libhal_bsp.a(alt_fstat.o)
                0x00815320                fstat
 .text          0x00815454      0x1c0 ../StereoSystem_bsp/\libhal_bsp.a(alt_irq_register.o)
                0x00815454                alt_irq_register
 .text          0x00815614        0x0 ../StereoSystem_bsp/\libhal_bsp.a(alt_irq_vars.o)
 .text          0x00815614      0x120 ../StereoSystem_bsp/\libhal_bsp.a(alt_isatty.o)
                0x00815614                isatty
 .text          0x00815734       0xec ../StereoSystem_bsp/\libhal_bsp.a(alt_load.o)
                0x00815734                alt_load
 .text          0x00815820      0x150 ../StereoSystem_bsp/\libhal_bsp.a(alt_lseek.o)
                0x00815820                lseek
 .text          0x00815970       0x6c ../StereoSystem_bsp/\libhal_bsp.a(alt_main.o)
                0x00815970                alt_main
 .text          0x008159dc       0x40 ../StereoSystem_bsp/\libhal_bsp.a(alt_malloc_lock.o)
                0x008159dc                __malloc_lock
                0x008159fc                __malloc_unlock
 .text          0x00815a1c      0x180 ../StereoSystem_bsp/\libhal_bsp.a(alt_read.o)
                0x00815a1c                read
 .text          0x00815b9c       0x60 ../StereoSystem_bsp/\libhal_bsp.a(alt_release_fd.o)
                0x00815b9c                alt_release_fd
 .text          0x00815bfc       0xbc ../StereoSystem_bsp/\libhal_bsp.a(alt_sbrk.o)
                0x00815bfc                sbrk
 .text          0x00815cb8      0x1a4 ../StereoSystem_bsp/\libhal_bsp.a(alt_tick.o)
                0x00815cb8                alt_alarm_stop
                0x00815d50                alt_tick
 .text          0x00815e5c      0x180 ../StereoSystem_bsp/\libhal_bsp.a(alt_write.o)
                0x00815e5c                write
 .text          0x00815fdc      0x3dc ../StereoSystem_bsp/\libhal_bsp.a(alt_sys_init.o)
                0x00815fdc                alt_irq_init
                0x00816010                alt_sys_init
 .text          0x008163b8      0x148 ../StereoSystem_bsp/\libhal_bsp.a(altera_avalon_jtag_uart_fd.o)
                0x008163b8                altera_avalon_jtag_uart_read_fd
                0x00816410                altera_avalon_jtag_uart_write_fd
                0x00816468                altera_avalon_jtag_uart_close_fd
                0x008164b0                altera_avalon_jtag_uart_ioctl_fd
 .text          0x00816500      0x408 ../StereoSystem_bsp/\libhal_bsp.a(altera_avalon_jtag_uart_init.o)
                0x00816500                altera_avalon_jtag_uart_init
                0x00816894                altera_avalon_jtag_uart_close
 .text          0x00816908       0xf4 ../StereoSystem_bsp/\libhal_bsp.a(altera_avalon_jtag_uart_ioctl.o)
                0x00816908                altera_avalon_jtag_uart_ioctl
 .text          0x008169fc      0x224 ../StereoSystem_bsp/\libhal_bsp.a(altera_avalon_jtag_uart_read.o)
                0x008169fc                altera_avalon_jtag_uart_read
 .text          0x00816c20      0x240 ../StereoSystem_bsp/\libhal_bsp.a(altera_avalon_jtag_uart_write.o)
                0x00816c20                altera_avalon_jtag_uart_write
 .text          0x00816e60       0xfc ../StereoSystem_bsp/\libhal_bsp.a(altera_avalon_timer_sc.o)
                0x00816ed4                alt_avalon_timer_sc_init
 .text          0x00816f5c      0x80c ../StereoSystem_bsp/\libhal_bsp.a(altera_up_avalon_audio.o)
                0x00816f5c                alt_up_audio_open_dev
                0x00816f9c                alt_up_audio_enable_read_interrupt
                0x00816fe8                alt_up_audio_disable_read_interrupt
                0x00817038                alt_up_audio_enable_write_interrupt
                0x00817084                alt_up_audio_disable_write_interrupt
                0x008170d4                alt_up_audio_read_interrupt_pending
                0x00817110                alt_up_audio_write_interrupt_pending
                0x0081714c                alt_up_audio_reset_audio_core
                0x008171d4                alt_up_audio_read_fifo_avail
                0x00817244                alt_up_audio_record_r
                0x008172b4                alt_up_audio_record_l
                0x00817324                alt_up_audio_write_fifo_space
                0x00817398                alt_up_audio_play_r
                0x00817408                alt_up_audio_play_l
                0x00817478                alt_up_audio_read_fifo
                0x0081757c                alt_up_audio_write_fifo
                0x008176a8                alt_up_audio_read_fifo_head
                0x00817708                alt_up_audio_write_fifo_head
 .text          0x00817768      0x788 ../StereoSystem_bsp/\libhal_bsp.a(altera_up_avalon_audio_and_video_config.o)
                0x00817768                alt_up_av_config_open_dev
                0x008177cc                alt_up_av_config_write_data
                0x00817830                alt_up_av_config_read_data
                0x008178bc                alt_up_av_config_reset
                0x008178f4                alt_up_av_config_enable_interrupt
                0x0081792c                alt_up_av_config_disable_interrupt
                0x0081795c                alt_up_av_config_read_acknowledge
                0x008179c4                alt_up_av_config_read_ready
                0x008179fc                alt_up_av_config_write_audio_cfg_register
                0x00817aa8                alt_up_av_config_read_video_cfg_register
                0x00817ba0                alt_up_av_config_write_video_cfg_register
                0x00817c98                alt_up_av_config_read_DC2_cfg_register
                0x00817cfc                alt_up_av_config_write_DC2_cfg_register
                0x00817d60                alt_up_av_config_read_D5M_cfg_register
                0x00817dc4                alt_up_av_config_write_D5M_cfg_register
                0x00817e28                alt_up_av_config_read_LTM_cfg_register
                0x00817e8c                alt_up_av_config_write_LTM_cfg_register
 .text          0x00817ef0      0x530 ../StereoSystem_bsp/\libhal_bsp.a(altera_up_avalon_character_lcd.o)
                0x00817ef0                get_DDRAM_addr
                0x00817f6c                alt_up_character_lcd_send_cmd
                0x00817fa0                alt_up_character_lcd_init
                0x00817fd4                alt_up_character_lcd_open_dev
                0x00818014                alt_up_character_lcd_write
                0x0081808c                alt_up_character_lcd_string
                0x00818104                alt_up_character_lcd_write_fd
                0x00818150                alt_up_character_lcd_set_cursor_pos
                0x008181c8                alt_up_character_lcd_shift_cursor
                0x00818278                alt_up_character_lcd_shift_display
                0x00818328                alt_up_character_lcd_erase_pos
                0x008183b8                alt_up_character_lcd_cursor_off
                0x008183ec                alt_up_character_lcd_cursor_blink_on
 .text          0x00818420      0x700 ../StereoSystem_bsp/\libhal_bsp.a(altera_up_avalon_ps2.o)
                0x00818420                read_RI_bit
                0x00818454                read_RE_bit
                0x00818484                read_CE_bit
                0x008184b8                read_num_bytes_available
                0x008184ec                read_data_valid
                0x00818520                read_data_byte
                0x0081854c                alt_up_ps2_init
                0x00818618                alt_up_ps2_enable_read_interrupt
                0x0081866c                alt_up_ps2_disable_read_interrupt
                0x008186c4                alt_up_ps2_write_data_byte
                0x0081873c                alt_up_ps2_wait_for_ack
                0x008187ac                alt_up_ps2_write_data_byte_with_ack
                0x00818818                alt_up_ps2_read_data_byte_timeout
                0x008188c8                alt_up_ps2_read_data_byte
                0x00818944                alt_up_ps2_clear_fifo
                0x0081899c                alt_up_ps2_read_fd
                0x00818a38                alt_up_ps2_write_fd
                0x00818ae0                alt_up_ps2_open_dev
 .text          0x00818b20      0x398 ../StereoSystem_bsp/\libhal_bsp.a(altera_up_avalon_rs232.o)
                0x00818b20                alt_up_rs232_enable_read_interrupt
                0x00818b74                alt_up_rs232_disable_read_interrupt
                0x00818bcc                alt_up_rs232_get_used_space_in_read_FIFO
                0x00818c08                alt_up_rs232_get_available_space_in_write_FIFO
                0x00818c48                alt_up_rs232_check_parity
                0x00818c98                alt_up_rs232_write_data
                0x00818ce0                alt_up_rs232_read_data
                0x00818d54                alt_up_rs232_read_fd
                0x00818de4                alt_up_rs232_write_fd
                0x00818e78                alt_up_rs232_open_dev
 .text          0x00818eb8      0x304 ../StereoSystem_bsp/\libhal_bsp.a(altera_up_avalon_video_character_buffer_with_dma.o)
                0x00818eb8                alt_up_char_buffer_init
                0x00818f3c                alt_up_char_buffer_open_dev
                0x00818f7c                alt_up_char_buffer_draw
                0x0081904c                alt_up_char_buffer_string
                0x00819160                alt_up_char_buffer_clear
 .text          0x008191bc     0x156c ../StereoSystem_bsp/\libhal_bsp.a(altera_up_avalon_video_pixel_buffer_dma.o)
                0x008191bc                alt_up_pixel_buffer_dma_open_dev
                0x008191fc                alt_up_pixel_buffer_dma_draw
                0x0081939c                alt_up_pixel_buffer_dma_change_back_buffer_address
                0x008193f4                alt_up_pixel_buffer_dma_swap_buffers
                0x0081944c                alt_up_pixel_buffer_dma_check_swap_buffers_status
                0x00819480                alt_up_pixel_buffer_dma_clear_screen
                0x008195e4                alt_up_pixel_buffer_dma_draw_box
                0x00819ad8                alt_up_pixel_buffer_dma_draw_hline
                0x00819e28                alt_up_pixel_buffer_dma_draw_vline
                0x0081a1f8                alt_up_pixel_buffer_dma_draw_rectangle
                0x0081a2bc                helper_plot_pixel
                0x0081a38c                alt_up_pixel_buffer_dma_draw_line
 .text          0x0081a728     0x45c0 ../StereoSystem_bsp/\libhal_bsp.a(altera_up_sd_card_avalon_interface.o)
                0x0081a728                Write_Sector_Data
                0x0081a7f0                Save_Modified_Sector
                0x0081a840                Read_Sector_Data
                0x0081a93c                get_cluster_flag
                0x0081a9f4                mark_cluster
                0x0081aad8                Check_for_Master_Boot_Record
                0x0081ac88                Read_File_Record_At_Offset
                0x0081af0c                Write_File_Record_At_Offset
                0x0081b1c4                Check_for_DOS_FAT
                0x0081b80c                Look_for_FAT16
                0x0081b910                filename_to_upper_case
                0x0081b9e0                check_file_name_for_FAT16_compliance
                0x0081bc70                get_dir_divider_location
                0x0081bd30                match_file_record_to_name_ext
                0x0081c01c                get_home_directory_cluster_for_file
                0x0081c530                find_file_in_directory
                0x0081c994                find_first_empty_cluster
                0x0081cb38                find_first_empty_record_in_a_subdirectory
                0x0081cd84                find_first_empty_record_in_root_directory
                0x0081ceb0                convert_filename_to_name_extension
                0x0081d068                create_file
                0x0081d33c                copy_file_record_name_to_string
                0x0081d490                alt_up_sd_card_open_dev
                0x0081d554                alt_up_sd_card_is_Present
                0x0081d61c                alt_up_sd_card_is_FAT16
                0x0081d690                alt_up_sd_card_find_first
                0x0081d764                alt_up_sd_card_find_next
                0x0081db14                alt_up_sd_card_fopen
                0x0081debc                alt_up_sd_card_set_attributes
                0x0081df4c                alt_up_sd_card_get_attributes
                0x0081dfd8                alt_up_sd_card_read
                0x0081e36c                alt_up_sd_card_write
                0x0081e990                alt_up_sd_card_fclose
                0x0081eb5c                Read_Sector_Data_CRC
                0x0081ec58                Read_Sector_Data_Attempt_CRC
 .text          0x0081ece8       0x44 ../StereoSystem_bsp/\libhal_bsp.a(alt_dcache_flush_all.o)
                0x0081ece8                alt_dcache_flush_all
 .text          0x0081ed2c      0x114 ../StereoSystem_bsp/\libhal_bsp.a(alt_dev_llist_insert.o)
                0x0081ed2c                alt_dev_llist_insert
 .text          0x0081ee40       0x64 ../StereoSystem_bsp/\libhal_bsp.a(alt_do_ctors.o)
                0x0081ee40                _do_ctors
 .text          0x0081eea4       0x64 ../StereoSystem_bsp/\libhal_bsp.a(alt_do_dtors.o)
                0x0081eea4                _do_dtors
 .text          0x0081ef08       0x94 ../StereoSystem_bsp/\libhal_bsp.a(alt_find_dev.o)
                0x0081ef08                alt_find_dev
 .text          0x0081ef9c       0x30 ../StereoSystem_bsp/\libhal_bsp.a(alt_icache_flush_all.o)
                0x0081ef9c                alt_icache_flush_all
 .text          0x0081efcc      0x13c ../StereoSystem_bsp/\libhal_bsp.a(alt_io_redirect.o)
                0x0081f090                alt_io_redirect
 .text          0x0081f108        0x0 ../StereoSystem_bsp/\libhal_bsp.a(alt_irq_entry.o)
 .text          0x0081f108        0x0 ../StereoSystem_bsp/\libhal_bsp.a(alt_irq_handler.o)
 .text          0x0081f108      0x2c4 ../StereoSystem_bsp/\libhal_bsp.a(alt_open.o)
                0x0081f1e4                open
 .text          0x0081f3cc       0x20 ../StereoSystem_bsp/\libhal_bsp.a(altera_nios2_qsys_irq.o)
                0x0081f3cc                altera_nios2_qsys_irq_init
 .text          0x0081f3ec        0x0 ../StereoSystem_bsp/\libhal_bsp.a(alt_exception_entry.o)
 .text          0x0081f3ec      0x120 ../StereoSystem_bsp/\libhal_bsp.a(alt_find_file.o)
                0x0081f3ec                alt_find_file
 .text          0x0081f50c       0xb8 ../StereoSystem_bsp/\libhal_bsp.a(alt_get_fd.o)
                0x0081f50c                alt_get_fd
 .text          0x0081f5c4       0x90 ../StereoSystem_bsp/\libhal_bsp.a(alt_icache_flush.o)
                0x0081f5c4                alt_icache_flush
 .text          0x0081f654       0x14 c:/altera/12.0sp2/nios2eds/bin/gnu/h-i686-mingw32/bin/../lib/gcc/nios2-elf/4.1.2/../../../../nios2-elf/lib\libc.a(lib_a-atexit.o)
                0x0081f654                atexit
 .text          0x0081f668       0x38 c:/altera/12.0sp2/nios2eds/bin/gnu/h-i686-mingw32/bin/../lib/gcc/nios2-elf/4.1.2/../../../../nios2-elf/lib\libc.a(lib_a-exit.o)
                0x0081f668                exit
 .text          0x0081f6a0      0x134 c:/altera/12.0sp2/nios2eds/bin/gnu/h-i686-mingw32/bin/../lib/gcc/nios2-elf/4.1.2/../../../../nios2-elf/lib\libc.a(lib_a-__atexit.o)
                0x0081f6a0                __register_exitproc
 .text          0x0081f7d4      0x1b4 c:/altera/12.0sp2/nios2eds/bin/gnu/h-i686-mingw32/bin/../lib/gcc/nios2-elf/4.1.2/../../../../nios2-elf/lib\libc.a(lib_a-__call_atexit.o)
                0x0081f7d8                __call_exitprocs
 .text          0x0081f988       0x60 ../StereoSystem_bsp/\libhal_bsp.a(alt_exit.o)
                0x0081f9c8                _exit
 *(.gnu.warning.*)
 *(.fini)
                0x0081f9e8                PROVIDE (__etext, ABSOLUTE (.))
                0x0081f9e8                PROVIDE (_etext, ABSOLUTE (.))
                0x0081f9e8                PROVIDE (etext, ABSOLUTE (.))
 *(.eh_frame_hdr)
                0x0081f9e8                . = ALIGN (0x4)
                0x0081f9e8                PROVIDE (__preinit_array_start, ABSOLUTE (.))
 *(.preinit_array)
                0x0081f9e8                PROVIDE (__preinit_array_end, ABSOLUTE (.))
                0x0081f9e8                PROVIDE (__init_array_start, ABSOLUTE (.))
 *(.init_array)
                0x0081f9e8                PROVIDE (__init_array_end, ABSOLUTE (.))
                0x0081f9e8                PROVIDE (__fini_array_start, ABSOLUTE (.))
 *(.fini_array)
                0x0081f9e8                PROVIDE (__fini_array_end, ABSOLUTE (.))
 *(.eh_frame)
 .eh_frame      0x0081f9e8       0x40 c:/altera/12.0sp2/nios2eds/bin/gnu/h-i686-mingw32/bin/../lib/gcc/nios2-elf/4.1.2\libgcc.a(_udivdi3.o)
 .eh_frame      0x0081fa28       0x2c c:/altera/12.0sp2/nios2eds/bin/gnu/h-i686-mingw32/bin/../lib/gcc/nios2-elf/4.1.2\libgcc.a(_umoddi3.o)
                                 0x40 (size before relaxing)
 *(.gcc_except_table)
 *(.dynamic)
                0x0081fa54                PROVIDE (__CTOR_LIST__, ABSOLUTE (.))
 *(.ctors)
 *(SORT(.ctors.*))
 .ctors.65535   0x0081fa54        0x4 c:/altera/12.0sp2/nios2eds/bin/gnu/h-i686-mingw32/bin/../lib/gcc/nios2-elf/4.1.2/../../../../nios2-elf/lib\libc.a(lib_a-__call_atexit.o)
                0x0081fa58                PROVIDE (__CTOR_END__, ABSOLUTE (.))
                0x0081fa58                PROVIDE (__DTOR_LIST__, ABSOLUTE (.))
 *(.dtors)
 *(SORT(.dtors.*))
                0x0081fa58                PROVIDE (__DTOR_END__, ABSOLUTE (.))
 *(.jcr)
                0x0081fa58                . = ALIGN (0x4)

.rodata         0x0081fa58     0x1274
                0x0081fa58                PROVIDE (__ram_rodata_start, ABSOLUTE (.))
                0x0081fa58                . = ALIGN (0x4)
 *(.rodata .rodata.* .gnu.linkonce.r.*)
 .rodata.str1.4
                0x0081fa58       0x67 obj/default/Button.o
                                 0x68 (size before relaxing)
 *fill*         0x0081fabf        0x1 00
 .rodata.str1.4
                0x0081fac0      0x205 obj/default/Command.o
                                0x208 (size before relaxing)
 *fill*         0x0081fcc5        0x3 00
 .rodata.str1.4
                0x0081fcc8        0x9 obj/default/Cursor.o
                                  0xc (size before relaxing)
 *fill*         0x0081fcd1        0x3 00
 .rodata.str1.4
                0x0081fcd4      0x390 obj/default/Database.o
                                0x398 (size before relaxing)
 .rodata.str1.4
                0x00820064       0x9a obj/default/Frame.o
                                 0x9c (size before relaxing)
 *fill*         0x008200fe        0x2 00
 .rodata.str1.4
                0x00820100       0xf2 obj/default/Graphic.o
                                 0xf4 (size before relaxing)
 *fill*         0x008201f2        0x2 00
 .rodata.str1.4
                0x008201f4       0x34 obj/default/ISR_vectors.o
 .rodata.str1.4
                0x00820228       0x30 obj/default/MemoryMgr.o
 .rodata.str1.4
                0x00820258       0x83 obj/default/Packet.o
                                 0x84 (size before relaxing)
 *fill*         0x008202db        0x1 00
 .rodata.str1.4
                0x008202dc       0x17 obj/default/Playlist.o
                                 0x18 (size before relaxing)
 *fill*         0x008202f3        0x1 00
 .rodata.str1.4
                0x008202f4       0x56 obj/default/Queue.o
                                 0x58 (size before relaxing)
 *fill*         0x0082034a        0x2 00
 .rodata.str1.4
                0x0082034c       0xc8 obj/default/RS232.o
 .rodata.str1.4
                0x00820414       0x3e obj/default/Range.o
                                 0x40 (size before relaxing)
 *fill*         0x00820452        0x2 00
 .rodata.str1.4
                0x00820454       0x81 obj/default/Song.o
                                 0xa0 (size before relaxing)
 *fill*         0x008204d5        0x3 00
 .rodata.str1.4
                0x008204d8       0x6e obj/default/StereoSystem.o
                                 0x98 (size before relaxing)
 *fill*         0x00820546        0x2 00
 .rodata.str1.4
                0x00820548       0x3e obj/default/TestBot.o
                                 0x40 (size before relaxing)
 *fill*         0x00820586        0x2 00
 .rodata.str1.4
                0x00820588       0x2b obj/default/sound/AudioDeviceController.o
                                 0x2c (size before relaxing)
 *fill*         0x008205b3        0x1 00
 .rodata.str1.4
                0x008205b4       0x87 obj/default/sound/Sound.o
                                 0x88 (size before relaxing)
 *fill*         0x0082063b        0x1 00
 .rodata        0x0082063c       0x10 c:/altera/12.0sp2/nios2eds/bin/gnu/h-i686-mingw32/bin/../lib/gcc/nios2-elf/4.1.2\libgcc.a(_thenan_sf.o)
                0x0082063c                __thenan_sf
 .rodata        0x0082064c       0x14 c:/altera/12.0sp2/nios2eds/bin/gnu/h-i686-mingw32/bin/../lib/gcc/nios2-elf/4.1.2\libgcc.a(_thenan_df.o)
                0x0082064c                __thenan_df
 .rodata        0x00820660      0x100 c:/altera/12.0sp2/nios2eds/bin/gnu/h-i686-mingw32/bin/../lib/gcc/nios2-elf/4.1.2\libgcc.a(_clz.o)
                0x00820660                __clz_tab
 .rodata.str1.4
                0x00000000       0x87 c:/altera/12.0sp2/nios2eds/bin/gnu/h-i686-mingw32/bin/../lib/gcc/nios2-elf/4.1.2/../../../../nios2-elf/lib\libc.a(lib_a-puts.o)
                                  0x4 (size before relaxing)
 .rodata.str1.4
                0x00820760       0x5a c:/altera/12.0sp2/nios2eds/bin/gnu/h-i686-mingw32/bin/../lib/gcc/nios2-elf/4.1.2/../../../../nios2-elf/lib\libc.a(lib_a-vfprintf.o)
                                 0x60 (size before relaxing)
 .rodata        0x008207ba       0x20 c:/altera/12.0sp2/nios2eds/bin/gnu/h-i686-mingw32/bin/../lib/gcc/nios2-elf/4.1.2/../../../../nios2-elf/lib\libc.a(lib_a-vfprintf.o)
 .rodata        0x008207da      0x281 c:/altera/12.0sp2/nios2eds/bin/gnu/h-i686-mingw32/bin/../lib/gcc/nios2-elf/4.1.2/../../../../nios2-elf/lib\libc.a(lib_a-ctype_.o)
                0x008207da                _ctype_
 *fill*         0x00820a5b        0x1 00
 .rodata.str1.4
                0x00820a5c       0x10 c:/altera/12.0sp2/nios2eds/bin/gnu/h-i686-mingw32/bin/../lib/gcc/nios2-elf/4.1.2/../../../../nios2-elf/lib\libc.a(lib_a-dtoa.o)
                                 0x14 (size before relaxing)
 .rodata.str1.4
                0x00820a6c        0x2 c:/altera/12.0sp2/nios2eds/bin/gnu/h-i686-mingw32/bin/../lib/gcc/nios2-elf/4.1.2/../../../../nios2-elf/lib\libc.a(lib_a-impure.o)
                                  0x4 (size before relaxing)
 *fill*         0x00820a6e        0x2 00
 .rodata.str1.4
                0x00820a70        0xc c:/altera/12.0sp2/nios2eds/bin/gnu/h-i686-mingw32/bin/../lib/gcc/nios2-elf/4.1.2/../../../../nios2-elf/lib\libc.a(lib_a-locale.o)
                                 0x18 (size before relaxing)
 .rodata        0x00820a7c       0x30 c:/altera/12.0sp2/nios2eds/bin/gnu/h-i686-mingw32/bin/../lib/gcc/nios2-elf/4.1.2/../../../../nios2-elf/lib\libc.a(lib_a-locale.o)
 .rodata        0x00820aac      0x124 c:/altera/12.0sp2/nios2eds/bin/gnu/h-i686-mingw32/bin/../lib/gcc/nios2-elf/4.1.2/../../../../nios2-elf/lib\libc.a(lib_a-mprec.o)
                0x00820aac                __mprec_tens
                0x00820b74                __mprec_bigtens
                0x00820b9c                __mprec_tinytens
 .rodata        0x00820bd0        0xc ../StereoSystem_bsp/\libhal_bsp.a(alt_dev.o)
 .rodata        0x00820bdc       0x10 ../StereoSystem_bsp/\libhal_bsp.a(alt_main.o)
 .rodata        0x00820bec       0xc4 ../StereoSystem_bsp/\libhal_bsp.a(alt_sys_init.o)
 .rodata        0x00820cb0       0x1c ../StereoSystem_bsp/\libhal_bsp.a(altera_up_avalon_video_character_buffer_with_dma.o)
 *(.rodata1)
                0x00820ccc                . = ALIGN (0x4)
                0x00820ccc                PROVIDE (__ram_rodata_end, ABSOLUTE (.))
                0x0081fa58                PROVIDE (__flash_rodata_start, LOADADDR (.rodata))

.rwdata         0x00820ccc     0x1d18 load address 0x008229e4
                0x00820ccc                PROVIDE (__ram_rwdata_start, ABSOLUTE (.))
                0x00820ccc                . = ALIGN (0x4)
 *(.got.plt)
 *(.got)
 *(.data1)
 *(.data .data.* .gnu.linkonce.d.*)
 .data          0x00820ccc        0x0 ../StereoSystem_bsp//obj/HAL/src/crt0.o
 .data          0x00820ccc        0x0 obj/default/Button.o
 .data          0x00820ccc        0x0 obj/default/Colder.o
 .data          0x00820ccc        0x0 obj/default/Command.o
 .data          0x00820ccc        0x0 obj/default/CommandScheduler.o
 .data          0x00820ccc        0x0 obj/default/Cursor.o
 .data          0x00820ccc        0x0 obj/default/Database.o
 .data          0x00820ccc        0x0 obj/default/Frame.o
 .data          0x00820ccc        0x0 obj/default/Graphic.o
 .data          0x00820ccc        0x0 obj/default/ISR_vectors.o
 .data          0x00820ccc        0x0 obj/default/MemoryMgr.o
 .data          0x00820ccc        0x0 obj/default/Object.o
 .data          0x00820ccc        0x0 obj/default/Packet.o
 .data          0x00820ccc        0x0 obj/default/Playlist.o
 .data          0x00820ccc        0x0 obj/default/PushKeyController.o
 .data          0x00820ccc        0x0 obj/default/Queue.o
 .data          0x00820ccc        0x0 obj/default/RS232.o
 .data          0x00820ccc        0x0 obj/default/Range.o
 .data          0x00820ccc        0x0 obj/default/Song.o
 .data          0x00820ccc        0x0 obj/default/StereoSystem.o
 .data          0x00820ccc        0x0 obj/default/TestBot.o
 .data          0x00820ccc        0x0 obj/default/sound/AudioDeviceController.o
 .data          0x00820ccc        0x0 obj/default/sound/Sound.o
 .data          0x00820ccc        0x0 obj/default/sound/SoundMixer.o
 .data          0x00820ccc        0x0 c:/altera/12.0sp2/nios2eds/bin/gnu/h-i686-mingw32/bin/../lib/gcc/nios2-elf/4.1.2\libgcc.a(_fixunssfsi.o)
 .data          0x00820ccc        0x0 c:/altera/12.0sp2/nios2eds/bin/gnu/h-i686-mingw32/bin/../lib/gcc/nios2-elf/4.1.2\libgcc.a(_addsub_sf.o)
 .data          0x00820ccc        0x0 c:/altera/12.0sp2/nios2eds/bin/gnu/h-i686-mingw32/bin/../lib/gcc/nios2-elf/4.1.2\libgcc.a(_mul_sf.o)
 .data          0x00820ccc        0x0 c:/altera/12.0sp2/nios2eds/bin/gnu/h-i686-mingw32/bin/../lib/gcc/nios2-elf/4.1.2\libgcc.a(_div_sf.o)
 .data          0x00820ccc        0x0 c:/altera/12.0sp2/nios2eds/bin/gnu/h-i686-mingw32/bin/../lib/gcc/nios2-elf/4.1.2\libgcc.a(_eq_sf.o)
 .data          0x00820ccc        0x0 c:/altera/12.0sp2/nios2eds/bin/gnu/h-i686-mingw32/bin/../lib/gcc/nios2-elf/4.1.2\libgcc.a(_gt_sf.o)
 .data          0x00820ccc        0x0 c:/altera/12.0sp2/nios2eds/bin/gnu/h-i686-mingw32/bin/../lib/gcc/nios2-elf/4.1.2\libgcc.a(_ge_sf.o)
 .data          0x00820ccc        0x0 c:/altera/12.0sp2/nios2eds/bin/gnu/h-i686-mingw32/bin/../lib/gcc/nios2-elf/4.1.2\libgcc.a(_si_to_sf.o)
 .data          0x00820ccc        0x0 c:/altera/12.0sp2/nios2eds/bin/gnu/h-i686-mingw32/bin/../lib/gcc/nios2-elf/4.1.2\libgcc.a(_sf_to_si.o)
 .data          0x00820ccc        0x0 c:/altera/12.0sp2/nios2eds/bin/gnu/h-i686-mingw32/bin/../lib/gcc/nios2-elf/4.1.2\libgcc.a(_sf_to_df.o)
 .data          0x00820ccc        0x0 c:/altera/12.0sp2/nios2eds/bin/gnu/h-i686-mingw32/bin/../lib/gcc/nios2-elf/4.1.2\libgcc.a(_thenan_sf.o)
 .data          0x00820ccc        0x0 c:/altera/12.0sp2/nios2eds/bin/gnu/h-i686-mingw32/bin/../lib/gcc/nios2-elf/4.1.2\libgcc.a(_usi_to_sf.o)
 .data          0x00820ccc        0x0 c:/altera/12.0sp2/nios2eds/bin/gnu/h-i686-mingw32/bin/../lib/gcc/nios2-elf/4.1.2\libgcc.a(_addsub_df.o)
 .data          0x00820ccc        0x0 c:/altera/12.0sp2/nios2eds/bin/gnu/h-i686-mingw32/bin/../lib/gcc/nios2-elf/4.1.2\libgcc.a(_mul_df.o)
 .data          0x00820ccc        0x0 c:/altera/12.0sp2/nios2eds/bin/gnu/h-i686-mingw32/bin/../lib/gcc/nios2-elf/4.1.2\libgcc.a(_si_to_df.o)
 .data          0x00820ccc        0x0 c:/altera/12.0sp2/nios2eds/bin/gnu/h-i686-mingw32/bin/../lib/gcc/nios2-elf/4.1.2\libgcc.a(_df_to_si.o)
 .data          0x00820ccc        0x0 c:/altera/12.0sp2/nios2eds/bin/gnu/h-i686-mingw32/bin/../lib/gcc/nios2-elf/4.1.2\libgcc.a(_make_df.o)
 .data          0x00820ccc        0x0 c:/altera/12.0sp2/nios2eds/bin/gnu/h-i686-mingw32/bin/../lib/gcc/nios2-elf/4.1.2\libgcc.a(_df_to_sf.o)
 .data          0x00820ccc        0x0 c:/altera/12.0sp2/nios2eds/bin/gnu/h-i686-mingw32/bin/../lib/gcc/nios2-elf/4.1.2\libgcc.a(_thenan_df.o)
 .data          0x00820ccc        0x0 c:/altera/12.0sp2/nios2eds/bin/gnu/h-i686-mingw32/bin/../lib/gcc/nios2-elf/4.1.2\libgcc.a(lib2-divmod.o)
 .data          0x00820ccc      0x100 c:/altera/12.0sp2/nios2eds/bin/gnu/h-i686-mingw32/bin/../lib/gcc/nios2-elf/4.1.2\libgcc.a(lib2-divtable.o)
                0x00820ccc                __divsi3_table
 .data          0x00820dcc        0x0 c:/altera/12.0sp2/nios2eds/bin/gnu/h-i686-mingw32/bin/../lib/gcc/nios2-elf/4.1.2\libgcc.a(_muldi3.o)
 .data          0x00820dcc        0x0 c:/altera/12.0sp2/nios2eds/bin/gnu/h-i686-mingw32/bin/../lib/gcc/nios2-elf/4.1.2\libgcc.a(_clzsi2.o)
 .data          0x00820dcc        0x0 c:/altera/12.0sp2/nios2eds/bin/gnu/h-i686-mingw32/bin/../lib/gcc/nios2-elf/4.1.2\libgcc.a(_pack_sf.o)
 .data          0x00820dcc        0x0 c:/altera/12.0sp2/nios2eds/bin/gnu/h-i686-mingw32/bin/../lib/gcc/nios2-elf/4.1.2\libgcc.a(_unpack_sf.o)
 .data          0x00820dcc        0x0 c:/altera/12.0sp2/nios2eds/bin/gnu/h-i686-mingw32/bin/../lib/gcc/nios2-elf/4.1.2\libgcc.a(_fpcmp_parts_sf.o)
 .data          0x00820dcc        0x0 c:/altera/12.0sp2/nios2eds/bin/gnu/h-i686-mingw32/bin/../lib/gcc/nios2-elf/4.1.2\libgcc.a(_make_sf.o)
 .data          0x00820dcc        0x0 c:/altera/12.0sp2/nios2eds/bin/gnu/h-i686-mingw32/bin/../lib/gcc/nios2-elf/4.1.2\libgcc.a(_pack_df.o)
 .data          0x00820dcc        0x0 c:/altera/12.0sp2/nios2eds/bin/gnu/h-i686-mingw32/bin/../lib/gcc/nios2-elf/4.1.2\libgcc.a(_unpack_df.o)
 .data          0x00820dcc        0x0 c:/altera/12.0sp2/nios2eds/bin/gnu/h-i686-mingw32/bin/../lib/gcc/nios2-elf/4.1.2\libgcc.a(_clz.o)
 .data          0x00820dcc        0x0 c:/altera/12.0sp2/nios2eds/bin/gnu/h-i686-mingw32/bin/../lib/gcc/nios2-elf/4.1.2/../../../../nios2-elf/lib\libc.a(lib_a-atoi.o)
 .data          0x00820dcc        0x0 c:/altera/12.0sp2/nios2eds/bin/gnu/h-i686-mingw32/bin/../lib/gcc/nios2-elf/4.1.2/../../../../nios2-elf/lib\libc.a(lib_a-malloc.o)
 .data          0x00820dcc      0x408 c:/altera/12.0sp2/nios2eds/bin/gnu/h-i686-mingw32/bin/../lib/gcc/nios2-elf/4.1.2/../../../../nios2-elf/lib\libc.a(lib_a-mallocr.o)
                0x00820dcc                __malloc_av_
 .data          0x008211d4        0x0 c:/altera/12.0sp2/nios2eds/bin/gnu/h-i686-mingw32/bin/../lib/gcc/nios2-elf/4.1.2/../../../../nios2-elf/lib\libc.a(lib_a-memcpy.o)
 .data          0x008211d4        0x0 c:/altera/12.0sp2/nios2eds/bin/gnu/h-i686-mingw32/bin/../lib/gcc/nios2-elf/4.1.2/../../../../nios2-elf/lib\libc.a(lib_a-memset.o)
 .data          0x008211d4        0x0 c:/altera/12.0sp2/nios2eds/bin/gnu/h-i686-mingw32/bin/../lib/gcc/nios2-elf/4.1.2/../../../../nios2-elf/lib\libc.a(lib_a-printf.o)
 .data          0x008211d4        0x0 c:/altera/12.0sp2/nios2eds/bin/gnu/h-i686-mingw32/bin/../lib/gcc/nios2-elf/4.1.2/../../../../nios2-elf/lib\libc.a(lib_a-puts.o)
 .data          0x008211d4        0x0 c:/altera/12.0sp2/nios2eds/bin/gnu/h-i686-mingw32/bin/../lib/gcc/nios2-elf/4.1.2/../../../../nios2-elf/lib\libc.a(lib_a-realloc.o)
 .data          0x008211d4        0x0 c:/altera/12.0sp2/nios2eds/bin/gnu/h-i686-mingw32/bin/../lib/gcc/nios2-elf/4.1.2/../../../../nios2-elf/lib\libc.a(lib_a-reallocr.o)
 .data          0x008211d4        0x0 c:/altera/12.0sp2/nios2eds/bin/gnu/h-i686-mingw32/bin/../lib/gcc/nios2-elf/4.1.2/../../../../nios2-elf/lib\libc.a(lib_a-sbrkr.o)
 .data          0x008211d4        0x0 c:/altera/12.0sp2/nios2eds/bin/gnu/h-i686-mingw32/bin/../lib/gcc/nios2-elf/4.1.2/../../../../nios2-elf/lib\libc.a(lib_a-sprintf.o)
 .data          0x008211d4        0x0 c:/altera/12.0sp2/nios2eds/bin/gnu/h-i686-mingw32/bin/../lib/gcc/nios2-elf/4.1.2/../../../../nios2-elf/lib\libc.a(lib_a-strcat.o)
 .data          0x008211d4        0x0 c:/altera/12.0sp2/nios2eds/bin/gnu/h-i686-mingw32/bin/../lib/gcc/nios2-elf/4.1.2/../../../../nios2-elf/lib\libc.a(lib_a-strcmp.o)
 .data          0x008211d4        0x0 c:/altera/12.0sp2/nios2eds/bin/gnu/h-i686-mingw32/bin/../lib/gcc/nios2-elf/4.1.2/../../../../nios2-elf/lib\libc.a(lib_a-strcpy.o)
 .data          0x008211d4        0x0 c:/altera/12.0sp2/nios2eds/bin/gnu/h-i686-mingw32/bin/../lib/gcc/nios2-elf/4.1.2/../../../../nios2-elf/lib\libc.a(lib_a-strlen.o)
 .data          0x008211d4        0x0 c:/altera/12.0sp2/nios2eds/bin/gnu/h-i686-mingw32/bin/../lib/gcc/nios2-elf/4.1.2/../../../../nios2-elf/lib\libc.a(lib_a-strncat.o)
 .data          0x008211d4        0x0 c:/altera/12.0sp2/nios2eds/bin/gnu/h-i686-mingw32/bin/../lib/gcc/nios2-elf/4.1.2/../../../../nios2-elf/lib\libc.a(lib_a-strncpy.o)
 .data          0x008211d4        0x0 c:/altera/12.0sp2/nios2eds/bin/gnu/h-i686-mingw32/bin/../lib/gcc/nios2-elf/4.1.2/../../../../nios2-elf/lib\libc.a(lib_a-strstr.o)
 .data          0x008211d4        0x0 c:/altera/12.0sp2/nios2eds/bin/gnu/h-i686-mingw32/bin/../lib/gcc/nios2-elf/4.1.2/../../../../nios2-elf/lib\libc.a(lib_a-strtol.o)
 .data          0x008211d4        0x0 c:/altera/12.0sp2/nios2eds/bin/gnu/h-i686-mingw32/bin/../lib/gcc/nios2-elf/4.1.2/../../../../nios2-elf/lib\libc.a(lib_a-vfprintf.o)
 .data          0x008211d4        0x0 c:/altera/12.0sp2/nios2eds/bin/gnu/h-i686-mingw32/bin/../lib/gcc/nios2-elf/4.1.2/../../../../nios2-elf/lib\libc.a(lib_a-wsetup.o)
 .data          0x008211d4        0x0 c:/altera/12.0sp2/nios2eds/bin/gnu/h-i686-mingw32/bin/../lib/gcc/nios2-elf/4.1.2/../../../../nios2-elf/lib\libc.a(lib_a-ctype_.o)
 .data          0x008211d4        0x0 c:/altera/12.0sp2/nios2eds/bin/gnu/h-i686-mingw32/bin/../lib/gcc/nios2-elf/4.1.2/../../../../nios2-elf/lib\libc.a(lib_a-dtoa.o)
 .data          0x008211d4        0x0 c:/altera/12.0sp2/nios2eds/bin/gnu/h-i686-mingw32/bin/../lib/gcc/nios2-elf/4.1.2/../../../../nios2-elf/lib\libc.a(lib_a-fflush.o)
 .data          0x008211d4        0x0 c:/altera/12.0sp2/nios2eds/bin/gnu/h-i686-mingw32/bin/../lib/gcc/nios2-elf/4.1.2/../../../../nios2-elf/lib\libc.a(lib_a-findfp.o)
 .data          0x008211d4        0x0 c:/altera/12.0sp2/nios2eds/bin/gnu/h-i686-mingw32/bin/../lib/gcc/nios2-elf/4.1.2/../../../../nios2-elf/lib\libc.a(lib_a-freer.o)
 .data          0x008211d4        0x0 c:/altera/12.0sp2/nios2eds/bin/gnu/h-i686-mingw32/bin/../lib/gcc/nios2-elf/4.1.2/../../../../nios2-elf/lib\libc.a(lib_a-fvwrite.o)
 .data          0x008211d4        0x0 c:/altera/12.0sp2/nios2eds/bin/gnu/h-i686-mingw32/bin/../lib/gcc/nios2-elf/4.1.2/../../../../nios2-elf/lib\libc.a(lib_a-fwalk.o)
 .data          0x008211d4      0x400 c:/altera/12.0sp2/nios2eds/bin/gnu/h-i686-mingw32/bin/../lib/gcc/nios2-elf/4.1.2/../../../../nios2-elf/lib\libc.a(lib_a-impure.o)
 .data          0x008215d4        0x0 c:/altera/12.0sp2/nios2eds/bin/gnu/h-i686-mingw32/bin/../lib/gcc/nios2-elf/4.1.2/../../../../nios2-elf/lib\libc.a(lib_a-int_errno.o)
 .data          0x008215d4        0xc c:/altera/12.0sp2/nios2eds/bin/gnu/h-i686-mingw32/bin/../lib/gcc/nios2-elf/4.1.2/../../../../nios2-elf/lib\libc.a(lib_a-locale.o)
                0x008215d4                __lc_ctype
 .data          0x008215e0        0x0 c:/altera/12.0sp2/nios2eds/bin/gnu/h-i686-mingw32/bin/../lib/gcc/nios2-elf/4.1.2/../../../../nios2-elf/lib\libc.a(lib_a-makebuf.o)
 .data          0x008215e0        0x0 c:/altera/12.0sp2/nios2eds/bin/gnu/h-i686-mingw32/bin/../lib/gcc/nios2-elf/4.1.2/../../../../nios2-elf/lib\libc.a(lib_a-memchr.o)
 .data          0x008215e0        0x0 c:/altera/12.0sp2/nios2eds/bin/gnu/h-i686-mingw32/bin/../lib/gcc/nios2-elf/4.1.2/../../../../nios2-elf/lib\libc.a(lib_a-memcmp.o)
 .data          0x008215e0        0x0 c:/altera/12.0sp2/nios2eds/bin/gnu/h-i686-mingw32/bin/../lib/gcc/nios2-elf/4.1.2/../../../../nios2-elf/lib\libc.a(lib_a-memmove.o)
 .data          0x008215e0        0x0 c:/altera/12.0sp2/nios2eds/bin/gnu/h-i686-mingw32/bin/../lib/gcc/nios2-elf/4.1.2/../../../../nios2-elf/lib\libc.a(lib_a-mprec.o)
 .data          0x008215e0        0x0 c:/altera/12.0sp2/nios2eds/bin/gnu/h-i686-mingw32/bin/../lib/gcc/nios2-elf/4.1.2/../../../../nios2-elf/lib\libc.a(lib_a-s_isinfd.o)
 .data          0x008215e0        0x0 c:/altera/12.0sp2/nios2eds/bin/gnu/h-i686-mingw32/bin/../lib/gcc/nios2-elf/4.1.2/../../../../nios2-elf/lib\libc.a(lib_a-s_isnand.o)
 .data          0x008215e0        0x0 c:/altera/12.0sp2/nios2eds/bin/gnu/h-i686-mingw32/bin/../lib/gcc/nios2-elf/4.1.2/../../../../nios2-elf/lib\libc.a(lib_a-stdio.o)
 .data          0x008215e0        0x0 c:/altera/12.0sp2/nios2eds/bin/gnu/h-i686-mingw32/bin/../lib/gcc/nios2-elf/4.1.2/../../../../nios2-elf/lib\libc.a(lib_a-strchr.o)
 .data          0x008215e0        0x0 c:/altera/12.0sp2/nios2eds/bin/gnu/h-i686-mingw32/bin/../lib/gcc/nios2-elf/4.1.2/../../../../nios2-elf/lib\libc.a(lib_a-writer.o)
 .data          0x008215e0        0x0 c:/altera/12.0sp2/nios2eds/bin/gnu/h-i686-mingw32/bin/../lib/gcc/nios2-elf/4.1.2/../../../../nios2-elf/lib\libc.a(lib_a-callocr.o)
 .data          0x008215e0        0x0 c:/altera/12.0sp2/nios2eds/bin/gnu/h-i686-mingw32/bin/../lib/gcc/nios2-elf/4.1.2/../../../../nios2-elf/lib\libc.a(lib_a-closer.o)
 .data          0x008215e0        0x0 c:/altera/12.0sp2/nios2eds/bin/gnu/h-i686-mingw32/bin/../lib/gcc/nios2-elf/4.1.2/../../../../nios2-elf/lib\libc.a(lib_a-fclose.o)
 .data          0x008215e0        0x0 c:/altera/12.0sp2/nios2eds/bin/gnu/h-i686-mingw32/bin/../lib/gcc/nios2-elf/4.1.2/../../../../nios2-elf/lib\libc.a(lib_a-fstatr.o)
 .data          0x008215e0        0x0 c:/altera/12.0sp2/nios2eds/bin/gnu/h-i686-mingw32/bin/../lib/gcc/nios2-elf/4.1.2/../../../../nios2-elf/lib\libc.a(lib_a-isattyr.o)
 .data          0x008215e0        0x0 c:/altera/12.0sp2/nios2eds/bin/gnu/h-i686-mingw32/bin/../lib/gcc/nios2-elf/4.1.2/../../../../nios2-elf/lib\libc.a(lib_a-lseekr.o)
 .data          0x008215e0        0x0 c:/altera/12.0sp2/nios2eds/bin/gnu/h-i686-mingw32/bin/../lib/gcc/nios2-elf/4.1.2/../../../../nios2-elf/lib\libc.a(lib_a-readr.o)
 .data          0x008215e0        0x0 c:/altera/12.0sp2/nios2eds/bin/gnu/h-i686-mingw32/bin/../lib/gcc/nios2-elf/4.1.2\libgcc.a(_udivdi3.o)
 .data          0x008215e0        0x0 c:/altera/12.0sp2/nios2eds/bin/gnu/h-i686-mingw32/bin/../lib/gcc/nios2-elf/4.1.2\libgcc.a(_umoddi3.o)
 .data          0x008215e0        0x0 c:/altera/12.0sp2/nios2eds/bin/gnu/h-i686-mingw32/bin/../lib/gcc/nios2-elf/4.1.2\libgcc.a(_div_df.o)
 .data          0x008215e0        0x0 c:/altera/12.0sp2/nios2eds/bin/gnu/h-i686-mingw32/bin/../lib/gcc/nios2-elf/4.1.2\libgcc.a(_eq_df.o)
 .data          0x008215e0        0x0 c:/altera/12.0sp2/nios2eds/bin/gnu/h-i686-mingw32/bin/../lib/gcc/nios2-elf/4.1.2\libgcc.a(_ne_df.o)
 .data          0x008215e0        0x0 c:/altera/12.0sp2/nios2eds/bin/gnu/h-i686-mingw32/bin/../lib/gcc/nios2-elf/4.1.2\libgcc.a(_gt_df.o)
 .data          0x008215e0        0x0 c:/altera/12.0sp2/nios2eds/bin/gnu/h-i686-mingw32/bin/../lib/gcc/nios2-elf/4.1.2\libgcc.a(_ge_df.o)
 .data          0x008215e0        0x0 c:/altera/12.0sp2/nios2eds/bin/gnu/h-i686-mingw32/bin/../lib/gcc/nios2-elf/4.1.2\libgcc.a(_lt_df.o)
 .data          0x008215e0        0x0 c:/altera/12.0sp2/nios2eds/bin/gnu/h-i686-mingw32/bin/../lib/gcc/nios2-elf/4.1.2\libgcc.a(_usi_to_df.o)
 .data          0x008215e0        0x0 c:/altera/12.0sp2/nios2eds/bin/gnu/h-i686-mingw32/bin/../lib/gcc/nios2-elf/4.1.2\libgcc.a(_fpcmp_parts_df.o)
 .data          0x008215e0        0x0 ../StereoSystem_bsp/\libhal_bsp.a(alt_alarm_start.o)
 .data          0x008215e0        0x0 ../StereoSystem_bsp/\libhal_bsp.a(alt_close.o)
 .data          0x008215e0      0x1a8 ../StereoSystem_bsp/\libhal_bsp.a(alt_dev.o)
                0x008215e0                alt_dev_null
                0x00821608                alt_fd_list
 .data          0x00821788        0x0 ../StereoSystem_bsp/\libhal_bsp.a(alt_errno.o)
 .data          0x00821788        0x0 ../StereoSystem_bsp/\libhal_bsp.a(alt_fstat.o)
 .data          0x00821788        0x0 ../StereoSystem_bsp/\libhal_bsp.a(alt_irq_register.o)
 .data          0x00821788        0x0 ../StereoSystem_bsp/\libhal_bsp.a(alt_irq_vars.o)
 .data          0x00821788        0x0 ../StereoSystem_bsp/\libhal_bsp.a(alt_isatty.o)
 .data          0x00821788        0x0 ../StereoSystem_bsp/\libhal_bsp.a(alt_load.o)
 .data          0x00821788        0x0 ../StereoSystem_bsp/\libhal_bsp.a(alt_lseek.o)
 .data          0x00821788        0x0 ../StereoSystem_bsp/\libhal_bsp.a(alt_main.o)
 .data          0x00821788        0x0 ../StereoSystem_bsp/\libhal_bsp.a(alt_malloc_lock.o)
 .data          0x00821788        0x0 ../StereoSystem_bsp/\libhal_bsp.a(alt_read.o)
 .data          0x00821788        0x0 ../StereoSystem_bsp/\libhal_bsp.a(alt_release_fd.o)
 .data          0x00821788        0x0 ../StereoSystem_bsp/\libhal_bsp.a(alt_sbrk.o)
 .data          0x00821788        0x0 ../StereoSystem_bsp/\libhal_bsp.a(alt_tick.o)
 .data          0x00821788        0x0 ../StereoSystem_bsp/\libhal_bsp.a(alt_write.o)
 .data          0x00821788     0x1218 ../StereoSystem_bsp/\libhal_bsp.a(alt_sys_init.o)
 .data          0x008229a0        0x0 ../StereoSystem_bsp/\libhal_bsp.a(altera_avalon_jtag_uart_fd.o)
 .data          0x008229a0        0x0 ../StereoSystem_bsp/\libhal_bsp.a(altera_avalon_jtag_uart_init.o)
 .data          0x008229a0        0x0 ../StereoSystem_bsp/\libhal_bsp.a(altera_avalon_jtag_uart_ioctl.o)
 .data          0x008229a0        0x0 ../StereoSystem_bsp/\libhal_bsp.a(altera_avalon_jtag_uart_read.o)
 .data          0x008229a0        0x0 ../StereoSystem_bsp/\libhal_bsp.a(altera_avalon_jtag_uart_write.o)
 .data          0x008229a0        0x0 ../StereoSystem_bsp/\libhal_bsp.a(altera_avalon_timer_sc.o)
 .data          0x008229a0        0x0 ../StereoSystem_bsp/\libhal_bsp.a(altera_up_avalon_audio.o)
 .data          0x008229a0        0x0 ../StereoSystem_bsp/\libhal_bsp.a(altera_up_avalon_audio_and_video_config.o)
 .data          0x008229a0        0x0 ../StereoSystem_bsp/\libhal_bsp.a(altera_up_avalon_character_lcd.o)
 .data          0x008229a0        0x0 ../StereoSystem_bsp/\libhal_bsp.a(altera_up_avalon_ps2.o)
 .data          0x008229a0        0x0 ../StereoSystem_bsp/\libhal_bsp.a(altera_up_avalon_rs232.o)
 .data          0x008229a0        0x0 ../StereoSystem_bsp/\libhal_bsp.a(altera_up_avalon_video_character_buffer_with_dma.o)
 .data          0x008229a0        0x0 ../StereoSystem_bsp/\libhal_bsp.a(altera_up_avalon_video_pixel_buffer_dma.o)
 .data          0x008229a0        0x0 ../StereoSystem_bsp/\libhal_bsp.a(altera_up_sd_card_avalon_interface.o)
 .data          0x008229a0        0x0 ../StereoSystem_bsp/\libhal_bsp.a(alt_dcache_flush_all.o)
 .data          0x008229a0        0x0 ../StereoSystem_bsp/\libhal_bsp.a(alt_dev_llist_insert.o)
 .data          0x008229a0        0x0 ../StereoSystem_bsp/\libhal_bsp.a(alt_do_ctors.o)
 .data          0x008229a0        0x0 ../StereoSystem_bsp/\libhal_bsp.a(alt_do_dtors.o)
 .data          0x008229a0        0x0 ../StereoSystem_bsp/\libhal_bsp.a(alt_find_dev.o)
 .data          0x008229a0        0x0 ../StereoSystem_bsp/\libhal_bsp.a(alt_icache_flush_all.o)
 .data          0x008229a0        0x0 ../StereoSystem_bsp/\libhal_bsp.a(alt_io_redirect.o)
 .data          0x008229a0        0x0 ../StereoSystem_bsp/\libhal_bsp.a(alt_irq_entry.o)
 .data          0x008229a0        0x0 ../StereoSystem_bsp/\libhal_bsp.a(alt_irq_handler.o)
 .data          0x008229a0        0x0 ../StereoSystem_bsp/\libhal_bsp.a(alt_open.o)
 .data          0x008229a0        0x0 ../StereoSystem_bsp/\libhal_bsp.a(altera_nios2_qsys_irq.o)
 .data          0x008229a0        0x0 ../StereoSystem_bsp/\libhal_bsp.a(alt_exception_entry.o)
 .data          0x008229a0        0x0 ../StereoSystem_bsp/\libhal_bsp.a(alt_find_file.o)
 .data          0x008229a0        0x0 ../StereoSystem_bsp/\libhal_bsp.a(alt_get_fd.o)
 .data          0x008229a0        0x0 ../StereoSystem_bsp/\libhal_bsp.a(alt_icache_flush.o)
 .data          0x008229a0        0x0 c:/altera/12.0sp2/nios2eds/bin/gnu/h-i686-mingw32/bin/../lib/gcc/nios2-elf/4.1.2/../../../../nios2-elf/lib\libc.a(lib_a-atexit.o)
 .data          0x008229a0        0x0 c:/altera/12.0sp2/nios2eds/bin/gnu/h-i686-mingw32/bin/../lib/gcc/nios2-elf/4.1.2/../../../../nios2-elf/lib\libc.a(lib_a-exit.o)
 .data          0x008229a0        0x0 c:/altera/12.0sp2/nios2eds/bin/gnu/h-i686-mingw32/bin/../lib/gcc/nios2-elf/4.1.2/../../../../nios2-elf/lib\libc.a(lib_a-__atexit.o)
 .data          0x008229a0        0x0 c:/altera/12.0sp2/nios2eds/bin/gnu/h-i686-mingw32/bin/../lib/gcc/nios2-elf/4.1.2/../../../../nios2-elf/lib\libc.a(lib_a-__call_atexit.o)
 .data          0x008229a0        0x0 ../StereoSystem_bsp/\libhal_bsp.a(alt_exit.o)
                0x0082a9a0                _gp = ABSOLUTE ((. + 0x8000))
                0x0082a9a0                PROVIDE (gp, _gp)
 *(.rwdata .rwdata.*)
 *(.sdata .sdata.* .gnu.linkonce.s.*)
 .sdata         0x008229a0        0x8 c:/altera/12.0sp2/nios2eds/bin/gnu/h-i686-mingw32/bin/../lib/gcc/nios2-elf/4.1.2/../../../../nios2-elf/lib\libc.a(lib_a-mallocr.o)
                0x008229a0                __malloc_trim_threshold
                0x008229a4                __malloc_sbrk_base
 .sdata         0x008229a8        0x4 c:/altera/12.0sp2/nios2eds/bin/gnu/h-i686-mingw32/bin/../lib/gcc/nios2-elf/4.1.2/../../../../nios2-elf/lib\libc.a(lib_a-ctype_.o)
                0x008229a8                __ctype_ptr
 .sdata         0x008229ac        0x8 c:/altera/12.0sp2/nios2eds/bin/gnu/h-i686-mingw32/bin/../lib/gcc/nios2-elf/4.1.2/../../../../nios2-elf/lib\libc.a(lib_a-impure.o)
                0x008229ac                _impure_ptr
                0x008229b0                _global_impure_ptr
 .sdata         0x008229b4        0x8 c:/altera/12.0sp2/nios2eds/bin/gnu/h-i686-mingw32/bin/../lib/gcc/nios2-elf/4.1.2/../../../../nios2-elf/lib\libc.a(lib_a-locale.o)
                0x008229b4                __mb_cur_max
 .sdata         0x008229bc       0x14 ../StereoSystem_bsp/\libhal_bsp.a(alt_dev.o)
                0x008229bc                alt_fs_list
                0x008229c4                alt_dev_list
                0x008229cc                alt_max_fd
 .sdata         0x008229d0        0x4 ../StereoSystem_bsp/\libhal_bsp.a(alt_errno.o)
                0x008229d0                alt_errno
 .sdata         0x008229d4        0x4 ../StereoSystem_bsp/\libhal_bsp.a(alt_irq_vars.o)
                0x008229d4                alt_priority_mask
 .sdata         0x008229d8        0x4 ../StereoSystem_bsp/\libhal_bsp.a(alt_sbrk.o)
 .sdata         0x008229dc        0x8 ../StereoSystem_bsp/\libhal_bsp.a(alt_tick.o)
                0x008229dc                alt_alarm_list
 *(.sdata2 .sdata2.* .gnu.linkonce.s2.*)
                0x008229e4                . = ALIGN (0x4)
                0x008229e4                _edata = ABSOLUTE (.)
                0x008229e4                PROVIDE (edata, ABSOLUTE (.))
                0x008229e4                PROVIDE (__ram_rwdata_end, ABSOLUTE (.))
                0x008229e4                PROVIDE (__flash_rwdata_start, LOADADDR (.rwdata))

.bss            0x008246fc     0xadc0
                0x008246fc                __bss_start = ABSOLUTE (.)
                0x008246fc                PROVIDE (__sbss_start, ABSOLUTE (.))
                0x008246fc                PROVIDE (___sbss_start, ABSOLUTE (.))
 *(.dynsbss)
 *(.sbss .sbss.* .gnu.linkonce.sb.*)
 .sbss          0x008246fc        0xc obj/default/Button.o
                0x008246fc                song_id_lock
                0x00824700                soundMixer
                0x00824704                SDIO_lock
 .sbss          0x00824708        0x8 obj/default/Graphic.o
                0x00824708                char_buffer
                0x0082470c                pixel_buffer
 .sbss          0x00824710        0x4 obj/default/Queue.o
                0x00824710                queue_lock
 .sbss          0x00824714        0xc c:/altera/12.0sp2/nios2eds/bin/gnu/h-i686-mingw32/bin/../lib/gcc/nios2-elf/4.1.2/../../../../nios2-elf/lib\libc.a(lib_a-mallocr.o)
                0x00824714                __malloc_top_pad
                0x00824718                __malloc_max_sbrked_mem
                0x0082471c                __malloc_max_total_mem
 .sbss          0x00824720        0x4 c:/altera/12.0sp2/nios2eds/bin/gnu/h-i686-mingw32/bin/../lib/gcc/nios2-elf/4.1.2/../../../../nios2-elf/lib\libc.a(lib_a-int_errno.o)
                0x00824720                errno
 .sbss          0x00824724        0xc c:/altera/12.0sp2/nios2eds/bin/gnu/h-i686-mingw32/bin/../lib/gcc/nios2-elf/4.1.2/../../../../nios2-elf/lib\libc.a(lib_a-locale.o)
                0x00824724                __nlocale_changed
                0x00824728                __mlocale_changed
                0x0082472c                _PathLocale
 .sbss          0x00824730        0x4 ../StereoSystem_bsp/\libhal_bsp.a(alt_irq_vars.o)
                0x00824730                alt_irq_active
 .sbss          0x00824734        0xc ../StereoSystem_bsp/\libhal_bsp.a(alt_main.o)
                0x00824734                alt_argc
                0x00824738                alt_argv
                0x0082473c                alt_envp
 .sbss          0x00824740        0x8 ../StereoSystem_bsp/\libhal_bsp.a(alt_tick.o)
                0x00824740                _alt_tick_rate
                0x00824744                _alt_nticks
 .sbss          0x00824748       0x34 ../StereoSystem_bsp/\libhal_bsp.a(altera_up_sd_card_avalon_interface.o)
                0x00824748                initialized
                0x0082474c                is_sd_card_formated_as_FAT16
                0x00824750                aux_status_register
                0x00824754                status_register
                0x00824758                CSD_register_w0
                0x0082475c                command_register
                0x00824760                command_argument_register
                0x00824764                buffer_memory
                0x00824768                fat_partition_offset_in_512_byte_sectors
                0x0082476c                fat_partition_size_in_512_byte_sectors
                0x00824770                device_pointer
                0x00824774                current_sector_modified
                0x00824778                current_sector_index
 *(.sbss2 .sbss2.* .gnu.linkonce.sb2.*)
 *(.scommon)
                0x0082477c                PROVIDE (__sbss_end, ABSOLUTE (.))
                0x0082477c                PROVIDE (___sbss_end, ABSOLUTE (.))
 *(.dynbss)
 *(.bss .bss.* .gnu.linkonce.b.*)
 .bss           0x0082477c        0x0 ../StereoSystem_bsp//obj/HAL/src/crt0.o
 .bss           0x0082477c        0x0 obj/default/Button.o
 .bss           0x0082477c        0x0 obj/default/Colder.o
 .bss           0x0082477c        0x0 obj/default/Command.o
 .bss           0x0082477c        0x0 obj/default/CommandScheduler.o
 .bss           0x0082477c        0x0 obj/default/Cursor.o
 .bss           0x0082477c        0x0 obj/default/Database.o
 .bss           0x0082477c        0x0 obj/default/Frame.o
 .bss           0x0082477c        0x0 obj/default/Graphic.o
 .bss           0x0082477c        0x0 obj/default/ISR_vectors.o
 .bss           0x0082477c        0x0 obj/default/MemoryMgr.o
 .bss           0x0082477c        0x0 obj/default/Object.o
 .bss           0x0082477c        0x0 obj/default/Packet.o
 .bss           0x0082477c        0x0 obj/default/Playlist.o
 .bss           0x0082477c        0x0 obj/default/PushKeyController.o
 .bss           0x0082477c        0x0 obj/default/Queue.o
 .bss           0x0082477c        0x0 obj/default/RS232.o
 .bss           0x0082477c        0x0 obj/default/Range.o
 .bss           0x0082477c        0x0 obj/default/Song.o
 .bss           0x0082477c        0x0 obj/default/StereoSystem.o
 .bss           0x0082477c        0x0 obj/default/TestBot.o
 .bss           0x0082477c        0x0 obj/default/sound/AudioDeviceController.o
 .bss           0x0082477c        0x0 obj/default/sound/Sound.o
 .bss           0x0082477c        0x0 obj/default/sound/SoundMixer.o
 .bss           0x0082477c        0x0 c:/altera/12.0sp2/nios2eds/bin/gnu/h-i686-mingw32/bin/../lib/gcc/nios2-elf/4.1.2\libgcc.a(_fixunssfsi.o)
 .bss           0x0082477c        0x0 c:/altera/12.0sp2/nios2eds/bin/gnu/h-i686-mingw32/bin/../lib/gcc/nios2-elf/4.1.2\libgcc.a(_addsub_sf.o)
 .bss           0x0082477c        0x0 c:/altera/12.0sp2/nios2eds/bin/gnu/h-i686-mingw32/bin/../lib/gcc/nios2-elf/4.1.2\libgcc.a(_mul_sf.o)