Archive member included because of file (symbol)

c:/altera/12.0sp2/nios2eds/bin/gnu/h-i686-mingw32/bin/../lib/gcc/nios2-elf/4.1.2/../../../../nios2-elf/lib\libm.a(lib_a-s_cos.o)
                              obj/default/DSP/PhaseVocoder.o (cos)
c:/altera/12.0sp2/nios2eds/bin/gnu/h-i686-mingw32/bin/../lib/gcc/nios2-elf/4.1.2/../../../../nios2-elf/lib\libm.a(lib_a-s_sin.o)
                              obj/default/DSP/PhaseVocoder.o (sin)
c:/altera/12.0sp2/nios2eds/bin/gnu/h-i686-mingw32/bin/../lib/gcc/nios2-elf/4.1.2/../../../../nios2-elf/lib\libm.a(lib_a-w_atan2.o)
                              obj/default/DSP/PhaseVocoder.o (atan2)
c:/altera/12.0sp2/nios2eds/bin/gnu/h-i686-mingw32/bin/../lib/gcc/nios2-elf/4.1.2/../../../../nios2-elf/lib\libm.a(lib_a-w_log.o)
                              obj/default/DSP/fft.o (log)
c:/altera/12.0sp2/nios2eds/bin/gnu/h-i686-mingw32/bin/../lib/gcc/nios2-elf/4.1.2/../../../../nios2-elf/lib\libm.a(lib_a-w_sqrt.o)
                              obj/default/DSP/PhaseVocoder.o (sqrt)
c:/altera/12.0sp2/nios2eds/bin/gnu/h-i686-mingw32/bin/../lib/gcc/nios2-elf/4.1.2/../../../../nios2-elf/lib\libm.a(lib_a-e_atan2.o)
                              c:/altera/12.0sp2/nios2eds/bin/gnu/h-i686-mingw32/bin/../lib/gcc/nios2-elf/4.1.2/../../../../nios2-elf/lib\libm.a(lib_a-w_atan2.o) (__ieee754_atan2)
c:/altera/12.0sp2/nios2eds/bin/gnu/h-i686-mingw32/bin/../lib/gcc/nios2-elf/4.1.2/../../../../nios2-elf/lib\libm.a(lib_a-e_log.o)
                              c:/altera/12.0sp2/nios2eds/bin/gnu/h-i686-mingw32/bin/../lib/gcc/nios2-elf/4.1.2/../../../../nios2-elf/lib\libm.a(lib_a-w_log.o) (__ieee754_log)
c:/altera/12.0sp2/nios2eds/bin/gnu/h-i686-mingw32/bin/../lib/gcc/nios2-elf/4.1.2/../../../../nios2-elf/lib\libm.a(lib_a-e_rem_pio2.o)
                              c:/altera/12.0sp2/nios2eds/bin/gnu/h-i686-mingw32/bin/../lib/gcc/nios2-elf/4.1.2/../../../../nios2-elf/lib\libm.a(lib_a-s_cos.o) (__ieee754_rem_pio2)
c:/altera/12.0sp2/nios2eds/bin/gnu/h-i686-mingw32/bin/../lib/gcc/nios2-elf/4.1.2/../../../../nios2-elf/lib\libm.a(lib_a-e_sqrt.o)
                              c:/altera/12.0sp2/nios2eds/bin/gnu/h-i686-mingw32/bin/../lib/gcc/nios2-elf/4.1.2/../../../../nios2-elf/lib\libm.a(lib_a-w_sqrt.o) (__ieee754_sqrt)
c:/altera/12.0sp2/nios2eds/bin/gnu/h-i686-mingw32/bin/../lib/gcc/nios2-elf/4.1.2/../../../../nios2-elf/lib\libm.a(lib_a-k_cos.o)
                              c:/altera/12.0sp2/nios2eds/bin/gnu/h-i686-mingw32/bin/../lib/gcc/nios2-elf/4.1.2/../../../../nios2-elf/lib\libm.a(lib_a-s_cos.o) (__kernel_cos)
c:/altera/12.0sp2/nios2eds/bin/gnu/h-i686-mingw32/bin/../lib/gcc/nios2-elf/4.1.2/../../../../nios2-elf/lib\libm.a(lib_a-k_rem_pio2.o)
                              c:/altera/12.0sp2/nios2eds/bin/gnu/h-i686-mingw32/bin/../lib/gcc/nios2-elf/4.1.2/../../../../nios2-elf/lib\libm.a(lib_a-e_rem_pio2.o) (__kernel_rem_pio2)
c:/altera/12.0sp2/nios2eds/bin/gnu/h-i686-mingw32/bin/../lib/gcc/nios2-elf/4.1.2/../../../../nios2-elf/lib\libm.a(lib_a-k_sin.o)
                              c:/altera/12.0sp2/nios2eds/bin/gnu/h-i686-mingw32/bin/../lib/gcc/nios2-elf/4.1.2/../../../../nios2-elf/lib\libm.a(lib_a-s_cos.o) (__kernel_sin)
c:/altera/12.0sp2/nios2eds/bin/gnu/h-i686-mingw32/bin/../lib/gcc/nios2-elf/4.1.2/../../../../nios2-elf/lib\libm.a(lib_a-s_atan.o)
                              c:/altera/12.0sp2/nios2eds/bin/gnu/h-i686-mingw32/bin/../lib/gcc/nios2-elf/4.1.2/../../../../nios2-elf/lib\libm.a(lib_a-e_atan2.o) (atan)
c:/altera/12.0sp2/nios2eds/bin/gnu/h-i686-mingw32/bin/../lib/gcc/nios2-elf/4.1.2/../../../../nios2-elf/lib\libm.a(lib_a-s_fabs.o)
                              c:/altera/12.0sp2/nios2eds/bin/gnu/h-i686-mingw32/bin/../lib/gcc/nios2-elf/4.1.2/../../../../nios2-elf/lib\libm.a(lib_a-e_atan2.o) (fabs)
c:/altera/12.0sp2/nios2eds/bin/gnu/h-i686-mingw32/bin/../lib/gcc/nios2-elf/4.1.2/../../../../nios2-elf/lib\libm.a(lib_a-s_floor.o)
                              c:/altera/12.0sp2/nios2eds/bin/gnu/h-i686-mingw32/bin/../lib/gcc/nios2-elf/4.1.2/../../../../nios2-elf/lib\libm.a(lib_a-k_rem_pio2.o) (floor)
c:/altera/12.0sp2/nios2eds/bin/gnu/h-i686-mingw32/bin/../lib/gcc/nios2-elf/4.1.2/../../../../nios2-elf/lib\libm.a(lib_a-s_isnand.o)
                              c:/altera/12.0sp2/nios2eds/bin/gnu/h-i686-mingw32/bin/../lib/gcc/nios2-elf/4.1.2/../../../../nios2-elf/lib\libm.a(lib_a-w_log.o) (__isnand)
c:/altera/12.0sp2/nios2eds/bin/gnu/h-i686-mingw32/bin/../lib/gcc/nios2-elf/4.1.2/../../../../nios2-elf/lib\libm.a(lib_a-s_lib_ver.o)
                              c:/altera/12.0sp2/nios2eds/bin/gnu/h-i686-mingw32/bin/../lib/gcc/nios2-elf/4.1.2/../../../../nios2-elf/lib\libm.a(lib_a-w_log.o) (__fdlib_version)
c:/altera/12.0sp2/nios2eds/bin/gnu/h-i686-mingw32/bin/../lib/gcc/nios2-elf/4.1.2/../../../../nios2-elf/lib\libm.a(lib_a-s_matherr.o)
                              c:/altera/12.0sp2/nios2eds/bin/gnu/h-i686-mingw32/bin/../lib/gcc/nios2-elf/4.1.2/../../../../nios2-elf/lib\libm.a(lib_a-w_log.o) (matherr)
[...]
Memory Configuration

Name             Origin             Length             Attributes
reset            0x00800000         0x00000020
sdram            0x00800020         0x007fffe0
*default*        0x00000000         0xffffffff

Linker script and memory map

LOAD ../StereoSystem_bsp//obj/HAL/src/crt0.o
LOAD obj/default/Button.o
LOAD obj/default/Colder.o
LOAD obj/default/Command.o
LOAD obj/default/CommandScheduler.o
LOAD obj/default/Cursor.o
LOAD obj/default/DSP/PhaseVocoder.o
LOAD obj/default/DSP/fft.o
LOAD obj/default/Database.o
LOAD obj/default/Frame.o
LOAD obj/default/Graphic.o
LOAD obj/default/ISR_vectors.o
LOAD obj/default/MemoryMgr.o
LOAD obj/default/Object.o
LOAD obj/default/Packet.o
LOAD obj/default/Playlist.o
LOAD obj/default/PushKeyController.o
LOAD obj/default/Queue.o
LOAD obj/default/RS232.o
LOAD obj/default/Range.o
LOAD obj/default/Song.o
LOAD obj/default/StereoSystem.o
LOAD obj/default/TestBot.o
LOAD obj/default/libMAD/bit.o
LOAD obj/default/libMAD/decoder.o
LOAD obj/default/libMAD/frame.o
LOAD obj/default/libMAD/huffman.o
LOAD obj/default/libMAD/layer12.o
LOAD obj/default/libMAD/layer3.o
LOAD obj/default/libMAD/stream.o
LOAD obj/default/libMAD/synth.o
LOAD obj/default/libMAD/timer.o
LOAD obj/default/sound/AudioDeviceController.o
LOAD obj/default/sound/AudioFormat.o
LOAD obj/default/sound/Sound.o
LOAD obj/default/sound/SoundMixer.o
LOAD c:/altera/12.0sp2/nios2eds/bin/gnu/h-i686-mingw32/bin/../lib/gcc/nios2-elf/4.1.2/../../../../nios2-elf/lib\libstdc++.a
LOAD c:/altera/12.0sp2/nios2eds/bin/gnu/h-i686-mingw32/bin/../lib/gcc/nios2-elf/4.1.2/../../../../nios2-elf/lib\libm.a
LOAD c:/altera/12.0sp2/nios2eds/bin/gnu/h-i686-mingw32/bin/../lib/gcc/nios2-elf/4.1.2\libgcc.a
START GROUP
LOAD c:/altera/12.0sp2/nios2eds/bin/gnu/h-i686-mingw32/bin/../lib/gcc/nios2-elf/4.1.2/../../../../nios2-elf/lib\libc.a
LOAD c:/altera/12.0sp2/nios2eds/bin/gnu/h-i686-mingw32/bin/../lib/gcc/nios2-elf/4.1.2\libgcc.a
LOAD ../StereoSystem_bsp/\libhal_bsp.a
END GROUP
LOAD c:/altera/12.0sp2/nios2eds/bin/gnu/h-i686-mingw32/bin/../lib/gcc/nios2-elf/4.1.2\libgcc.a
                0x00800000                __alt_mem_sdram = 0x800000

.entry          0x00800000       0x20
 *(.entry)
 .entry         0x00800000       0x20 ../StereoSystem_bsp//obj/HAL/src/crt0.o
                0x00800000                __reset

.exceptions     0x00800020      0x164
                0x00800020                PROVIDE (__ram_exceptions_start, ABSOLUTE (.))
                0x00800020                . = ALIGN (0x20)
 *(.irq)
 *(.exceptions.entry.label)
 .exceptions.entry.label
                0x00800020        0x0 ../StereoSystem_bsp/\libhal_bsp.a(alt_irq_entry.o)
                0x00800020                alt_irq_entry
 .exceptions.entry.label
                0x00800020        0x0 ../StereoSystem_bsp/\libhal_bsp.a(alt_exception_entry.o)
                0x00800020                alt_exception
 *(.exceptions.entry.user)
 *(.exceptions.entry)
 .exceptions.entry
                0x00800020       0x54 ../StereoSystem_bsp/\libhal_bsp.a(alt_exception_entry.o)
 *(.exceptions.irqtest.user)
 *(.exceptions.irqtest)
 .exceptions.irqtest
                0x00800074       0x10 ../StereoSystem_bsp/\libhal_bsp.a(alt_irq_entry.o)
 *(.exceptions.irqhandler.user)
 *(.exceptions.irqhandler)
 .exceptions.irqhandler
                0x00800084        0x4 ../StereoSystem_bsp/\libhal_bsp.a(alt_irq_entry.o)
 *(.exceptions.irqreturn.user)
 *(.exceptions.irqreturn)
 .exceptions.irqreturn
                0x00800088        0x4 ../StereoSystem_bsp/\libhal_bsp.a(alt_irq_entry.o)
 *(.exceptions.notirq.label)
 .exceptions.notirq.label
                0x0080008c        0x0 ../StereoSystem_bsp/\libhal_bsp.a(alt_irq_entry.o)
 *(.exceptions.notirq.user)
 *(.exceptions.notirq)
 .exceptions.notirq
                0x0080008c        0x8 ../StereoSystem_bsp/\libhal_bsp.a(alt_exception_entry.o)
 *(.exceptions.soft.user)
 *(.exceptions.soft)
 *(.exceptions.unknown.user)
 *(.exceptions.unknown)
 .exceptions.unknown
                0x00800094        0x4 ../StereoSystem_bsp/\libhal_bsp.a(alt_exception_entry.o)
 *(.exceptions.exit.label)
 .exceptions.exit.label
                0x00800098        0x0 ../StereoSystem_bsp/\libhal_bsp.a(alt_irq_entry.o)
 .exceptions.exit.label
                0x00800098        0x0 ../StereoSystem_bsp/\libhal_bsp.a(alt_exception_entry.o)
 *(.exceptions.exit.user)
 *(.exceptions.exit)
 .exceptions.exit
                0x00800098       0x54 ../StereoSystem_bsp/\libhal_bsp.a(alt_exception_entry.o)
 *(.exceptions)
 .exceptions    0x008000ec       0x98 ../StereoSystem_bsp/\libhal_bsp.a(alt_irq_handler.o)
                0x008000ec                alt_irq_handler
                0x00800184                PROVIDE (__ram_exceptions_end, ABSOLUTE (.))
                0x00800020                PROVIDE (__flash_exceptions_start, LOADADDR (.exceptions))

.text           0x00800184    0x32d10
                0x00800184                PROVIDE (stext, ABSOLUTE (.))
 *(.interp)
 *(.hash)
 *(.dynsym)
 *(.dynstr)
 *(.gnu.version)
 *(.gnu.version_d)
 *(.gnu.version_r)
 *(.rel.init)
 *(.rela.init)
 *(.rel.text .rel.text.* .rel.gnu.linkonce.t.*)
 *(.rela.text .rela.text.* .rela.gnu.linkonce.t.*)
 *(.rel.fini)
 *(.rela.fini)
 *(.rel.rodata .rel.rodata.* .rel.gnu.linkonce.r.*)
 *(.rela.rodata .rela.rodata.* .rela.gnu.linkonce.r.*)
 *(.rel.data .rel.data.* .rel.gnu.linkonce.d.*)
 *(.rela.data .rela.data.* .rela.gnu.linkonce.d.*)
 *(.rel.tdata .rel.tdata.* .rel.gnu.linkonce.td.*)
 *(.rela.tdata .rela.tdata.* .rela.gnu.linkonce.td.*)
 *(.rel.tbss .rel.tbss.* .rel.gnu.linkonce.tb.*)
 *(.rela.tbss .rela.tbss.* .rela.gnu.linkonce.tb.*)
 *(.rel.ctors)
 *(.rela.ctors)
 *(.rel.dtors)
 *(.rela.dtors)
 *(.rel.got)
 *(.rela.got)
 *(.rel.sdata .rel.sdata.* .rel.gnu.linkonce.s.*)
 *(.rela.sdata .rela.sdata.* .rela.gnu.linkonce.s.*)
 *(.rel.sbss .rel.sbss.* .rel.gnu.linkonce.sb.*)
 *(.rela.sbss .rela.sbss.* .rela.gnu.linkonce.sb.*)
 *(.rel.sdata2 .rel.sdata2.* .rel.gnu.linkonce.s2.*)
 *(.rela.sdata2 .rela.sdata2.* .rela.gnu.linkonce.s2.*)
 *(.rel.sbss2 .rel.sbss2.* .rel.gnu.linkonce.sb2.*)
 *(.rela.sbss2 .rela.sbss2.* .rela.gnu.linkonce.sb2.*)
 *(.rel.bss .rel.bss.* .rel.gnu.linkonce.b.*)
 *(.rela.bss .rela.bss.* .rela.gnu.linkonce.b.*)
 *(.rel.plt)
 *(.rela.plt)
 *(.rel.dyn)
 *(.init)
 *(.plt)
 *(.text .stub .text.* .gnu.linkonce.t.*)
 .text          0x00800184       0x4c ../StereoSystem_bsp//obj/HAL/src/crt0.o
                0x00800184                _start
 .text          0x008001d0     0x1f50 obj/default/Button.o
                0x008001d0                dummyDraw
                0x008001d4                getXActionBtn
                0x0080023c                getYActionBtn
                0x0080024c                querySongButtonFromID
                0x008002b8                dummyCollide
                0x008002c4                updateVolumeValue
                0x00800354                drawTxtButton
                0x00800374                drawActionButton
                0x00800388                highlightButton
                0x008004f4                drawRange
                0x00800564                volumeButtonCollide
                0x0080066c                allSongsMenuButtonCollide
                0x008006c4                playlistMenuButtonCollide
                0x0080071c                killSongButton
                0x00800768                initButton
                0x008007c4                animateButton
                0x00800890                menuButtonCollide
                0x0080097c                initSongButton
                0x00800a58                initMenuButton
                0x00800b48                initVolumeButton
                0x00800c1c                initScrollButton
                0x00800ce0                initActionButton
                0x00800e2c                initPlaylistButton
                0x00800ef4                highlightSongWithID
                0x008010d0                playlistButtonCollide
                0x008012ac                nextButtonCollide
                0x00801394                prevButtonCollide
                0x00801480                stopButtonCollide
                0x00801544                pauseButtonCollide
                0x00801614                playSongsFromSongPanel
                0x008018ac                songButtonCollide
                0x008019f8                playButtonCollide
                0x00801e50                actionButtonCollide
 .text          0x00802120      0x884 obj/default/Colder.o
                0x00802120                decodePlaylist
                0x00802128                decodeString
                0x00802208                decodeCmd
                0x00802404                encodeCmd
                0x00802664                encodeString
                0x00802814                decode
 .text          0x008029a4     0x1878 obj/default/Command.o
                0x008029a4                syncRemoveSongFromList
                0x008029a8                repeatList
                0x008029c0                updateSongToPlaylist
                0x008029c4                moveSongToIndex
                0x008029c8                repeatCurrentSong
                0x008029cc                reverse
                0x008029d0                updateDBIndex
                0x008029d4                play_playlist
                0x008029e4                shuffle
                0x008029f4                playSongFromList
                0x00802a08                removeSongFromList
                0x00802a9c                addSongToList
                0x00802b90                selectList
                0x00802be8                seek
                0x00802bf8                openSongsFromList
                0x00802c04                openPlaylistsPanel
                0x00802c24                openAllSongPanel
                0x00802c44                playSongFromAllSongs
                0x00802c74                removeList
                0x00802cc4                killCmd
                0x00802d78                modifyListName
                0x00802d94                createSong
                0x00802dc0                createExisitedPlaylist
                0x00802dfc                createPlaylist
                0x00802e38                setVolume
                0x00802e88                stop
                0x00802f24                pause
                0x00802fd8                initCmd
                0x008030f8                syncRemoveList
                0x00803180                syncRepeatList
                0x00803208                syncSelectList
                0x00803290                syncCreatePlaylist
                0x008032f0                syncSetVol
                0x008033b4                syncStop
                0x00803400                syncPause
                0x00803488                syncPlay
                0x00803578                next
                0x008036c0                prev
                0x008037c8                syncNext
                0x0080388c                syncPrev
                0x00803950                syncUpdatePos
                0x00803a8c                play
                0x00803cf4                syncCreateExisitedPlaylist
                0x00803e28                syncAddExisitedSongToList
                0x00803f38                syncAddSongToList
                0x00804048                syncDBFinish
                0x00804114                syncCreateSong
 .text          0x0080421c      0x4a4 obj/default/CommandScheduler.o
                0x0080421c                cmdProcessing
                0x00804684                addCmd
                0x0080468c                initCmdScheduler
 .text          0x008046c0      0x664 obj/default/Cursor.o
                0x008046c0                getCursorX
                0x008046d0                getCursorY
                0x008046e0                memOverlap
                0x008048e8                moveCursor
                0x00804904                enableCursorInterrupt
                0x00804944                initCursor
                0x00804a7c                updateCursor
 .text          0x00804d24      0xbe0 obj/default/DSP/PhaseVocoder.o
                0x00804d24                pitchShift
 .text          0x00805904      0x3fc obj/default/DSP/fft.o
                0x00805904                fft
 .text          0x00805d00     0x1b38 obj/default/Database.o
                0x00805d00                isCurrPlaying
                0x00805d30                removeCurrPlaying
                0x00805d70                initializeListWithSongs
                0x00805f10                querySongByName
                0x00805f98                queryListByName
                0x00806064                getSongsFromSD
                0x008061a0                createPlaylistFromTxt
                0x00806280                openFileFromSD
                0x008062ec                writeLine
                0x008063e4                readLine
                0x008064e0                removeListFromDB
                0x008065b8                addExisitedListToDB
                0x008066f8                addListToDB
                0x00806804                addSongToDB
                0x0080685c                update
                0x008069e0                saveListChangesToSD
                0x00806cf8                saveAllUpdatesToSDBeforeQuits
                0x00806d18                getAndUpdateSongsFromTxt
                0x008070e8                loadSongsFromSD
                0x00807118                preloadSongsToPlaylist
                0x00807288                saveListsToSD
                0x008073fc                updateSongToSD
                0x00807508                loadListsFromSD
                0x008076f0                initDatabase
 .text          0x00807838     0x1ac0 obj/default/Frame.o
                0x00807838                killSongPanel
                0x0080783c                drawSongPanel
                0x008078a0                drawPlaylistPanel
                0x00807920                clearSongPanel
                0x00807a88                drawVolumeFrame
                0x00807b10                drawScrollFrame
                0x00807bcc                drawActionFrame
                0x00807c58                drawMenuFrame
                0x00807d0c                drawMainFrame
                0x00807da4                killSongInListPanel
                0x00807e40                initFrame
                0x00807e68                drawSongInListPanel
                0x0080804c                drawAllLists
                0x008082dc                drawAllSongs
                0x0080851c                initSongInListPanel
                0x00808680                initVolumeFrame
                0x00808788                initScrollFrame
                0x00808874                initMenuFrame
                0x00808938                initSongPanel
                0x00808a54                initActionFrame
                0x00808c74                initPlaylistPanel
                0x00808de8                drawAllSongsInList
                0x008090ac                initMainFrame
 .text          0x008092f8      0xbdc obj/default/Graphic.o
                0x008092f8                getColor
                0x00809318                getColor555
                0x00809330                addImage
                0x00809358                setImagePos
                0x00809374                drawEqulizer
                0x0080941c                drawBox
                0x00809514                initImage
                0x008095c4                initVGA
                0x0080965c                draw
                0x00809738                draw_notransparent
                0x00809808                loadSDImage
                0x00809bf8                killImage
                0x00809d3c                drawVerticalLine
                0x00809e04                drawHorizontalLine
 .text          0x00809ed4      0xd00 obj/default/ISR_vectors.o
                0x00809ed4                animate_ISR
                0x0080a0c0                audio_ISR
                0x0080a15c                push_key_ISR
                0x0080a28c                RS232_ISR
                0x0080a798                ps2_ISR
                0x0080a924                mix_ISR
 .text          0x0080abd4      0x250 obj/default/MemoryMgr.o
                0x0080abd4                freeMem
                0x0080ad10                addToMemory
                0x0080adf8                initMemory
 .text          0x0080ae24       0xb4 obj/default/Object.o
                0x0080ae24                setXY
                0x0080ae50                setNextXY
                0x0080ae64                initObject
 .text          0x0080aed8      0x418 obj/default/Packet.o
                0x0080aed8                getBit
                0x0080aee8                setBit
                0x0080af00                initPacket
                0x0080af98                strnsep_
                0x0080b0a0                killPacket
                0x0080b108                readPacketHeader
                0x0080b230                setAck
                0x0080b254                setHeader
 .text          0x0080b2f0      0x1d8 obj/default/Playlist.o
                0x0080b2f0                setListId
                0x0080b2f8                generateListNameForSD
                0x0080b380                killPlaylist
                0x0080b3b8                setListName
                0x0080b42c                initPlaylist
 .text          0x0080b4c8      0x158 obj/default/PushKeyController.o
                0x0080b4c8                isBitSet
                0x0080b4e0                isKeyUp
                0x0080b504                isKeyDown
                0x0080b52c                initPushKeyController
                0x0080b58c                wasKeyJustReleased
                0x0080b5d4                wasKeyJustPressed
 .text          0x0080b620      0x454 obj/default/Queue.o
                0x0080b620                containsValue
                0x0080b66c                initQueue
                0x0080b694                enqueue
                0x0080b75c                killQueueData
                0x0080b7a0                dequeue
                0x0080b84c                dequeueValue
                0x0080b978                addPacketsLengthToQueue
 .text          0x0080ba74      0x8b8 obj/default/RS232.o
                0x0080ba74                switchAck
                0x0080ba8c                setStates
                0x0080baac                sendRS232
                0x0080bb0c                updateAcknowledge
                0x0080bb98                send
                0x0080bc14                initRS232
                0x0080bd78                reset
                0x0080beb0                failReceive
                0x0080beec                checkAck
                0x0080bf90                checkStartAck
                0x0080c00c                sendAck
                0x0080c138                sendStats
                0x0080c278                sendStartInit
 .text          0x0080c32c     0x1618 obj/default/Range.o
                0x0080c32c                actionBtnAnimation
                0x0080c560                checkImgCollisionForMouse
                0x0080c6cc                checkTxtCollisionForMouse
                0x0080c828                initRange
                0x0080c884                checkButtonCollision
 .text          0x0080d944      0x500 obj/default/Song.o
                0x0080d944                setSongId
                0x0080d94c                getLength
                0x0080d954                getSongPosition
                0x0080d95c                seekSong
                0x0080d964                stopSong
                0x0080da14                pauseSong
                0x0080da70                setSongPitch
                0x0080da78                setSongVolume
                0x0080da80                setSongName
                0x0080daf4                unloadSong
                0x0080db70                loadSong
                0x0080dbe4                initSong
                0x0080dc98                playSong
 .text          0x0080de44      0x268 obj/default/StereoSystem.o
                0x0080de44                initAudioBuffer
                0x0080de80                initAnimate
                0x0080debc                loadSDCard
                0x0080df38                main
 .text          0x0080e0ac      0x19c obj/default/TestBot.o
                0x0080e0ac                graphicTester
                0x0080e0b0                dBTester
                0x0080e0b4                soundTester
                0x0080e128                cmdTester
                0x0080e1b8                dbTester2
 .text          0x0080e248      0x6c8 obj/default/libMAD/bit.o
                0x0080e248                mad_bit_init
                0x0080e25c                mad_bit_length
                0x0080e280                mad_bit_nextbyte
                0x0080e2a0                mad_bit_skip
                0x0080e2fc                mad_bit_read
                0x0080e3d8                mad_bit_crc
 .text          0x0080e910      0x344 obj/default/libMAD/decoder.o
                0x0080e910                mad_decoder_init
                0x0080e95c                mad_decoder_finish
                0x0080e964                mad_decoder_message
                0x0080e96c                mad_decoder_run
 .text          0x0080ec54      0xaa8 obj/default/libMAD/frame.o
                0x0080ec54                mad_header_init
                0x0080ec98                mad_frame_mute
                0x0080eff0                mad_header_decode
                0x0080f4d8                mad_frame_decode
                0x0080f5fc                mad_frame_finish
                0x0080f630                mad_frame_init
 .text          0x0080f6fc        0x0 obj/default/libMAD/huffman.o
 .text          0x0080f6fc      0xf4c obj/default/libMAD/layer12.o
                0x0080f6fc                mad_layer_I
                0x0080fbb0                mad_layer_II
 .text          0x00810648     0x4bf0 obj/default/libMAD/layer3.o
                0x00814a2c                mad_layer_III
 .text          0x00815238      0x350 obj/default/libMAD/stream.o
                0x00815238                mad_stream_skip
                0x00815248                mad_stream_errorstr
                0x00815420                mad_stream_sync
                0x008154c8                mad_stream_buffer
                0x008154ec                mad_stream_init
                0x00815554                mad_stream_finish
 .text          0x00815588     0x25f4 obj/default/libMAD/synth.o
                0x00815588                mad_synth_mute
                0x008179b0                mad_synth_frame
                0x00817ab4                mad_synth_init
 .text          0x00817b7c     0x1944 obj/default/libMAD/timer.o
                0x00817b7c                mad_timer_compare
                0x00817ba4                mad_timer_negate
                0x00817bd8                mad_timer_abs
                0x00817c0c                mad_timer_add
                0x00817c90                mad_timer_multiply
                0x00817f78                mad_timer_fraction
                0x00818000                mad_timer_set
                0x0081820c                mad_timer_count
                0x00818b34                mad_timer_string
 .text          0x008194c0       0xd8 obj/default/sound/AudioDeviceController.o
                0x008194c0                disableAudioDeviceController
                0x008194d0                enableAudioDeviceController
                0x0081950c                av_config_setup
                0x00819544                initAudioDeviceController
 .text          0x00819598       0xfc obj/default/sound/AudioFormat.o
                0x00819598                getBitRateKbps
                0x008195b4                getSampleRate
                0x008195bc                getSampleSizeInBits
                0x008195c4                getSampleSizeInBytes
                0x008195e0                getChannels
                0x008195e8                setSampleRate
                0x008195f0                initAudioFormat
 .text          0x00819694     0x1564 obj/default/sound/Sound.o
                0x00819694                convertFromMS
                0x0081969c                convertToMS
                0x008196bc                getMaxSoundValue
                0x00819718                allowFade
                0x00819738                setFadeInLength
                0x00819740                setFadeOutLength
                0x00819750                setSoundVolume
                0x0081975c                seekSound
                0x00819768                stopSound
                0x00819770                checkEnd
                0x00819830                readFileTilOffset
                0x008198b8                initSound
                0x0081992c                allocateSoundBuffer
                0x008199d4                clearSoundBuffer
                0x008199e0                readInt
                0x00819b50                changeBitsPerSample
                0x00819c14                resampleSound
                0x00819f58                loadSoundBuffer
                0x0081a084                setSoundPlaybackSpeed
                0x0081a1d8                playSound
                0x0081a1f0                getSoundLengthMS
                0x0081a214                getSoundPositionMS
                0x0081a238                setSoundPitch
                0x0081a528                loadMP3Sound
                0x0081a7b8                loadWavHeader
                0x0081aa18                loadWavSound
                0x0081ab6c                loadSound
 .text          0x0081abf8      0x6d8 obj/default/sound/SoundMixer.o
                0x0081abf8                loadToSoundBuffer
                0x0081adc0                negativeToPositive
                0x0081add8                positiveToNegative
                0x0081adf0                incIndex
                0x0081ae6c                clearIndexBuffer
                0x0081ae84                setGlobalVolume
                0x0081af14                clearSoundMixer
                0x0081af60                initSoundMixer
                0x0081aff4                updateMixer
 .text          0x0081b2d0      0x168 c:/altera/12.0sp2/nios2eds/bin/gnu/h-i686-mingw32/bin/../lib/gcc/nios2-elf/4.1.2/../../../../nios2-elf/lib\libm.a(lib_a-s_cos.o)
                0x0081b2d0                cos
 .text          0x0081b438      0x16c c:/altera/12.0sp2/nios2eds/bin/gnu/h-i686-mingw32/bin/../lib/gcc/nios2-elf/4.1.2/../../../../nios2-elf/lib\libm.a(lib_a-s_sin.o)
                0x0081b438                sin
 .text          0x0081b5a4        0x4 c:/altera/12.0sp2/nios2eds/bin/gnu/h-i686-mingw32/bin/../lib/gcc/nios2-elf/4.1.2/../../../../nios2-elf/lib\libm.a(lib_a-w_atan2.o)
                0x0081b5a4                atan2
 .text          0x0081b5a8      0x188 c:/altera/12.0sp2/nios2eds/bin/gnu/h-i686-mingw32/bin/../lib/gcc/nios2-elf/4.1.2/../../../../nios2-elf/lib\libm.a(lib_a-w_log.o)
                0x0081b5a8                log
 .text          0x0081b730      0x130 c:/altera/12.0sp2/nios2eds/bin/gnu/h-i686-mingw32/bin/../lib/gcc/nios2-elf/4.1.2/../../../../nios2-elf/lib\libm.a(lib_a-w_sqrt.o)
                0x0081b730                sqrt
 .text          0x0081b860      0x350 c:/altera/12.0sp2/nios2eds/bin/gnu/h-i686-mingw32/bin/../lib/gcc/nios2-elf/4.1.2/../../../../nios2-elf/lib\libm.a(lib_a-e_atan2.o)
                0x0081b860                __ieee754_atan2
 .text          0x0081bbb0      0x7f8 c:/altera/12.0sp2/nios2eds/bin/gnu/h-i686-mingw32/bin/../lib/gcc/nios2-elf/4.1.2/../../../../nios2-elf/lib\libm.a(lib_a-e_log.o)
                0x0081bbb0                __ieee754_log
 .text          0x0081c3a8      0x828 c:/altera/12.0sp2/nios2eds/bin/gnu/h-i686-mingw32/bin/../lib/gcc/nios2-elf/4.1.2/../../../../nios2-elf/lib\libm.a(lib_a-e_rem_pio2.o)
                0x0081c3a8                __ieee754_rem_pio2
 .text          0x0081cbd0      0x2c8 c:/altera/12.0sp2/nios2eds/bin/gnu/h-i686-mingw32/bin/../lib/gcc/nios2-elf/4.1.2/../../../../nios2-elf/lib\libm.a(lib_a-e_sqrt.o)
                0x0081cbd0                __ieee754_sqrt
 .text          0x0081ce98      0x52c c:/altera/12.0sp2/nios2eds/bin/gnu/h-i686-mingw32/bin/../lib/gcc/nios2-elf/4.1.2/../../../../nios2-elf/lib\libm.a(lib_a-k_cos.o)
                0x0081ce98                __kernel_cos
 .text          0x0081d3c4      0xe7c c:/altera/12.0sp2/nios2eds/bin/gnu/h-i686-mingw32/bin/../lib/gcc/nios2-elf/4.1.2/../../../../nios2-elf/lib\libm.a(lib_a-k_rem_pio2.o)
                0x0081d3c4                __kernel_rem_pio2
 .text          0x0081e240      0x318 c:/altera/12.0sp2/nios2eds/bin/gnu/h-i686-mingw32/bin/../lib/gcc/nios2-elf/4.1.2/../../../../nios2-elf/lib\libm.a(lib_a-k_sin.o)
                0x0081e240                __kernel_sin
 .text          0x0081e558      0x698 c:/altera/12.0sp2/nios2eds/bin/gnu/h-i686-mingw32/bin/../lib/gcc/nios2-elf/4.1.2/../../../../nios2-elf/lib\libm.a(lib_a-s_atan.o)
                0x0081e558                atan
 .text          0x0081ebf0       0x18 c:/altera/12.0sp2/nios2eds/bin/gnu/h-i686-mingw32/bin/../lib/gcc/nios2-elf/4.1.2/../../../../nios2-elf/lib\libm.a(lib_a-s_fabs.o)
                0x0081ebf0                fabs
 .text          0x0081ec08      0x224 c:/altera/12.0sp2/nios2eds/bin/gnu/h-i686-mingw32/bin/../lib/gcc/nios2-elf/4.1.2/../../../../nios2-elf/lib\libm.a(lib_a-s_floor.o)
                0x0081ec08                floor
 .text          0x0081ee2c       0x30 c:/altera/12.0sp2/nios2eds/bin/gnu/h-i686-mingw32/bin/../lib/gcc/nios2-elf/4.1.2/../../../../nios2-elf/lib\libm.a(lib_a-s_isnand.o)
                0x0081ee2c                __isnand
 .text          0x0081ee5c        0x0 c:/altera/12.0sp2/nios2eds/bin/gnu/h-i686-mingw32/bin/../lib/gcc/nios2-elf/4.1.2/../../../../nios2-elf/lib\libm.a(lib_a-s_lib_ver.o)
 .text          0x0081ee5c        0x8 c:/altera/12.0sp2/nios2eds/bin/gnu/h-i686-mingw32/bin/../lib/gcc/nios2-elf/4.1.2/../../../../nios2-elf/lib\libm.a(lib_a-s_matherr.o)
                0x0081ee5c                matherr
 .text          0x0081ee64       0x10 c:/altera/12.0sp2/nios2eds/bin/gnu/h-i686-mingw32/bin/../lib/gcc/nios2-elf/4.1.2/../../../../nios2-elf/lib\libm.a(lib_a-s_nan.o)
                0x0081ee64                nan
 .text          0x0081ee74      0x1e0 c:/altera/12.0sp2/nios2eds/bin/gnu/h-i686-mingw32/bin/../lib/gcc/nios2-elf/4.1.2/../../../../nios2-elf/lib\libm.a(lib_a-s_scalbn.o)
                0x0081ee74                scalbn
 .text          0x0081f054       0x24 c:/altera/12.0sp2/nios2eds/bin/gnu/h-i686-mingw32/bin/../lib/gcc/nios2-elf/4.1.2/../../../../nios2-elf/lib\libm.a(lib_a-s_copysign.o)
                0x0081f054                copysign
 .text          0x0081f078       0x70 c:/altera/12.0sp2/nios2eds/bin/gnu/h-i686-mingw32/bin/../lib/gcc/nios2-elf/4.1.2\libgcc.a(_fixunssfsi.o)
                0x0081f078                __fixunssfsi
 .text          0x0081f0e8      0x2b8 c:/altera/12.0sp2/nios2eds/bin/gnu/h-i686-mingw32/bin/../lib/gcc/nios2-elf/4.1.2\libgcc.a(_addsub_sf.o)
                0x0081f2cc                __subsf3
                0x0081f33c                __addsf3
 .text          0x0081f3a0      0x1e0 c:/altera/12.0sp2/nios2eds/bin/gnu/h-i686-mingw32/bin/../lib/gcc/nios2-elf/4.1.2\libgcc.a(_mul_sf.o)
                0x0081f3a0                __mulsf3
 .text          0x0081f580      0x174 c:/altera/12.0sp2/nios2eds/bin/gnu/h-i686-mingw32/bin/../lib/gcc/nios2-elf/4.1.2\libgcc.a(_div_sf.o)
                0x0081f580                __divsf3
 .text          0x0081f6f4       0x78 c:/altera/12.0sp2/nios2eds/bin/gnu/h-i686-mingw32/bin/../lib/gcc/nios2-elf/4.1.2\libgcc.a(_eq_sf.o)
                0x0081f6f4                __eqsf2
 .text          0x0081f76c       0x78 c:/altera/12.0sp2/nios2eds/bin/gnu/h-i686-mingw32/bin/../lib/gcc/nios2-elf/4.1.2\libgcc.a(_ge_sf.o)
                0x0081f76c                __gesf2
 .text          0x0081f7e4       0x78 c:/altera/12.0sp2/nios2eds/bin/gnu/h-i686-mingw32/bin/../lib/gcc/nios2-elf/4.1.2\libgcc.a(_lt_sf.o)
                0x0081f7e4                __ltsf2
 .text          0x0081f85c       0x78 c:/altera/12.0sp2/nios2eds/bin/gnu/h-i686-mingw32/bin/../lib/gcc/nios2-elf/4.1.2\libgcc.a(_le_sf.o)
                0x0081f85c                __lesf2
 .text          0x0081f8d4       0x98 c:/altera/12.0sp2/nios2eds/bin/gnu/h-i686-mingw32/bin/../lib/gcc/nios2-elf/4.1.2\libgcc.a(_si_to_sf.o)
                0x0081f8d4                __floatsisf
 .text          0x0081f96c       0x94 c:/altera/12.0sp2/nios2eds/bin/gnu/h-i686-mingw32/bin/../lib/gcc/nios2-elf/4.1.2\libgcc.a(_sf_to_si.o)
                0x0081f96c                __fixsfsi
 .text          0x0081fa00       0x54 c:/altera/12.0sp2/nios2eds/bin/gnu/h-i686-mingw32/bin/../lib/gcc/nios2-elf/4.1.2\libgcc.a(_sf_to_df.o)
                0x0081fa00                __extendsfdf2
 .text          0x0081fa54        0x0 c:/altera/12.0sp2/nios2eds/bin/gnu/h-i686-mingw32/bin/../lib/gcc/nios2-elf/4.1.2\libgcc.a(_thenan_sf.o)
 .text          0x0081fa54       0xc0 c:/altera/12.0sp2/nios2eds/bin/gnu/h-i686-mingw32/bin/../lib/gcc/nios2-elf/4.1.2\libgcc.a(_usi_to_sf.o)
                0x0081fa54                __floatunsisf
 .text          0x0081fb14      0x504 c:/altera/12.0sp2/nios2eds/bin/gnu/h-i686-mingw32/bin/../lib/gcc/nios2-elf/4.1.2\libgcc.a(_addsub_df.o)
                0x0081ff24                __subdf3
                0x0081ffa4                __adddf3
 .text          0x00820018      0x3c4 c:/altera/12.0sp2/nios2eds/bin/gnu/h-i686-mingw32/bin/../lib/gcc/nios2-elf/4.1.2\libgcc.a(_mul_df.o)
                0x00820018                __muldf3
 .text          0x008203dc      0x258 c:/altera/12.0sp2/nios2eds/bin/gnu/h-i686-mingw32/bin/../lib/gcc/nios2-elf/4.1.2\libgcc.a(_div_df.o)
                0x008203dc                __divdf3
 .text          0x00820634       0x88 c:/altera/12.0sp2/nios2eds/bin/gnu/h-i686-mingw32/bin/../lib/gcc/nios2-elf/4.1.2\libgcc.a(_eq_df.o)
                0x00820634                __eqdf2
 .text          0x008206bc       0x88 c:/altera/12.0sp2/nios2eds/bin/gnu/h-i686-mingw32/bin/../lib/gcc/nios2-elf/4.1.2\libgcc.a(_gt_df.o)
                0x008206bc                __gtdf2
 .text          0x00820744       0x88 c:/altera/12.0sp2/nios2eds/bin/gnu/h-i686-mingw32/bin/../lib/gcc/nios2-elf/4.1.2\libgcc.a(_ge_df.o)
                0x00820744                __gedf2
 .text          0x008207cc       0x88 c:/altera/12.0sp2/nios2eds/bin/gnu/h-i686-mingw32/bin/../lib/gcc/nios2-elf/4.1.2\libgcc.a(_lt_df.o)
                0x008207cc                __ltdf2
 .text          0x00820854       0xf8 c:/altera/12.0sp2/nios2eds/bin/gnu/h-i686-mingw32/bin/../lib/gcc/nios2-elf/4.1.2\libgcc.a(_si_to_df.o)
                0x00820854                __floatsidf
 .text          0x0082094c       0xd8 c:/altera/12.0sp2/nios2eds/bin/gnu/h-i686-mingw32/bin/../lib/gcc/nios2-elf/4.1.2\libgcc.a(_df_to_si.o)
                0x0082094c                __fixdfsi
 .text          0x00820a24       0x38 c:/altera/12.0sp2/nios2eds/bin/gnu/h-i686-mingw32/bin/../lib/gcc/nios2-elf/4.1.2\libgcc.a(_make_df.o)
                0x00820a24                __make_dp
 .text          0x00820a5c       0x74 c:/altera/12.0sp2/nios2eds/bin/gnu/h-i686-mingw32/bin/../lib/gcc/nios2-elf/4.1.2\libgcc.a(_df_to_sf.o)
                0x00820a5c                __truncdfsf2
 .text          0x00820ad0        0x0 c:/altera/12.0sp2/nios2eds/bin/gnu/h-i686-mingw32/bin/../lib/gcc/nios2-elf/4.1.2\libgcc.a(_thenan_df.o)
 .text          0x00820ad0      0x14c c:/altera/12.0sp2/nios2eds/bin/gnu/h-i686-mingw32/bin/../lib/gcc/nios2-elf/4.1.2\libgcc.a(lib2-divmod.o)
                0x00820b4c                __divsi3
                0x00820bac                __modsi3
                0x00820c0c                __udivsi3
                0x00820c14                __umodsi3
 .text          0x00820c1c        0x0 c:/altera/12.0sp2/nios2eds/bin/gnu/h-i686-mingw32/bin/../lib/gcc/nios2-elf/4.1.2\libgcc.a(lib2-divtable.o)
 .text          0x00820c1c       0x98 c:/altera/12.0sp2/nios2eds/bin/gnu/h-i686-mingw32/bin/../lib/gcc/nios2-elf/4.1.2\libgcc.a(_muldi3.o)
                0x00820c1c                __muldi3
 .text          0x00820cb4       0x80 c:/altera/12.0sp2/nios2eds/bin/gnu/h-i686-mingw32/bin/../lib/gcc/nios2-elf/4.1.2\libgcc.a(_clzsi2.o)
                0x00820cb4                __clzsi2
 .text          0x00820d34      0x160 c:/altera/12.0sp2/nios2eds/bin/gnu/h-i686-mingw32/bin/../lib/gcc/nios2-elf/4.1.2\libgcc.a(_pack_sf.o)
                0x00820d34                __pack_f
 .text          0x00820e94       0xc8 c:/altera/12.0sp2/nios2eds/bin/gnu/h-i686-mingw32/bin/../lib/gcc/nios2-elf/4.1.2\libgcc.a(_unpack_sf.o)
                0x00820e94                __unpack_f
 .text          0x00820f5c       0xa8 c:/altera/12.0sp2/nios2eds/bin/gnu/h-i686-mingw32/bin/../lib/gcc/nios2-elf/4.1.2\libgcc.a(_fpcmp_parts_sf.o)
                0x00820f5c                __fpcmp_parts_f
 .text          0x00821004       0x2c c:/altera/12.0sp2/nios2eds/bin/gnu/h-i686-mingw32/bin/../lib/gcc/nios2-elf/4.1.2\libgcc.a(_make_sf.o)
                0x00821004                __make_fp
 .text          0x00821030      0x314 c:/altera/12.0sp2/nios2eds/bin/gnu/h-i686-mingw32/bin/../lib/gcc/nios2-elf/4.1.2\libgcc.a(_pack_df.o)
                0x00821030                __pack_d
 .text          0x00821344      0x138 c:/altera/12.0sp2/nios2eds/bin/gnu/h-i686-mingw32/bin/../lib/gcc/nios2-elf/4.1.2\libgcc.a(_unpack_df.o)
                0x00821344                __unpack_d
 .text          0x0082147c       0xc8 c:/altera/12.0sp2/nios2eds/bin/gnu/h-i686-mingw32/bin/../lib/gcc/nios2-elf/4.1.2\libgcc.a(_fpcmp_parts_df.o)
                0x0082147c                __fpcmp_parts_d
 .text          0x00821544        0x0 c:/altera/12.0sp2/nios2eds/bin/gnu/h-i686-mingw32/bin/../lib/gcc/nios2-elf/4.1.2\libgcc.a(_clz.o)
 .text          0x00821544       0x18 c:/altera/12.0sp2/nios2eds/bin/gnu/h-i686-mingw32/bin/../lib/gcc/nios2-elf/4.1.2/../../../../nios2-elf/lib\libc.a(lib_a-abort.o)
                0x00821544                abort
 .text          0x0082155c       0x18 c:/altera/12.0sp2/nios2eds/bin/gnu/h-i686-mingw32/bin/../lib/gcc/nios2-elf/4.1.2/../../../../nios2-elf/lib\libc.a(lib_a-atoi.o)
                0x0082155c                _atoi_r
                0x00821568                atoi
 .text          0x00821574       0x1c c:/altera/12.0sp2/nios2eds/bin/gnu/h-i686-mingw32/bin/../lib/gcc/nios2-elf/4.1.2/../../../../nios2-elf/lib\libc.a(lib_a-calloc.o)
                0x00821574                calloc
 .text          0x00821590       0xb4 c:/altera/12.0sp2/nios2eds/bin/gnu/h-i686-mingw32/bin/../lib/gcc/nios2-elf/4.1.2/../../../../nios2-elf/lib\libc.a(lib_a-callocr.o)
                0x00821590                _calloc_r
 .text          0x00821644       0x10 c:/altera/12.0sp2/nios2eds/bin/gnu/h-i686-mingw32/bin/../lib/gcc/nios2-elf/4.1.2/../../../../nios2-elf/lib\libc.a(lib_a-errno.o)
                0x00821644                __errno
 .text          0x00821654       0x38 c:/altera/12.0sp2/nios2eds/bin/gnu/h-i686-mingw32/bin/../lib/gcc/nios2-elf/4.1.2/../../../../nios2-elf/lib\libc.a(lib_a-exit.o)
                0x00821654                exit
 .text          0x0082168c       0x60 c:/altera/12.0sp2/nios2eds/bin/gnu/h-i686-mingw32/bin/../lib/gcc/nios2-elf/4.1.2/../../../../nios2-elf/lib\libc.a(lib_a-fprintf.o)
                0x0082168c                fprintf
                0x008216b8                _fprintf_r
 .text          0x008216ec        0x0 c:/altera/12.0sp2/nios2eds/bin/gnu/h-i686-mingw32/bin/../lib/gcc/nios2-elf/4.1.2/../../../../nios2-elf/lib\libc.a(lib_a-impure.o)
 .text          0x008216ec       0x28 c:/altera/12.0sp2/nios2eds/bin/gnu/h-i686-mingw32/bin/../lib/gcc/nios2-elf/4.1.2/../../../../nios2-elf/lib\libc.a(lib_a-malloc.o)
                0x008216ec                free
                0x00821700                malloc
 .text          0x00821714      0x740 c:/altera/12.0sp2/nios2eds/bin/gnu/h-i686-mingw32/bin/../lib/gcc/nios2-elf/4.1.2/../../../../nios2-elf/lib\libc.a(lib_a-mallocr.o)
                0x00821714                _malloc_r
 .text          0x00821e54       0xa0 c:/altera/12.0sp2/nios2eds/bin/gnu/h-i686-mingw32/bin/../lib/gcc/nios2-elf/4.1.2/../../../../nios2-elf/lib\libc.a(lib_a-memcpy.o)
                0x00821e54                memcpy
 .text          0x00821ef4       0xe0 c:/altera/12.0sp2/nios2eds/bin/gnu/h-i686-mingw32/bin/../lib/gcc/nios2-elf/4.1.2/../../../../nios2-elf/lib\libc.a(lib_a-memmove.o)
                0x00821ef4                memmove
 .text          0x00821fd4       0x98 c:/altera/12.0sp2/nios2eds/bin/gnu/h-i686-mingw32/bin/../lib/gcc/nios2-elf/4.1.2/../../../../nios2-elf/lib\libc.a(lib_a-memset.o)
                0x00821fd4                memset
 .text          0x0082206c       0x78 c:/altera/12.0sp2/nios2eds/bin/gnu/h-i686-mingw32/bin/../lib/gcc/nios2-elf/4.1.2/../../../../nios2-elf/lib\libc.a(lib_a-printf.o)
                0x0082206c                printf
                0x008220b0                _printf_r
 .text          0x008220e4       0xb4 c:/altera/12.0sp2/nios2eds/bin/gnu/h-i686-mingw32/bin/../lib/gcc/nios2-elf/4.1.2/../../../../nios2-elf/lib\libc.a(lib_a-puts.o)
                0x008220e4                _puts_r
                0x00822184                puts
 .text          0x00822198       0x1c c:/altera/12.0sp2/nios2eds/bin/gnu/h-i686-mingw32/bin/../lib/gcc/nios2-elf/4.1.2/../../../../nios2-elf/lib\libc.a(lib_a-realloc.o)
                0x00822198                realloc
 .text          0x008221b4      0x5f4 c:/altera/12.0sp2/nios2eds/bin/gnu/h-i686-mingw32/bin/../lib/gcc/nios2-elf/4.1.2/../../../../nios2-elf/lib\libc.a(lib_a-reallocr.o)
                0x008221b4                _realloc_r
 .text          0x008227a8       0x70 c:/altera/12.0sp2/nios2eds/bin/gnu/h-i686-mingw32/bin/../lib/gcc/nios2-elf/4.1.2/../../../../nios2-elf/lib\libc.a(lib_a-sbrkr.o)
                0x008227a8                _sbrk_r
 .text          0x00822818      0x2d8 c:/altera/12.0sp2/nios2eds/bin/gnu/h-i686-mingw32/bin/../lib/gcc/nios2-elf/4.1.2/../../../../nios2-elf/lib\libc.a(lib_a-signal.o)
                0x00822818                _raise_r
                0x008228e4                raise
                0x008228f8                _init_signal_r
                0x0082295c                _init_signal
                0x0082296c                __sigtramp_r
                0x00822a20                __sigtramp
                0x00822a34                _signal_r
                0x00822ad4                signal
 .text          0x00822af0       0x78 c:/altera/12.0sp2/nios2eds/bin/gnu/h-i686-mingw32/bin/../lib/gcc/nios2-elf/4.1.2/../../../../nios2-elf/lib\libc.a(lib_a-signalr.o)
                0x00822af0                _getpid_r
                0x00822af4                _kill_r
 .text          0x00822b68       0xd4 c:/altera/12.0sp2/nios2eds/bin/gnu/h-i686-mingw32/bin/../lib/gcc/nios2-elf/4.1.2/../../../../nios2-elf/lib\libc.a(lib_a-sprintf.o)
                0x00822b68                sprintf
                0x00822bdc                _sprintf_r
 .text          0x00822c3c       0x90 c:/altera/12.0sp2/nios2eds/bin/gnu/h-i686-mingw32/bin/../lib/gcc/nios2-elf/4.1.2/../../../../nios2-elf/lib\libc.a(lib_a-strcat.o)
                0x00822c3c                strcat
 .text          0x00822ccc       0xbc c:/altera/12.0sp2/nios2eds/bin/gnu/h-i686-mingw32/bin/../lib/gcc/nios2-elf/4.1.2/../../../../nios2-elf/lib\libc.a(lib_a-strcmp.o)
                0x00822ccc                strcmp
 .text          0x00822d88       0x8c c:/altera/12.0sp2/nios2eds/bin/gnu/h-i686-mingw32/bin/../lib/gcc/nios2-elf/4.1.2/../../../../nios2-elf/lib\libc.a(lib_a-strcpy.o)
                0x00822d88                strcpy
 .text          0x00822e14       0x74 c:/altera/12.0sp2/nios2eds/bin/gnu/h-i686-mingw32/bin/../lib/gcc/nios2-elf/4.1.2/../../../../nios2-elf/lib\libc.a(lib_a-strlen.o)
                0x00822e14                strlen
 .text          0x00822e88       0xb0 c:/altera/12.0sp2/nios2eds/bin/gnu/h-i686-mingw32/bin/../lib/gcc/nios2-elf/4.1.2/../../../../nios2-elf/lib\libc.a(lib_a-strncat.o)
                0x00822e88                strncat
 .text          0x00822f38       0xbc c:/altera/12.0sp2/nios2eds/bin/gnu/h-i686-mingw32/bin/../lib/gcc/nios2-elf/4.1.2/../../../../nios2-elf/lib\libc.a(lib_a-strncpy.o)
                0x00822f38                strncpy
 .text          0x00822ff4      0x794 c:/altera/12.0sp2/nios2eds/bin/gnu/h-i686-mingw32/bin/../lib/gcc/nios2-elf/4.1.2/../../../../nios2-elf/lib\libc.a(lib_a-strstr.o)
                0x00823128                strstr
 .text          0x00823788      0x268 c:/altera/12.0sp2/nios2eds/bin/gnu/h-i686-mingw32/bin/../lib/gcc/nios2-elf/4.1.2/../../../../nios2-elf/lib\libc.a(lib_a-strtol.o)
                0x00823788                _strtol_r
                0x008239cc                strtol
 .text          0x008239f0     0x1f28 c:/altera/12.0sp2/nios2eds/bin/gnu/h-i686-mingw32/bin/../lib/gcc/nios2-elf/4.1.2/../../../../nios2-elf/lib\libc.a(lib_a-vfprintf.o)
                0x00823a48                ___vfprintf_internal_r
                0x008258f4                __vfprintf_internal
 .text          0x00825918      0x13c c:/altera/12.0sp2/nios2eds/bin/gnu/h-i686-mingw32/bin/../lib/gcc/nios2-elf/4.1.2/../../../../nios2-elf/lib\libc.a(lib_a-wsetup.o)
                0x00825918                __swsetup_r
 .text          0x00825a54      0x1b4 c:/altera/12.0sp2/nios2eds/bin/gnu/h-i686-mingw32/bin/../lib/gcc/nios2-elf/4.1.2/../../../../nios2-elf/lib\libc.a(lib_a-__call_atexit.o)
                0x00825a58                __call_exitprocs
 .text          0x00825c08        0x0 c:/altera/12.0sp2/nios2eds/bin/gnu/h-i686-mingw32/bin/../lib/gcc/nios2-elf/4.1.2/../../../../nios2-elf/lib\libc.a(lib_a-ctype_.o)
 .text          0x00825c08     0x17cc c:/altera/12.0sp2/nios2eds/bin/gnu/h-i686-mingw32/bin/../lib/gcc/nios2-elf/4.1.2/../../../../nios2-elf/lib\libc.a(lib_a-dtoa.o)
                0x00825e20                _dtoa_r
 .text          0x008273d4      0x230 c:/altera/12.0sp2/nios2eds/bin/gnu/h-i686-mingw32/bin/../lib/gcc/nios2-elf/4.1.2/../../../../nios2-elf/lib\libc.a(lib_a-fflush.o)
                0x008273d4                _fflush_r
                0x008275d0                fflush
 .text          0x00827604      0x2c0 c:/altera/12.0sp2/nios2eds/bin/gnu/h-i686-mingw32/bin/../lib/gcc/nios2-elf/4.1.2/../../../../nios2-elf/lib\libc.a(lib_a-findfp.o)
                0x0082765c                __sfp_lock_acquire
                0x00827660                __sfp_lock_release
                0x00827664                __sinit_lock_acquire
                0x00827668                __sinit_lock_release
                0x0082766c                __sinit
                0x00827720                __fp_unlock_all
                0x00827738                __fp_lock_all
                0x00827750                _cleanup_r
                0x0082775c                _cleanup
                0x0082776c                __sfmoreglue
                0x008277d4                __sfp
 .text          0x008278c4      0x440 c:/altera/12.0sp2/nios2eds/bin/gnu/h-i686-mingw32/bin/../lib/gcc/nios2-elf/4.1.2/../../../../nios2-elf/lib\libc.a(lib_a-freer.o)
                0x008278c4                _malloc_trim_r
                0x008279f0                _free_r
 .text          0x00827d04      0x49c c:/altera/12.0sp2/nios2eds/bin/gnu/h-i686-mingw32/bin/../lib/gcc/nios2-elf/4.1.2/../../../../nios2-elf/lib\libc.a(lib_a-fvwrite.o)
                0x00827d04                __sfvwrite_r
 .text          0x008281a0      0x180 c:/altera/12.0sp2/nios2eds/bin/gnu/h-i686-mingw32/bin/../lib/gcc/nios2-elf/4.1.2/../../../../nios2-elf/lib\libc.a(lib_a-fwalk.o)
                0x008281a0                _fwalk_reent
                0x00828268                _fwalk
 .text          0x00828320        0x0 c:/altera/12.0sp2/nios2eds/bin/gnu/h-i686-mingw32/bin/../lib/gcc/nios2-elf/4.1.2/../../../../nios2-elf/lib\libc.a(lib_a-int_errno.o)
 .text          0x00828320       0xc4 c:/altera/12.0sp2/nios2eds/bin/gnu/h-i686-mingw32/bin/../lib/gcc/nios2-elf/4.1.2/../../../../nios2-elf/lib\libc.a(lib_a-locale.o)
                0x00828320                __locale_charset
                0x00828328                _localeconv_r
                0x00828334                localeconv
                0x00828344                _setlocale_r
                0x008283c8                setlocale
 .text          0x008283e4      0x194 c:/altera/12.0sp2/nios2eds/bin/gnu/h-i686-mingw32/bin/../lib/gcc/nios2-elf/4.1.2/../../../../nios2-elf/lib\libc.a(lib_a-makebuf.o)
                0x008283e4                __smakebuf_r
 .text          0x00828578       0xe4 c:/altera/12.0sp2/nios2eds/bin/gnu/h-i686-mingw32/bin/../lib/gcc/nios2-elf/4.1.2/../../../../nios2-elf/lib\libc.a(lib_a-memchr.o)
                0x00828578                memchr
 .text          0x0082865c       0x74 c:/altera/12.0sp2/nios2eds/bin/gnu/h-i686-mingw32/bin/../lib/gcc/nios2-elf/4.1.2/../../../../nios2-elf/lib\libc.a(lib_a-memcmp.o)
                0x0082865c                memcmp
 .text          0x008286d0      0xff4 c:/altera/12.0sp2/nios2eds/bin/gnu/h-i686-mingw32/bin/../lib/gcc/nios2-elf/4.1.2/../../../../nios2-elf/lib\libc.a(lib_a-mprec.o)
                0x008286d0                _Bfree
                0x008286f8                __hi0bits
                0x00828768                __lo0bits
                0x0082882c                __mcmp
                0x0082888c                __ulp
                0x0082890c                __b2d
                0x00828a2c                __ratio
                0x00828adc                _mprec_log10
                0x00828b70                __copybits
                0x00828bc8                __any_on
                0x00828c50                _Balloc
                0x00828d0c                __d2b
                0x00828e88                __mdiff
                0x00829014                __lshift
                0x00829160                __multiply
                0x00829348                __i2b
                0x00829384                __multadd
                0x00829484                __pow5mult
                0x008295a4                __s2b
 .text          0x008296c4       0x40 c:/altera/12.0sp2/nios2eds/bin/gnu/h-i686-mingw32/bin/../lib/gcc/nios2-elf/4.1.2/../../../../nios2-elf/lib\libc.a(lib_a-s_isinfd.o)
                0x008296c4                __isinfd
 .text          0x00829704      0x14c c:/altera/12.0sp2/nios2eds/bin/gnu/h-i686-mingw32/bin/../lib/gcc/nios2-elf/4.1.2/../../../../nios2-elf/lib\libc.a(lib_a-stdio.o)
                0x00829704                __sclose
                0x0082970c                __sseek
                0x00829774                __swrite
                0x008297f0                __sread
 .text          0x00829850       0xe0 c:/altera/12.0sp2/nios2eds/bin/gnu/h-i686-mingw32/bin/../lib/gcc/nios2-elf/4.1.2/../../../../nios2-elf/lib\libc.a(lib_a-strchr.o)
                0x00829850                strchr
 .text          0x00829930       0x78 c:/altera/12.0sp2/nios2eds/bin/gnu/h-i686-mingw32/bin/../lib/gcc/nios2-elf/4.1.2/../../../../nios2-elf/lib\libc.a(lib_a-writer.o)
                0x00829930                _write_r
 .text          0x008299a8       0x70 c:/altera/12.0sp2/nios2eds/bin/gnu/h-i686-mingw32/bin/../lib/gcc/nios2-elf/4.1.2/../../../../nios2-elf/lib\libc.a(lib_a-closer.o)
                0x008299a8                _close_r
 .text          0x00829a18      0x124 c:/altera/12.0sp2/nios2eds/bin/gnu/h-i686-mingw32/bin/../lib/gcc/nios2-elf/4.1.2/../../../../nios2-elf/lib\libc.a(lib_a-fclose.o)
                0x00829a18                _fclose_r
                0x00829b28                fclose
 .text          0x00829b3c       0x74 c:/altera/12.0sp2/nios2eds/bin/gnu/h-i686-mingw32/bin/../lib/gcc/nios2-elf/4.1.2/../../../../nios2-elf/lib\libc.a(lib_a-fstatr.o)
                0x00829b3c                _fstat_r
 .text          0x00829bb0       0x70 c:/altera/12.0sp2/nios2eds/bin/gnu/h-i686-mingw32/bin/../lib/gcc/nios2-elf/4.1.2/../../../../nios2-elf/lib\libc.a(lib_a-isattyr.o)
                0x00829bb0                _isatty_r
 .text          0x00829c20       0x78 c:/altera/12.0sp2/nios2eds/bin/gnu/h-i686-mingw32/bin/../lib/gcc/nios2-elf/4.1.2/../../../../nios2-elf/lib\libc.a(lib_a-lseekr.o)
                0x00829c20                _lseek_r
 .text          0x00829c98       0x78 c:/altera/12.0sp2/nios2eds/bin/gnu/h-i686-mingw32/bin/../lib/gcc/nios2-elf/4.1.2/../../../../nios2-elf/lib\libc.a(lib_a-readr.o)
                0x00829c98                _read_r
 .text          0x00829d10      0x5dc c:/altera/12.0sp2/nios2eds/bin/gnu/h-i686-mingw32/bin/../lib/gcc/nios2-elf/4.1.2\libgcc.a(_udivdi3.o)
                0x00829d10                __udivdi3
 .text          0x0082a2ec      0x5b0 c:/altera/12.0sp2/nios2eds/bin/gnu/h-i686-mingw32/bin/../lib/gcc/nios2-elf/4.1.2\libgcc.a(_umoddi3.o)
                0x0082a2ec                __umoddi3
 .text          0x0082a89c       0x88 c:/altera/12.0sp2/nios2eds/bin/gnu/h-i686-mingw32/bin/../lib/gcc/nios2-elf/4.1.2\libgcc.a(_ne_df.o)
                0x0082a89c                __nedf2
 .text          0x0082a924      0x194 c:/altera/12.0sp2/nios2eds/bin/gnu/h-i686-mingw32/bin/../lib/gcc/nios2-elf/4.1.2\libgcc.a(_usi_to_df.o)
                0x0082a924                __floatunsidf
 .text          0x0082aab8       0x94 ../StereoSystem_bsp/\libhal_bsp.a(alt_alarm_start.o)
                0x0082aab8                alt_alarm_start
 .text          0x0082ab4c       0xf0 ../StereoSystem_bsp/\libhal_bsp.a(alt_close.o)
                0x0082ab4c                close
 .text          0x0082ac3c        0x8 ../StereoSystem_bsp/\libhal_bsp.a(alt_dev.o)
 .text          0x0082ac44        0x0 ../StereoSystem_bsp/\libhal_bsp.a(alt_errno.o)
 .text          0x0082ac44       0x14 ../StereoSystem_bsp/\libhal_bsp.a(alt_exit.o)
                0x0082ac44                _exit
 .text          0x0082ac58       0x90 ../StereoSystem_bsp/\libhal_bsp.a(alt_fstat.o)
                0x0082ac58                fstat
 .text          0x0082ace8        0x8 ../StereoSystem_bsp/\libhal_bsp.a(alt_getpid.o)
                0x0082ace8                getpid
 .text          0x0082acf0       0xc0 ../StereoSystem_bsp/\libhal_bsp.a(alt_irq_register.o)
                0x0082acf0                alt_irq_register
 .text          0x0082adb0        0x0 ../StereoSystem_bsp/\libhal_bsp.a(alt_irq_vars.o)
 .text          0x0082adb0       0x84 ../StereoSystem_bsp/\libhal_bsp.a(alt_isatty.o)
                0x0082adb0                isatty
 .text          0x0082ae34      0x11c ../StereoSystem_bsp/\libhal_bsp.a(alt_kill.o)
                0x0082ae34                kill
 .text          0x0082af50       0xb4 ../StereoSystem_bsp/\libhal_bsp.a(alt_load.o)
                0x0082af50                alt_load
 .text          0x0082b004       0x9c ../StereoSystem_bsp/\libhal_bsp.a(alt_lseek.o)
                0x0082b004                lseek
 .text          0x0082b0a0       0x60 ../StereoSystem_bsp/\libhal_bsp.a(alt_main.o)
                0x0082b0a0                alt_main
 .text          0x0082b100        0x8 ../StereoSystem_bsp/\libhal_bsp.a(alt_malloc_lock.o)
                0x0082b100                __malloc_lock
                0x0082b104                __malloc_unlock
 .text          0x0082b108      0x11c ../StereoSystem_bsp/\libhal_bsp.a(alt_read.o)
                0x0082b108                read
 .text          0x0082b224       0x24 ../StereoSystem_bsp/\libhal_bsp.a(alt_release_fd.o)
                0x0082b224                alt_release_fd
 .text          0x0082b248       0x54 ../StereoSystem_bsp/\libhal_bsp.a(alt_sbrk.o)
                0x0082b248                sbrk
 .text          0x0082b29c      0x11c ../StereoSystem_bsp/\libhal_bsp.a(alt_tick.o)
                0x0082b29c                alt_alarm_stop
                0x0082b2d0                alt_tick
 .text          0x0082b3b8      0x118 ../StereoSystem_bsp/\libhal_bsp.a(alt_write.o)
                0x0082b3b8                write
 .text          0x0082b4d0      0x210 ../StereoSystem_bsp/\libhal_bsp.a(alt_sys_init.o)
                0x0082b4d0                alt_irq_init
                0x0082b4f0                alt_sys_init
 .text          0x0082b6e0       0x3c ../StereoSystem_bsp/\libhal_bsp.a(altera_avalon_jtag_uart_fd.o)
                0x0082b6e0                altera_avalon_jtag_uart_ioctl_fd
                0x0082b6ec                altera_avalon_jtag_uart_close_fd
                0x0082b6fc                altera_avalon_jtag_uart_write_fd
                0x0082b70c                altera_avalon_jtag_uart_read_fd
 .text          0x0082b71c      0x220 ../StereoSystem_bsp/\libhal_bsp.a(altera_avalon_jtag_uart_init.o)
                0x0082b71c                altera_avalon_jtag_uart_close
                0x0082b7bc                altera_avalon_jtag_uart_init
 .text          0x0082b93c       0x88 ../StereoSystem_bsp/\libhal_bsp.a(altera_avalon_jtag_uart_ioctl.o)
                0x0082b93c                altera_avalon_jtag_uart_ioctl
 .text          0x0082b9c4      0x16c ../StereoSystem_bsp/\libhal_bsp.a(altera_avalon_jtag_uart_read.o)
                0x0082b9c4                altera_avalon_jtag_uart_read
 .text          0x0082bb30      0x184 ../StereoSystem_bsp/\libhal_bsp.a(altera_avalon_jtag_uart_write.o)
                0x0082bb30                altera_avalon_jtag_uart_write
 .text          0x0082bcb4       0x6c ../StereoSystem_bsp/\libhal_bsp.a(altera_avalon_timer_sc.o)
                0x0082bcb4                alt_avalon_timer_sc_init
 .text          0x0082bd20      0x370 ../StereoSystem_bsp/\libhal_bsp.a(altera_up_avalon_audio.o)
                0x0082bd20                alt_up_audio_write_fifo_head
                0x0082bd3c                alt_up_audio_read_fifo_head
                0x0082bd58                alt_up_audio_write_fifo
                0x0082bdc4                alt_up_audio_read_fifo
                0x0082be30                alt_up_audio_write_fifo_space
                0x0082be4c                alt_up_audio_read_fifo_avail
                0x0082be68                alt_up_audio_reset_audio_core
                0x0082be8c                alt_up_audio_write_interrupt_pending
                0x0082bea0                alt_up_audio_read_interrupt_pending
                0x0082beb4                alt_up_audio_disable_write_interrupt
                0x0082becc                alt_up_audio_enable_write_interrupt
                0x0082bee0                alt_up_audio_disable_read_interrupt
                0x0082bef8                alt_up_audio_enable_read_interrupt
                0x0082bf0c                alt_up_audio_open_dev
                0x0082bf18                alt_up_audio_record_l
                0x0082bf78                alt_up_audio_record_r
                0x0082bfd4                alt_up_audio_play_r
                0x0082c034                alt_up_audio_play_l
 .text          0x0082c090      0x3fc ../StereoSystem_bsp/\libhal_bsp.a(altera_up_avalon_audio_and_video_config.o)
                0x0082c090                alt_up_av_config_disable_interrupt
                0x0082c0a0                alt_up_av_config_enable_interrupt
                0x0082c0b4                alt_up_av_config_reset
                0x0082c0c8                alt_up_av_config_read_ready
                0x0082c0dc                alt_up_av_config_read_acknowledge
                0x0082c104                alt_up_av_config_write_data
                0x0082c124                alt_up_av_config_open_dev
                0x0082c158                alt_up_av_config_read_data
                0x0082c19c                alt_up_av_config_write_LTM_cfg_register
                0x0082c1d8                alt_up_av_config_write_D5M_cfg_register
                0x0082c214                alt_up_av_config_write_DC2_cfg_register
                0x0082c254                alt_up_av_config_write_video_cfg_register
                0x0082c2b4                alt_up_av_config_write_audio_cfg_register
                0x0082c2f4                alt_up_av_config_read_LTM_cfg_register
                0x0082c350                alt_up_av_config_read_D5M_cfg_register
                0x0082c3ac                alt_up_av_config_read_DC2_cfg_register
                0x0082c40c                alt_up_av_config_read_video_cfg_register
 .text          0x0082c48c      0x310 ../StereoSystem_bsp/\libhal_bsp.a(altera_up_avalon_ps2.o)
                0x0082c48c                read_RI_bit
                0x0082c498                read_RE_bit
                0x0082c4a0                read_CE_bit
                0x0082c4ac                read_num_bytes_available
                0x0082c4b4                read_data_valid
                0x0082c4c0                read_data_byte
                0x0082c4c8                alt_up_ps2_open_dev
                0x0082c4d4                alt_up_ps2_read_data_byte_timeout
                0x0082c510                alt_up_ps2_write_data_byte
                0x0082c53c                alt_up_ps2_disable_read_interrupt
                0x0082c558                alt_up_ps2_enable_read_interrupt
                0x0082c570                alt_up_ps2_clear_fifo
                0x0082c584                alt_up_ps2_read_data_byte
                0x0082c5a8                alt_up_ps2_read_fd
                0x0082c5ec                alt_up_ps2_wait_for_ack
                0x0082c62c                alt_up_ps2_write_fd
                0x0082c674                alt_up_ps2_write_data_byte_with_ack
                0x0082c6d4                alt_up_ps2_init
 .text          0x0082c79c      0x12c ../StereoSystem_bsp/\libhal_bsp.a(altera_up_avalon_rs232.o)
                0x0082c79c                alt_up_rs232_check_parity
                0x0082c7a8                alt_up_rs232_open_dev
                0x0082c7b4                alt_up_rs232_read_data
                0x0082c7dc                alt_up_rs232_get_available_space_in_write_FIFO
                0x0082c7ec                alt_up_rs232_write_data
                0x0082c804                alt_up_rs232_disable_read_interrupt
                0x0082c820                alt_up_rs232_enable_read_interrupt
                0x0082c838                alt_up_rs232_get_used_space_in_read_FIFO
                0x0082c848                alt_up_rs232_read_fd
                0x0082c890                alt_up_rs232_write_fd
 .text          0x0082c8c8      0x134 ../StereoSystem_bsp/\libhal_bsp.a(altera_up_avalon_video_character_buffer_with_dma.o)
                0x0082c8c8                alt_up_char_buffer_string
                0x0082c924                alt_up_char_buffer_draw
                0x0082c97c                alt_up_char_buffer_clear
                0x0082c9a0                alt_up_char_buffer_open_dev
                0x0082c9ac                alt_up_char_buffer_init
 .text          0x0082c9fc      0xa7c ../StereoSystem_bsp/\libhal_bsp.a(altera_up_avalon_video_pixel_buffer_dma.o)
                0x0082c9fc                helper_plot_pixel
                0x0082ca54                alt_up_pixel_buffer_dma_draw_vline
                0x0082cbcc                alt_up_pixel_buffer_dma_draw_hline
                0x0082cd34                alt_up_pixel_buffer_dma_draw_rectangle
                0x0082ce00                alt_up_pixel_buffer_dma_draw_box
                0x0082d00c                alt_up_pixel_buffer_dma_clear_screen
                0x0082d0b4                alt_up_pixel_buffer_dma_swap_buffers
                0x0082d0d8                alt_up_pixel_buffer_dma_draw
                0x0082d198                alt_up_pixel_buffer_dma_check_swap_buffers_status
                0x0082d1a8                alt_up_pixel_buffer_dma_change_back_buffer_address
                0x0082d1d0                alt_up_pixel_buffer_dma_open_dev
                0x0082d1dc                alt_up_pixel_buffer_dma_draw_line
 .text          0x0082d478     0x52c4 ../StereoSystem_bsp/\libhal_bsp.a(altera_up_sd_card_avalon_interface.o)
                0x0082d478                match_file_record_to_name_ext
                0x0082d948                convert_filename_to_name_extension
                0x0082dc28                copy_file_record_name_to_string
                0x0082dd60                alt_up_sd_card_set_attributes
                0x0082dd98                alt_up_sd_card_get_attributes
                0x0082ddd8                alt_up_sd_card_is_Present
                0x0082de44                alt_up_sd_card_open_dev
                0x0082deb0                get_dir_divider_location
                0x0082df30                check_file_name_for_FAT16_compliance
                0x0082e03c                filename_to_upper_case
                0x0082e098                Write_File_Record_At_Offset
                0x0082e2bc                Read_File_Record_At_Offset
                0x0082e49c                Write_Sector_Data
                0x0082e548                Read_Sector_Data
                0x0082e644                find_first_empty_record_in_root_directory
                0x0082e724                find_first_empty_cluster
                0x0082e818                mark_cluster
                0x0082e8c8                get_cluster_flag
                0x0082e950                Save_Modified_Sector
                0x0082e96c                alt_up_sd_card_fclose
                0x0082eacc                Read_Sector_Data_CRC
                0x0082ebc8                Read_Sector_Data_Attempt_CRC
                0x0082ec50                Check_for_DOS_FAT
                0x0082f0a8                Check_for_Master_Boot_Record
                0x0082f2b4                Look_for_FAT16
                0x0082f3f0                alt_up_sd_card_is_FAT16
                0x0082f4a0                alt_up_sd_card_find_next
                0x0082f8e0                find_file_in_directory
                0x008305dc                alt_up_sd_card_read
                0x00830778                get_home_directory_cluster_for_file
                0x008314a4                alt_up_sd_card_find_first
                0x00831580                alt_up_sd_card_write
                0x00831a04                find_first_empty_record_in_a_subdirectory
                0x00831d30                create_file
                0x00832454                alt_up_sd_card_fopen
 .text          0x0083273c       0x18 ../StereoSystem_bsp/\libhal_bsp.a(alt_dcache_flush_all.o)
                0x0083273c                alt_dcache_flush_all
 .text          0x00832754       0x7c ../StereoSystem_bsp/\libhal_bsp.a(alt_dev_llist_insert.o)
                0x00832754                alt_dev_llist_insert
 .text          0x008327d0       0x4c ../StereoSystem_bsp/\libhal_bsp.a(alt_do_ctors.o)
                0x008327d0                _do_ctors
 .text          0x0083281c       0x4c ../StereoSystem_bsp/\libhal_bsp.a(alt_do_dtors.o)
                0x0083281c                _do_dtors
 .text          0x00832868       0x94 ../StereoSystem_bsp/\libhal_bsp.a(alt_find_dev.o)
                0x00832868                alt_find_dev
 .text          0x008328fc        0xc ../StereoSystem_bsp/\libhal_bsp.a(alt_icache_flush_all.o)
                0x008328fc                alt_icache_flush_all
 .text          0x00832908      0x104 ../StereoSystem_bsp/\libhal_bsp.a(alt_io_redirect.o)
                0x00832908                alt_io_redirect
 .text          0x00832a0c        0x0 ../StereoSystem_bsp/\libhal_bsp.a(alt_irq_entry.o)
 .text          0x00832a0c        0x0 ../StereoSystem_bsp/\libhal_bsp.a(alt_irq_handler.o)
 .text          0x00832a0c      0x180 ../StereoSystem_bsp/\libhal_bsp.a(alt_open.o)
                0x00832a0c                open
 .text          0x00832b8c        0x8 ../StereoSystem_bsp/\libhal_bsp.a(altera_nios2_qsys_irq.o)
                0x00832b8c                altera_nios2_qsys_irq_init
 .text          0x00832b94        0x0 ../StereoSystem_bsp/\libhal_bsp.a(alt_exception_entry.o)
 .text          0x00832b94       0xb0 ../StereoSystem_bsp/\libhal_bsp.a(alt_find_file.o)
                0x00832b94                alt_find_file
 .text          0x00832c44       0x60 ../StereoSystem_bsp/\libhal_bsp.a(alt_get_fd.o)
                0x00832c44                alt_get_fd
 .text          0x00832ca4       0x38 ../StereoSystem_bsp/\libhal_bsp.a(alt_icache_flush.o)
                0x00832ca4                alt_icache_flush
 .text          0x00832cdc       0x14 c:/altera/12.0sp2/nios2eds/bin/gnu/h-i686-mingw32/bin/../lib/gcc/nios2-elf/4.1.2/../../../../nios2-elf/lib\libc.a(lib_a-atexit.o)
                0x00832cdc                atexit
 .text          0x00832cf0      0x134 c:/altera/12.0sp2/nios2eds/bin/gnu/h-i686-mingw32/bin/../lib/gcc/nios2-elf/4.1.2/../../../../nios2-elf/lib\libc.a(lib_a-__atexit.o)
                0x00832cf0                __register_exitproc
 *(.gnu.warning.*)
 *(.fini)
                0x00832e24                PROVIDE (__etext, ABSOLUTE (.))
                0x00832e24                PROVIDE (_etext, ABSOLUTE (.))
                0x00832e24                PROVIDE (etext, ABSOLUTE (.))
 *(.eh_frame_hdr)
                0x00832e24                . = ALIGN (0x4)
                0x00832e24                PROVIDE (__preinit_array_start, ABSOLUTE (.))
 *(.preinit_array)
                0x00832e24                PROVIDE (__preinit_array_end, ABSOLUTE (.))
                0x00832e24                PROVIDE (__init_array_start, ABSOLUTE (.))
 *(.init_array)
                0x00832e24                PROVIDE (__init_array_end, ABSOLUTE (.))
                0x00832e24                PROVIDE (__fini_array_start, ABSOLUTE (.))
 *(.fini_array)
                0x00832e24                PROVIDE (__fini_array_end, ABSOLUTE (.))
 *(.eh_frame)
 .eh_frame      0x00832e24       0x40 c:/altera/12.0sp2/nios2eds/bin/gnu/h-i686-mingw32/bin/../lib/gcc/nios2-elf/4.1.2\libgcc.a(_udivdi3.o)
 .eh_frame      0x00832e64       0x2c c:/altera/12.0sp2/nios2eds/bin/gnu/h-i686-mingw32/bin/../lib/gcc/nios2-elf/4.1.2\libgcc.a(_umoddi3.o)
                                 0x40 (size before relaxing)
 *(.gcc_except_table)
 *(.dynamic)
                0x00832e90                PROVIDE (__CTOR_LIST__, ABSOLUTE (.))
 *(.ctors)
 *(SORT(.ctors.*))
 .ctors.65535   0x00832e90        0x4 c:/altera/12.0sp2/nios2eds/bin/gnu/h-i686-mingw32/bin/../lib/gcc/nios2-elf/4.1.2/../../../../nios2-elf/lib\libc.a(lib_a-__call_atexit.o)
                0x00832e94                PROVIDE (__CTOR_END__, ABSOLUTE (.))
                0x00832e94                PROVIDE (__DTOR_LIST__, ABSOLUTE (.))
 *(.dtors)
 *(SORT(.dtors.*))
                0x00832e94                PROVIDE (__DTOR_END__, ABSOLUTE (.))
 *(.jcr)
                0x00832e94                . = ALIGN (0x4)

.rodata         0x00832e94     0xc034
                0x00832e94                PROVIDE (__ram_rodata_start, ABSOLUTE (.))
                0x00832e94                . = ALIGN (0x4)
 *(.rodata .rodata.* .gnu.linkonce.r.*)
 .rodata.str1.4
                0x00832e94      0x167 obj/default/Button.o
                                0x168 (size before relaxing)
 *fill*         0x00832ffb        0x1 00
 .rodata.str1.4
                0x00832ffc      0x2c9 obj/default/Command.o
                                0x2d0 (size before relaxing)
 *fill*         0x008332c5        0x3 00
 .rodata.str1.4
                0x008332c8       0x15 obj/default/Cursor.o
                                 0x18 (size before relaxing)
 *fill*         0x008332dd        0x3 00
 .rodata.str1.4
                0x008332e0      0x398 obj/default/Database.o
                                0x3a0 (size before relaxing)
 .rodata.str1.4
                0x00833678      0x119 obj/default/Frame.o
                                0x11c (size before relaxing)
 *fill*         0x00833791        0x3 00
 .rodata.str1.4
                0x00833794       0xbe obj/default/Graphic.o
                                 0xc0 (size before relaxing)
 *fill*         0x00833852        0x2 00
 .rodata.str1.4
                0x00833854       0x87 obj/default/ISR_vectors.o
                                 0x88 (size before relaxing)
 *fill*         0x008338db        0x1 00
 .rodata.str1.4
                0x008338dc       0x30 obj/default/MemoryMgr.o
 .rodata.str1.4
                0x0083390c       0x83 obj/default/Packet.o
                                 0x84 (size before relaxing)
 *fill*         0x0083398f        0x1 00
 .rodata.str1.4
                0x00833990       0x17 obj/default/Playlist.o
                                 0x18 (size before relaxing)
 *fill*         0x008339a7        0x1 00
 .rodata.str1.4
                0x008339a8       0x56 obj/default/Queue.o
                                 0x58 (size before relaxing)
 *fill*         0x008339fe        0x2 00
 .rodata.str1.4
                0x00833a00       0xc8 obj/default/RS232.o
 .rodata.str1.4
                0x00833ac8       0x13 obj/default/Range.o
                                 0x14 (size before relaxing)
 *fill*         0x00833adb        0x1 00
 .rodata.str1.4
                0x00833adc       0x81 obj/default/Song.o
                                 0xa0 (size before relaxing)
 *fill*         0x00833b5d        0x3 00
 .rodata.str1.4
                0x00833b60       0x6e obj/default/StereoSystem.o
                                 0x70 (size before relaxing)
 *fill*         0x00833bce        0x2 00
 .rodata.str1.4
                0x00833bd0       0x3e obj/default/TestBot.o
                                 0x40 (size before relaxing)
 .rodata        0x00833c0e      0x200 obj/default/libMAD/bit.o
 *fill*         0x00833e0e        0x2 00
 .rodata        0x00833e10      0x144 obj/default/libMAD/frame.o
 .rodata        0x00833f54     0x121c obj/default/libMAD/huffman.o
                0x00833f54                mad_huff_pair_table
 .rodata        0x00835170      0x334 obj/default/libMAD/layer12.o
 .rodata        0x008354a4     0x8504 obj/default/libMAD/layer3.o
 .rodata.str1.4
                0x0083d9a8      0x235 obj/default/libMAD/stream.o
                                0x238 (size before relaxing)
 *fill*         0x0083dbdd        0x3 00
 .rodata        0x0083dbe0      0x880 obj/default/libMAD/synth.o
 .rodata.str1.4
                0x0083e460       0x2b obj/default/sound/AudioDeviceController.o
                                 0x2c (size before relaxing)
 *fill*         0x0083e48b        0x1 00
 .rodata.str1.4
                0x0083e48c       0x53 obj/default/sound/AudioFormat.o
                                 0x54 (size before relaxing)
 *fill*         0x0083e4df        0x1 00
 .rodata.str1.4
                0x0083e4e0      0x1e8 obj/default/sound/Sound.o
 .rodata.str1.4
                0x0083e6c8        0x4 c:/altera/12.0sp2/nios2eds/bin/gnu/h-i686-mingw32/bin/../lib/gcc/nios2-elf/4.1.2/../../../../nios2-elf/lib\libm.a(lib_a-w_log.o)
                                  0x8 (size before relaxing)
 .rodata.str1.4
                0x0083e6cc        0x5 c:/altera/12.0sp2/nios2eds/bin/gnu/h-i686-mingw32/bin/../lib/gcc/nios2-elf/4.1.2/../../../../nios2-elf/lib\libm.a(lib_a-w_sqrt.o)
                                  0x8 (size before relaxing)
 *fill*         0x0083e6d1        0x3 00
 .rodata        0x0083e6d4      0x188 c:/altera/12.0sp2/nios2eds/bin/gnu/h-i686-mingw32/bin/../lib/gcc/nios2-elf/4.1.2/../../../../nios2-elf/lib\libm.a(lib_a-e_rem_pio2.o)
 .rodata        0x0083e85c       0x50 c:/altera/12.0sp2/nios2eds/bin/gnu/h-i686-mingw32/bin/../lib/gcc/nios2-elf/4.1.2/../../../../nios2-elf/lib\libm.a(lib_a-k_rem_pio2.o)
 .rodata        0x0083e8ac       0x40 c:/altera/12.0sp2/nios2eds/bin/gnu/h-i686-mingw32/bin/../lib/gcc/nios2-elf/4.1.2/../../../../nios2-elf/lib\libm.a(lib_a-s_atan.o)
 .rodata        0x0083e8ec       0x10 c:/altera/12.0sp2/nios2eds/bin/gnu/h-i686-mingw32/bin/../lib/gcc/nios2-elf/4.1.2\libgcc.a(_thenan_sf.o)
                0x0083e8ec                __thenan_sf
 .rodata        0x0083e8fc       0x14 c:/altera/12.0sp2/nios2eds/bin/gnu/h-i686-mingw32/bin/../lib/gcc/nios2-elf/4.1.2\libgcc.a(_thenan_df.o)
                0x0083e8fc                __thenan_df
 .rodata        0x0083e910      0x100 c:/altera/12.0sp2/nios2eds/bin/gnu/h-i686-mingw32/bin/../lib/gcc/nios2-elf/4.1.2\libgcc.a(_clz.o)
                0x0083e910                __clz_tab
 .rodata.str1.4
                0x0083ea10        0x2 c:/altera/12.0sp2/nios2eds/bin/gnu/h-i686-mingw32/bin/../lib/gcc/nios2-elf/4.1.2/../../../../nios2-elf/lib\libc.a(lib_a-impure.o)
                                  0x4 (size before relaxing)
 .rodata.str1.4
                0x00000000        0x2 c:/altera/12.0sp2/nios2eds/bin/gnu/h-i686-mingw32/bin/../lib/gcc/nios2-elf/4.1.2/../../../../nios2-elf/lib\libc.a(lib_a-puts.o)
                                  0x4 (size before relaxing)
 *fill*         0x0083ea12        0x2 00
 .rodata.str1.4
                0x0083ea14       0x5a c:/altera/12.0sp2/nios2eds/bin/gnu/h-i686-mingw32/bin/../lib/gcc/nios2-elf/4.1.2/../../../../nios2-elf/lib\libc.a(lib_a-vfprintf.o)
                                 0x60 (size before relaxing)
 .rodata        0x0083ea6e       0x20 c:/altera/12.0sp2/nios2eds/bin/gnu/h-i686-mingw32/bin/../lib/gcc/nios2-elf/4.1.2/../../../../nios2-elf/lib\libc.a(lib_a-vfprintf.o)
 .rodata        0x0083ea8e      0x281 c:/altera/12.0sp2/nios2eds/bin/gnu/h-i686-mingw32/bin/../lib/gcc/nios2-elf/4.1.2/../../../../nios2-elf/lib\libc.a(lib_a-ctype_.o)
                0x0083ea8e                _ctype_
 *fill*         0x0083ed0f        0x1 00
 .rodata.str1.4
                0x0083ed10       0x10 c:/altera/12.0sp2/nios2eds/bin/gnu/h-i686-mingw32/bin/../lib/gcc/nios2-elf/4.1.2/../../../../nios2-elf/lib\libc.a(lib_a-dtoa.o)
                                 0x14 (size before relaxing)
 .rodata.str1.4
                0x0083ed20        0xb c:/altera/12.0sp2/nios2eds/bin/gnu/h-i686-mingw32/bin/../lib/gcc/nios2-elf/4.1.2/../../../../nios2-elf/lib\libc.a(lib_a-locale.o)
                                 0x18 (size before relaxing)
 *fill*         0x0083ed2b        0x1 00
 .rodata        0x0083ed2c       0x30 c:/altera/12.0sp2/nios2eds/bin/gnu/h-i686-mingw32/bin/../lib/gcc/nios2-elf/4.1.2/../../../../nios2-elf/lib\libc.a(lib_a-locale.o)
 .rodata        0x0083ed5c      0x124 c:/altera/12.0sp2/nios2eds/bin/gnu/h-i686-mingw32/bin/../lib/gcc/nios2-elf/4.1.2/../../../../nios2-elf/lib\libc.a(lib_a-mprec.o)
                0x0083ed5c                __mprec_tens
                0x0083ee24                __mprec_bigtens
                0x0083ee4c                __mprec_tinytens
 .rodata.str1.4
                0x0083ee80        0xa ../StereoSystem_bsp/\libhal_bsp.a(alt_dev.o)
                                  0xc (size before relaxing)
 *fill*         0x0083ee8a        0x2 00
 .rodata.str1.4
                0x0083ee8c        0xf ../StereoSystem_bsp/\libhal_bsp.a(alt_main.o)
                                 0x10 (size before relaxing)
 *fill*         0x0083ee9b        0x1 00
 .rodata.str1.4
                0x0083ee9c       0x2a ../StereoSystem_bsp/\libhal_bsp.a(alt_sys_init.o)
                                 0xac (size before relaxing)
 .rodata.str1.4
                0x00000000       0x2c ../StereoSystem_bsp/\libhal_bsp.a(altera_up_avalon_video_character_buffer_with_dma.o)
                                 0x1c (size before relaxing)
 *(.rodata1)
                0x0083eec8                . = ALIGN (0x4)
 *fill*         0x0083eec6        0x2 00
                0x0083eec8                PROVIDE (__ram_rodata_end, ABSOLUTE (.))
                0x00832e94                PROVIDE (__flash_rodata_start, LOADADDR (.rodata))

.rwdata         0x0083eec8     0x1d04 load address 0x00840bcc
                0x0083eec8                PROVIDE (__ram_rwdata_start, ABSOLUTE (.))
                0x0083eec8                . = ALIGN (0x4)
 *(.got.plt)
 *(.got)
 *(.data1)
 *(.data .data.* .gnu.linkonce.d.*)
 .data          0x0083eec8        0x0 ../StereoSystem_bsp//obj/HAL/src/crt0.o
 .data          0x0083eec8        0x0 obj/default/Button.o
 .data          0x0083eec8        0x0 obj/default/Colder.o
 .data          0x0083eec8        0x0 obj/default/Command.o
 .data          0x0083eec8        0x0 obj/default/CommandScheduler.o
 .data          0x0083eec8        0x0 obj/default/Cursor.o
 .data          0x0083eec8        0x0 obj/default/DSP/PhaseVocoder.o
 .data          0x0083eec8        0x0 obj/default/DSP/fft.o
 .data          0x0083eec8        0x0 obj/default/Database.o
 .data          0x0083eec8        0x0 obj/default/Frame.o
 .data          0x0083eec8        0x0 obj/default/Graphic.o
 .data          0x0083eec8        0x0 obj/default/ISR_vectors.o
 .data          0x0083eec8        0x0 obj/default/MemoryMgr.o
 .data          0x0083eec8        0x0 obj/default/Object.o
 .data          0x0083eec8        0x0 obj/default/Packet.o
 .data          0x0083eec8        0x0 obj/default/Playlist.o
 .data          0x0083eec8        0x0 obj/default/PushKeyController.o
 .data          0x0083eec8        0x0 obj/default/Queue.o
 .data          0x0083eec8        0x0 obj/default/RS232.o
 .data          0x0083eec8        0x0 obj/default/Range.o
 .data          0x0083eec8        0x0 obj/default/Song.o
 .data          0x0083eec8        0x0 obj/default/StereoSystem.o
 .data          0x0083eec8        0x0 obj/default/TestBot.o
 .data          0x0083eec8        0x0 obj/default/libMAD/bit.o
 .data          0x0083eec8        0x0 obj/default/libMAD/decoder.o
 .data          0x0083eec8        0x0 obj/default/libMAD/frame.o
 .data          0x0083eec8        0x0 obj/default/libMAD/huffman.o
 .data          0x0083eec8        0x0 obj/default/libMAD/layer12.o
 .data          0x0083eec8        0x0 obj/default/libMAD/layer3.o
 .data          0x0083eec8        0x0 obj/default/libMAD/stream.o
 .data          0x0083eec8        0x0 obj/default/libMAD/synth.o
 .data          0x0083eec8        0x0 obj/default/libMAD/timer.o
 .data          0x0083eec8        0x0 obj/default/sound/AudioDeviceController.o
 .data          0x0083eec8        0x0 obj/default/sound/AudioFormat.o
 .data          0x0083eec8        0x0 obj/default/sound/Sound.o
 .data          0x0083eec8        0x0 obj/default/sound/SoundMixer.o
 .data          0x0083eec8        0x0 c:/altera/12.0sp2/nios2eds/bin/gnu/h-i686-mingw32/bin/../lib/gcc/nios2-elf/4.1.2/../../../../nios2-elf/lib\libm.a(lib_a-s_cos.o)
 .data          0x0083eec8        0x0 c:/altera/12.0sp2/nios2eds/bin/gnu/h-i686-mingw32/bin/../lib/gcc/nios2-elf/4.1.2/../../../../nios2-elf/lib\libm.a(lib_a-s_sin.o)
 .data          0x0083eec8        0x0 c:/altera/12.0sp2/nios2eds/bin/gnu/h-i686-mingw32/bin/../lib/gcc/nios2-elf/4.1.2/../../../../nios2-elf/lib\libm.a(lib_a-w_atan2.o)
 .data          0x0083eec8        0x0 c:/altera/12.0sp2/nios2eds/bin/gnu/h-i686-mingw32/bin/../lib/gcc/nios2-elf/4.1.2/../../../../nios2-elf/lib\libm.a(lib_a-w_log.o)
 .data          0x0083eec8        0x0 c:/altera/12.0sp2/nios2eds/bin/gnu/h-i686-mingw32/bin/../lib/gcc/nios2-elf/4.1.2/../../../../nios2-elf/lib\libm.a(lib_a-w_sqrt.o)
 .data          0x0083eec8        0x0 c:/altera/12.0sp2/nios2eds/bin/gnu/h-i686-mingw32/bin/../lib/gcc/nios2-elf/4.1.2/../../../../nios2-elf/lib\libm.a(lib_a-e_atan2.o)
 .data          0x0083eec8        0x0 c:/altera/12.0sp2/nios2eds/bin/gnu/h-i686-mingw32/bin/../lib/gcc/nios2-elf/4.1.2/../../../../nios2-elf/lib\libm.a(lib_a-e_log.o)
 .data          0x0083eec8        0x0 c:/altera/12.0sp2/nios2eds/bin/gnu/h-i686-mingw32/bin/../lib/gcc/nios2-elf/4.1.2/../../../../nios2-elf/lib\libm.a(lib_a-e_rem_pio2.o)
 .data          0x0083eec8        0x0 c:/altera/12.0sp2/nios2eds/bin/gnu/h-i686-mingw32/bin/../lib/gcc/nios2-elf/4.1.2/../../../../nios2-elf/lib\libm.a(lib_a-e_sqrt.o)
 .data          0x0083eec8        0x0 c:/altera/12.0sp2/nios2eds/bin/gnu/h-i686-mingw32/bin/../lib/gcc/nios2-elf/4.1.2/../../../../nios2-elf/lib\libm.a(lib_a-k_cos.o)
 .data          0x0083eec8        0x0 c:/altera/12.0sp2/nios2eds/bin/gnu/h-i686-mingw32/bin/../lib/gcc/nios2-elf/4.1.2/../../../../nios2-elf/lib\libm.a(lib_a-k_rem_pio2.o)
 .data          0x0083eec8        0x0 c:/altera/12.0sp2/nios2eds/bin/gnu/h-i686-mingw32/bin/../lib/gcc/nios2-elf/4.1.2/../../../../nios2-elf/lib\libm.a(lib_a-k_sin.o)
 .data          0x0083eec8        0x0 c:/altera/12.0sp2/nios2eds/bin/gnu/h-i686-mingw32/bin/../lib/gcc/nios2-elf/4.1.2/../../../../nios2-elf/lib\libm.a(lib_a-s_atan.o)
 .data          0x0083eec8        0x0 c:/altera/12.0sp2/nios2eds/bin/gnu/h-i686-mingw32/bin/../lib/gcc/nios2-elf/4.1.2/../../../../nios2-elf/lib\libm.a(lib_a-s_fabs.o)
 .data          0x0083eec8        0x0 c:/altera/12.0sp2/nios2eds/bin/gnu/h-i686-mingw32/bin/../lib/gcc/nios2-elf/4.1.2/../../../../nios2-elf/lib\libm.a(lib_a-s_floor.o)
 .data          0x0083eec8        0x0 c:/altera/12.0sp2/nios2eds/bin/gnu/h-i686-mingw32/bin/../lib/gcc/nios2-elf/4.1.2/../../../../nios2-elf/lib\libm.a(lib_a-s_isnand.o)
 .data          0x0083eec8        0x0 c:/altera/12.0sp2/nios2eds/bin/gnu/h-i686-mingw32/bin/../lib/gcc/nios2-elf/4.1.2/../../../../nios2-elf/lib\libm.a(lib_a-s_lib_ver.o)
 .data          0x0083eec8        0x0 c:/altera/12.0sp2/nios2eds/bin/gnu/h-i686-mingw32/bin/../lib/gcc/nios2-elf/4.1.2/../../../../nios2-elf/lib\libm.a(lib_a-s_matherr.o)
 .data          0x0083eec8        0x0 c:/altera/12.0sp2/nios2eds/bin/gnu/h-i686-mingw32/bin/../lib/gcc/nios2-elf/4.1.2/../../../../nios2-elf/lib\libm.a(lib_a-s_nan.o)
 .data          0x0083eec8        0x0 c:/altera/12.0sp2/nios2eds/bin/gnu/h-i686-mingw32/bin/../lib/gcc/nios2-elf/4.1.2/../../../../nios2-elf/lib\libm.a(lib_a-s_scalbn.o)
 .data          0x0083eec8        0x0 c:/altera/12.0sp2/nios2eds/bin/gnu/h-i686-mingw32/bin/../lib/gcc/nios2-elf/4.1.2/../../../../nios2-elf/lib\libm.a(lib_a-s_copysign.o)
 .data          0x0083eec8        0x0 c:/altera/12.0sp2/nios2eds/bin/gnu/h-i686-mingw32/bin/../lib/gcc/nios2-elf/4.1.2\libgcc.a(_fixunssfsi.o)
 .data          0x0083eec8        0x0 c:/altera/12.0sp2/nios2eds/bin/gnu/h-i686-mingw32/bin/../lib/gcc/nios2-elf/4.1.2\libgcc.a(_addsub_sf.o)
 .data          0x0083eec8        0x0 c:/altera/12.0sp2/nios2eds/bin/gnu/h-i686-mingw32/bin/../lib/gcc/nios2-elf/4.1.2\libgcc.a(_mul_sf.o)
 .data          0x0083eec8        0x0 c:/altera/12.0sp2/nios2eds/bin/gnu/h-i686-mingw32/bin/../lib/gcc/nios2-elf/4.1.2\libgcc.a(_div_sf.o)
 .data          0x0083eec8        0x0 c:/altera/12.0sp2/nios2eds/bin/gnu/h-i686-mingw32/bin/../lib/gcc/nios2-elf/4.1.2\libgcc.a(_eq_sf.o)
 .data          0x0083eec8        0x0 c:/altera/12.0sp2/nios2eds/bin/gnu/h-i686-mingw32/bin/../lib/gcc/nios2-elf/4.1.2\libgcc.a(_ge_sf.o)
 .data          0x0083eec8        0x0 c:/altera/12.0sp2/nios2eds/bin/gnu/h-i686-mingw32/bin/../lib/gcc/nios2-elf/4.1.2\libgcc.a(_lt_sf.o)
 .data          0x0083eec8        0x0 c:/altera/12.0sp2/nios2eds/bin/gnu/h-i686-mingw32/bin/../lib/gcc/nios2-elf/4.1.2\libgcc.a(_le_sf.o)
 .data          0x0083eec8        0x0 c:/altera/12.0sp2/nios2eds/bin/gnu/h-i686-mingw32/bin/../lib/gcc/nios2-elf/4.1.2\libgcc.a(_si_to_sf.o)
 .data          0x0083eec8        0x0 c:/altera/12.0sp2/nios2eds/bin/gnu/h-i686-mingw32/bin/../lib/gcc/nios2-elf/4.1.2\libgcc.a(_sf_to_si.o)
 .data          0x0083eec8        0x0 c:/altera/12.0sp2/nios2eds/bin/gnu/h-i686-mingw32/bin/../lib/gcc/nios2-elf/4.1.2\libgcc.a(_sf_to_df.o)
 .data          0x0083eec8        0x0 c:/altera/12.0sp2/nios2eds/bin/gnu/h-i686-mingw32/bin/../lib/gcc/nios2-elf/4.1.2\libgcc.a(_thenan_sf.o)
 .data          0x0083eec8        0x0 c:/altera/12.0sp2/nios2eds/bin/gnu/h-i686-mingw32/bin/../lib/gcc/nios2-elf/4.1.2\libgcc.a(_usi_to_sf.o)
 .data          0x0083eec8        0x0 c:/altera/12.0sp2/nios2eds/bin/gnu/h-i686-mingw32/bin/../lib/gcc/nios2-elf/4.1.2\libgcc.a(_addsub_df.o)
 .data          0x0083eec8        0x0 c:/altera/12.0sp2/nios2eds/bin/gnu/h-i686-mingw32/bin/../lib/gcc/nios2-elf/4.1.2\libgcc.a(_mul_df.o)
 .data          0x0083eec8        0x0 c:/altera/12.0sp2/nios2eds/bin/gnu/h-i686-mingw32/bin/../lib/gcc/nios2-elf/4.1.2\libgcc.a(_div_df.o)
 .data          0x0083eec8        0x0 c:/altera/12.0sp2/nios2eds/bin/gnu/h-i686-mingw32/bin/../lib/gcc/nios2-elf/4.1.2\libgcc.a(_eq_df.o)
 .data          0x0083eec8        0x0 c:/altera/12.0sp2/nios2eds/bin/gnu/h-i686-mingw32/bin/../lib/gcc/nios2-elf/4.1.2\libgcc.a(_gt_df.o)
 .data          0x0083eec8        0x0 c:/altera/12.0sp2/nios2eds/bin/gnu/h-i686-mingw32/bin/../lib/gcc/nios2-elf/4.1.2\libgcc.a(_ge_df.o)
 .data          0x0083eec8        0x0 c:/altera/12.0sp2/nios2eds/bin/gnu/h-i686-mingw32/bin/../lib/gcc/nios2-elf/4.1.2\libgcc.a(_lt_df.o)
 .data          0x0083eec8        0x0 c:/altera/12.0sp2/nios2eds/bin/gnu/h-i686-mingw32/bin/../lib/gcc/nios2-elf/4.1.2\libgcc.a(_si_to_df.o)
 .data          0x0083eec8        0x0 c:/altera/12.0sp2/nios2eds/bin/gnu/h-i686-mingw32/bin/../lib/gcc/nios2-elf/4.1.2\libgcc.a(_df_to_si.o)
 .data          0x0083eec8        0x0 c:/altera/12.0sp2/nios2eds/bin/gnu/h-i686-mingw32/bin/../lib/gcc/nios2-elf/4.1.2\libgcc.a(_make_df.o)
 .data          0x0083eec8        0x0 c:/altera/12.0sp2/nios2eds/bin/gnu/h-i686-mingw32/bin/../lib/gcc/nios2-elf/4.1.2\libgcc.a(_df_to_sf.o)
 .data          0x0083eec8        0x0 c:/altera/12.0sp2/nios2eds/bin/gnu/h-i686-mingw32/bin/../lib/gcc/nios2-elf/4.1.2\libgcc.a(_thenan_df.o)
 .data          0x0083eec8        0x0 c:/altera/12.0sp2/nios2eds/bin/gnu/h-i686-mingw32/bin/../lib/gcc/nios2-elf/4.1.2\libgcc.a(lib2-divmod.o)
 .data          0x0083eec8      0x100 c:/altera/12.0sp2/nios2eds/bin/gnu/h-i686-mingw32/bin/../lib/gcc/nios2-elf/4.1.2\libgcc.a(lib2-divtable.o)
                0x0083eec8                __divsi3_table
 .data          0x0083efc8        0x0 c:/altera/12.0sp2/nios2eds/bin/gnu/h-i686-mingw32/bin/../lib/gcc/nios2-elf/4.1.2\libgcc.a(_muldi3.o)
 .data          0x0083efc8        0x0 c:/altera/12.0sp2/nios2eds/bin/gnu/h-i686-mingw32/bin/../lib/gcc/nios2-elf/4.1.2\libgcc.a(_clzsi2.o)
 .data          0x0083efc8        0x0 c:/altera/12.0sp2/nios2eds/bin/gnu/h-i686-mingw32/bin/../lib/gcc/nios2-elf/4.1.2\libgcc.a(_pack_sf.o)
 .data          0x0083efc8        0x0 c:/altera/12.0sp2/nios2eds/bin/gnu/h-i686-mingw32/bin/../lib/gcc/nios2-elf/4.1.2\libgcc.a(_unpack_sf.o)
 .data          0x0083efc8        0x0 c:/altera/12.0sp2/nios2eds/bin/gnu/h-i686-mingw32/bin/../lib/gcc/nios2-elf/4.1.2\libgcc.a(_fpcmp_parts_sf.o)
 .data          0x0083efc8        0x0 c:/altera/12.0sp2/nios2eds/bin/gnu/h-i686-mingw32/bin/../lib/gcc/nios2-elf/4.1.2\libgcc.a(_make_sf.o)
 .data          0x0083efc8        0x0 c:/altera/12.0sp2/nios2eds/bin/gnu/h-i686-mingw32/bin/../lib/gcc/nios2-elf/4.1.2\libgcc.a(_pack_df.o)
 .data          0x0083efc8        0x0 c:/altera/12.0sp2/nios2eds/bin/gnu/h-i686-mingw32/bin/../lib/gcc/nios2-elf/4.1.2\libgcc.a(_unpack_df.o)
 .data          0x0083efc8        0x0 c:/altera/12.0sp2/nios2eds/bin/gnu/h-i686-mingw32/bin/../lib/gcc/nios2-elf/4.1.2\libgcc.a(_fpcmp_parts_df.o)
 .data          0x0083efc8        0x0 c:/altera/12.0sp2/nios2eds/bin/gnu/h-i686-mingw32/bin/../lib/gcc/nios2-elf/4.1.2\libgcc.a(_clz.o)
 .data          0x0083efc8        0x0 c:/altera/12.0sp2/nios2eds/bin/gnu/h-i686-mingw32/bin/../lib/gcc/nios2-elf/4.1.2/../../../../nios2-elf/lib\libc.a(lib_a-abort.o)
 .data          0x0083efc8        0x0 c:/altera/12.0sp2/nios2eds/bin/gnu/h-i686-mingw32/bin/../lib/gcc/nios2-elf/4.1.2/../../../../nios2-elf/lib\libc.a(lib_a-atoi.o)
 .data          0x0083efc8        0x0 c:/altera/12.0sp2/nios2eds/bin/gnu/h-i686-mingw32/bin/../lib/gcc/nios2-elf/4.1.2/../../../../nios2-elf/lib\libc.a(lib_a-calloc.o)
 .data          0x0083efc8        0x0 c:/altera/12.0sp2/nios2eds/bin/gnu/h-i686-mingw32/bin/../lib/gcc/nios2-elf/4.1.2/../../../../nios2-elf/lib\libc.a(lib_a-callocr.o)
 .data          0x0083efc8        0x0 c:/altera/12.0sp2/nios2eds/bin/gnu/h-i686-mingw32/bin/../lib/gcc/nios2-elf/4.1.2/../../../../nios2-elf/lib\libc.a(lib_a-errno.o)
 .data          0x0083efc8        0x0 c:/altera/12.0sp2/nios2eds/bin/gnu/h-i686-mingw32/bin/../lib/gcc/nios2-elf/4.1.2/../../../../nios2-elf/lib\libc.a(lib_a-exit.o)
 .data          0x0083efc8        0x0 c:/altera/12.0sp2/nios2eds/bin/gnu/h-i686-mingw32/bin/../lib/gcc/nios2-elf/4.1.2/../../../../nios2-elf/lib\libc.a(lib_a-fprintf.o)
 .data          0x0083efc8      0x400 c:/altera/12.0sp2/nios2eds/bin/gnu/h-i686-mingw32/bin/../lib/gcc/nios2-elf/4.1.2/../../../../nios2-elf/lib\libc.a(lib_a-impure.o)
 .data          0x0083f3c8        0x0 c:/altera/12.0sp2/nios2eds/bin/gnu/h-i686-mingw32/bin/../lib/gcc/nios2-elf/4.1.2/../../../../nios2-elf/lib\libc.a(lib_a-malloc.o)
 .data          0x0083f3c8      0x408 c:/altera/12.0sp2/nios2eds/bin/gnu/h-i686-mingw32/bin/../lib/gcc/nios2-elf/4.1.2/../../../../nios2-elf/lib\libc.a(lib_a-mallocr.o)
                0x0083f3c8                __malloc_av_
 .data          0x0083f7d0        0x0 c:/altera/12.0sp2/nios2eds/bin/gnu/h-i686-mingw32/bin/../lib/gcc/nios2-elf/4.1.2/../../../../nios2-elf/lib\libc.a(lib_a-memcpy.o)
 .data          0x0083f7d0        0x0 c:/altera/12.0sp2/nios2eds/bin/gnu/h-i686-mingw32/bin/../lib/gcc/nios2-elf/4.1.2/../../../../nios2-elf/lib\libc.a(lib_a-memmove.o)
 .data          0x0083f7d0        0x0 c:/altera/12.0sp2/nios2eds/bin/gnu/h-i686-mingw32/bin/../lib/gcc/nios2-elf/4.1.2/../../../../nios2-elf/lib\libc.a(lib_a-memset.o)
 .data          0x0083f7d0        0x0 c:/altera/12.0sp2/nios2eds/bin/gnu/h-i686-mingw32/bin/../lib/gcc/nios2-elf/4.1.2/../../../../nios2-elf/lib\libc.a(lib_a-printf.o)
 .data          0x0083f7d0        0x0 c:/altera/12.0sp2/nios2eds/bin/gnu/h-i686-mingw32/bin/../lib/gcc/nios2-elf/4.1.2/../../../../nios2-elf/lib\libc.a(lib_a-puts.o)
 .data          0x0083f7d0        0x0 c:/altera/12.0sp2/nios2eds/bin/gnu/h-i686-mingw32/bin/../lib/gcc/nios2-elf/4.1.2/../../../../nios2-elf/lib\libc.a(lib_a-realloc.o)
 .data          0x0083f7d0        0x0 c:/altera/12.0sp2/nios2eds/bin/gnu/h-i686-mingw32/bin/../lib/gcc/nios2-elf/4.1.2/../../../../nios2-elf/lib\libc.a(lib_a-reallocr.o)
 .data          0x0083f7d0        0x0 c:/altera/12.0sp2/nios2eds/bin/gnu/h-i686-mingw32/bin/../lib/gcc/nios2-elf/4.1.2/../../../../nios2-elf/lib\libc.a(lib_a-sbrkr.o)