Archive member included because of file (symbol)

c:/altera/12.0sp2/nios2eds/bin/gnu/h-i686-mingw32/bin/../lib/gcc/nios2-elf/4.1.2\libgcc.a(_fixunssfsi.o)
                              obj/default/sound/Sound.o (__fixunssfsi)
c:/altera/12.0sp2/nios2eds/bin/gnu/h-i686-mingw32/bin/../lib/gcc/nios2-elf/4.1.2\libgcc.a(_addsub_sf.o)
                              obj/default/sound/Sound.o (__subsf3)
c:/altera/12.0sp2/nios2eds/bin/gnu/h-i686-mingw32/bin/../lib/gcc/nios2-elf/4.1.2\libgcc.a(_mul_sf.o)
                              obj/default/sound/Sound.o (__mulsf3)
c:/altera/12.0sp2/nios2eds/bin/gnu/h-i686-mingw32/bin/../lib/gcc/nios2-elf/4.1.2\libgcc.a(_div_sf.o)
                              obj/default/Command.o (__divsf3)
c:/altera/12.0sp2/nios2eds/bin/gnu/h-i686-mingw32/bin/../lib/gcc/nios2-elf/4.1.2\libgcc.a(_eq_sf.o)
                              obj/default/sound/Sound.o (__eqsf2)
c:/altera/12.0sp2/nios2eds/bin/gnu/h-i686-mingw32/bin/../lib/gcc/nios2-elf/4.1.2\libgcc.a(_ge_sf.o)
                              c:/altera/12.0sp2/nios2eds/bin/gnu/h-i686-mingw32/bin/../lib/gcc/nios2-elf/4.1.2\libgcc.a(_fixunssfsi.o) (__gesf2)
c:/altera/12.0sp2/nios2eds/bin/gnu/h-i686-mingw32/bin/../lib/gcc/nios2-elf/4.1.2\libgcc.a(_lt_sf.o)
                              obj/default/sound/Sound.o (__ltsf2)
c:/altera/12.0sp2/nios2eds/bin/gnu/h-i686-mingw32/bin/../lib/gcc/nios2-elf/4.1.2\libgcc.a(_le_sf.o)
                              obj/default/sound/Sound.o (__lesf2)
c:/altera/12.0sp2/nios2eds/bin/gnu/h-i686-mingw32/bin/../lib/gcc/nios2-elf/4.1.2\libgcc.a(_si_to_sf.o)
                              obj/default/Command.o (__floatsisf)
c:/altera/12.0sp2/nios2eds/bin/gnu/h-i686-mingw32/bin/../lib/gcc/nios2-elf/4.1.2\libgcc.a(_sf_to_si.o)
                              obj/default/Song.o (__fixsfsi)
c:/altera/12.0sp2/nios2eds/bin/gnu/h-i686-mingw32/bin/../lib/gcc/nios2-elf/4.1.2\libgcc.a(_sf_to_df.o)
                              obj/default/sound/SoundMixer.o (__extendsfdf2)
c:/altera/12.0sp2/nios2eds/bin/gnu/h-i686-mingw32/bin/../lib/gcc/nios2-elf/4.1.2\libgcc.a(_thenan_sf.o)
                              c:/altera/12.0sp2/nios2eds/bin/gnu/h-i686-mingw32/bin/../lib/gcc/nios2-elf/4.1.2\libgcc.a(_addsub_sf.o) (__thenan_sf)
c:/altera/12.0sp2/nios2eds/bin/gnu/h-i686-mingw32/bin/../lib/gcc/nios2-elf/4.1.2\libgcc.a(_usi_to_sf.o)
                              obj/default/sound/SoundMixer.o (__floatunsisf)
c:/altera/12.0sp2/nios2eds/bin/gnu/h-i686-mingw32/bin/../lib/gcc/nios2-elf/4.1.2\libgcc.a(_mul_df.o)
                              obj/default/Song.o (__muldf3)
c:/altera/12.0sp2/nios2eds/bin/gnu/h-i686-mingw32/bin/../lib/gcc/nios2-elf/4.1.2\libgcc.a(_si_to_df.o)
                              obj/default/Song.o (__floatsidf)
c:/altera/12.0sp2/nios2eds/bin/gnu/h-i686-mingw32/bin/../lib/gcc/nios2-elf/4.1.2\libgcc.a(_df_to_si.o)
                              obj/default/Song.o (__fixdfsi)
c:/altera/12.0sp2/nios2eds/bin/gnu/h-i686-mingw32/bin/../lib/gcc/nios2-elf/4.1.2\libgcc.a(_make_df.o)
                              c:/altera/12.0sp2/nios2eds/bin/gnu/h-i686-mingw32/bin/../lib/gcc/nios2-elf/4.1.2\libgcc.a(_sf_to_df.o) (__make_dp)
c:/altera/12.0sp2/nios2eds/bin/gnu/h-i686-mingw32/bin/../lib/gcc/nios2-elf/4.1.2\libgcc.a(_df_to_sf.o)
                              obj/default/sound/SoundMixer.o (__truncdfsf2)
c:/altera/12.0sp2/nios2eds/bin/gnu/h-i686-mingw32/bin/../lib/gcc/nios2-elf/4.1.2\libgcc.a(_thenan_df.o)
                              c:/altera/12.0sp2/nios2eds/bin/gnu/h-i686-mingw32/bin/../lib/gcc/nios2-elf/4.1.2\libgcc.a(_mul_df.o) (__thenan_df)
c:/altera/12.0sp2/nios2eds/bin/gnu/h-i686-mingw32/bin/../lib/gcc/nios2-elf/4.1.2\libgcc.a(lib2-divmod.o)
                              obj/default/Colder.o (__divsi3)
c:/altera/12.0sp2/nios2eds/bin/gnu/h-i686-mingw32/bin/../lib/gcc/nios2-elf/4.1.2\libgcc.a(lib2-divtable.o)
                              obj/default/Colder.o (__divsi3_table)
c:/altera/12.0sp2/nios2eds/bin/gnu/h-i686-mingw32/bin/../lib/gcc/nios2-elf/4.1.2\libgcc.a(_muldi3.o)
                              c:/altera/12.0sp2/nios2eds/bin/gnu/h-i686-mingw32/bin/../lib/gcc/nios2-elf/4.1.2\libgcc.a(_mul_sf.o) (__muldi3)
c:/altera/12.0sp2/nios2eds/bin/gnu/h-i686-mingw32/bin/../lib/gcc/nios2-elf/4.1.2\libgcc.a(_clzsi2.o)
                              c:/altera/12.0sp2/nios2eds/bin/gnu/h-i686-mingw32/bin/../lib/gcc/nios2-elf/4.1.2\libgcc.a(_si_to_sf.o) (__clzsi2)
c:/altera/12.0sp2/nios2eds/bin/gnu/h-i686-mingw32/bin/../lib/gcc/nios2-elf/4.1.2\libgcc.a(_pack_sf.o)
                              c:/altera/12.0sp2/nios2eds/bin/gnu/h-i686-mingw32/bin/../lib/gcc/nios2-elf/4.1.2\libgcc.a(_addsub_sf.o) (__pack_f)
c:/altera/12.0sp2/nios2eds/bin/gnu/h-i686-mingw32/bin/../lib/gcc/nios2-elf/4.1.2\libgcc.a(_unpack_sf.o)
                              c:/altera/12.0sp2/nios2eds/bin/gnu/h-i686-mingw32/bin/../lib/gcc/nios2-elf/4.1.2\libgcc.a(_addsub_sf.o) (__unpack_f)
[...]
Memory Configuration

Name             Origin             Length             Attributes
reset            0x00800000         0x00000020
sdram            0x00800020         0x007fffe0
*default*        0x00000000         0xffffffff

Linker script and memory map

LOAD ../StereoSystem_bsp//obj/HAL/src/crt0.o
LOAD obj/default/Button.o
LOAD obj/default/Colder.o
LOAD obj/default/Command.o
LOAD obj/default/CommandScheduler.o
LOAD obj/default/Cursor.o
LOAD obj/default/Database.o
LOAD obj/default/Frame.o
LOAD obj/default/Graphic.o
LOAD obj/default/ISR_vectors.o
LOAD obj/default/MemoryMgr.o
LOAD obj/default/Object.o
LOAD obj/default/Packet.o
LOAD obj/default/Playlist.o
LOAD obj/default/PushKeyController.o
LOAD obj/default/Queue.o
LOAD obj/default/RS232.o
LOAD obj/default/Range.o
LOAD obj/default/Song.o
LOAD obj/default/StereoSystem.o
LOAD obj/default/TestBot.o
LOAD obj/default/libMAD/bit.o
LOAD obj/default/libMAD/decoder.o
LOAD obj/default/libMAD/frame.o
LOAD obj/default/libMAD/huffman.o
LOAD obj/default/libMAD/layer12.o
LOAD obj/default/libMAD/layer3.o
LOAD obj/default/libMAD/stream.o
LOAD obj/default/libMAD/synth.o
LOAD obj/default/libMAD/timer.o
LOAD obj/default/sound/AudioDeviceController.o
LOAD obj/default/sound/Sound.o
LOAD obj/default/sound/SoundMixer.o
LOAD c:/altera/12.0sp2/nios2eds/bin/gnu/h-i686-mingw32/bin/../lib/gcc/nios2-elf/4.1.2/../../../../nios2-elf/lib\libstdc++.a
LOAD c:/altera/12.0sp2/nios2eds/bin/gnu/h-i686-mingw32/bin/../lib/gcc/nios2-elf/4.1.2/../../../../nios2-elf/lib\libm.a
LOAD c:/altera/12.0sp2/nios2eds/bin/gnu/h-i686-mingw32/bin/../lib/gcc/nios2-elf/4.1.2\libgcc.a
START GROUP
LOAD c:/altera/12.0sp2/nios2eds/bin/gnu/h-i686-mingw32/bin/../lib/gcc/nios2-elf/4.1.2/../../../../nios2-elf/lib\libc.a
LOAD c:/altera/12.0sp2/nios2eds/bin/gnu/h-i686-mingw32/bin/../lib/gcc/nios2-elf/4.1.2\libgcc.a
LOAD ../StereoSystem_bsp/\libhal_bsp.a
END GROUP
LOAD c:/altera/12.0sp2/nios2eds/bin/gnu/h-i686-mingw32/bin/../lib/gcc/nios2-elf/4.1.2\libgcc.a
                0x00800000                __alt_mem_sdram = 0x800000

.entry          0x00800000       0x20
 *(.entry)
 .entry         0x00800000       0x20 ../StereoSystem_bsp//obj/HAL/src/crt0.o
                0x00800000                __reset

.exceptions     0x00800020      0x198
                0x00800020                PROVIDE (__ram_exceptions_start, ABSOLUTE (.))
                0x00800020                . = ALIGN (0x20)
 *(.irq)
 *(.exceptions.entry.label)
 .exceptions.entry.label
                0x00800020        0x0 ../StereoSystem_bsp/\libhal_bsp.a(alt_irq_entry.o)
                0x00800020                alt_irq_entry
 .exceptions.entry.label
                0x00800020        0x0 ../StereoSystem_bsp/\libhal_bsp.a(alt_exception_entry.o)
                0x00800020                alt_exception
 *(.exceptions.entry.user)
 *(.exceptions.entry)
 .exceptions.entry
                0x00800020       0x54 ../StereoSystem_bsp/\libhal_bsp.a(alt_exception_entry.o)
 *(.exceptions.irqtest.user)
 *(.exceptions.irqtest)
 .exceptions.irqtest
                0x00800074       0x10 ../StereoSystem_bsp/\libhal_bsp.a(alt_irq_entry.o)
 *(.exceptions.irqhandler.user)
 *(.exceptions.irqhandler)
 .exceptions.irqhandler
                0x00800084        0x4 ../StereoSystem_bsp/\libhal_bsp.a(alt_irq_entry.o)
 *(.exceptions.irqreturn.user)
 *(.exceptions.irqreturn)
 .exceptions.irqreturn
                0x00800088        0x4 ../StereoSystem_bsp/\libhal_bsp.a(alt_irq_entry.o)
 *(.exceptions.notirq.label)
 .exceptions.notirq.label
                0x0080008c        0x0 ../StereoSystem_bsp/\libhal_bsp.a(alt_irq_entry.o)
 *(.exceptions.notirq.user)
 *(.exceptions.notirq)
 .exceptions.notirq
                0x0080008c        0x8 ../StereoSystem_bsp/\libhal_bsp.a(alt_exception_entry.o)
 *(.exceptions.soft.user)
 *(.exceptions.soft)
 *(.exceptions.unknown.user)
 *(.exceptions.unknown)
 .exceptions.unknown
                0x00800094        0x4 ../StereoSystem_bsp/\libhal_bsp.a(alt_exception_entry.o)
 *(.exceptions.exit.label)
 .exceptions.exit.label
                0x00800098        0x0 ../StereoSystem_bsp/\libhal_bsp.a(alt_irq_entry.o)
 .exceptions.exit.label
                0x00800098        0x0 ../StereoSystem_bsp/\libhal_bsp.a(alt_exception_entry.o)
 *(.exceptions.exit.user)
 *(.exceptions.exit)
 .exceptions.exit
                0x00800098       0x54 ../StereoSystem_bsp/\libhal_bsp.a(alt_exception_entry.o)
 *(.exceptions)
 .exceptions    0x008000ec       0xcc ../StereoSystem_bsp/\libhal_bsp.a(alt_irq_handler.o)
                0x008000ec                alt_irq_handler
                0x008001b8                PROVIDE (__ram_exceptions_end, ABSOLUTE (.))
                0x00800020                PROVIDE (__flash_exceptions_start, LOADADDR (.exceptions))

.text           0x008001b8    0x2c200
                0x008001b8                PROVIDE (stext, ABSOLUTE (.))
 *(.interp)
 *(.hash)
 *(.dynsym)
 *(.dynstr)
 *(.gnu.version)
 *(.gnu.version_d)
 *(.gnu.version_r)
 *(.rel.init)
 *(.rela.init)
 *(.rel.text .rel.text.* .rel.gnu.linkonce.t.*)
 *(.rela.text .rela.text.* .rela.gnu.linkonce.t.*)
 *(.rel.fini)
 *(.rela.fini)
 *(.rel.rodata .rel.rodata.* .rel.gnu.linkonce.r.*)
 *(.rela.rodata .rela.rodata.* .rela.gnu.linkonce.r.*)
 *(.rel.data .rel.data.* .rel.gnu.linkonce.d.*)
 *(.rela.data .rela.data.* .rela.gnu.linkonce.d.*)
 *(.rel.tdata .rel.tdata.* .rel.gnu.linkonce.td.*)
 *(.rela.tdata .rela.tdata.* .rela.gnu.linkonce.td.*)
 *(.rel.tbss .rel.tbss.* .rel.gnu.linkonce.tb.*)
 *(.rela.tbss .rela.tbss.* .rela.gnu.linkonce.tb.*)
 *(.rel.ctors)
 *(.rela.ctors)
 *(.rel.dtors)
 *(.rela.dtors)
 *(.rel.got)
 *(.rela.got)
 *(.rel.sdata .rel.sdata.* .rel.gnu.linkonce.s.*)
 *(.rela.sdata .rela.sdata.* .rela.gnu.linkonce.s.*)
 *(.rel.sbss .rel.sbss.* .rel.gnu.linkonce.sb.*)
 *(.rela.sbss .rela.sbss.* .rela.gnu.linkonce.sb.*)
 *(.rel.sdata2 .rel.sdata2.* .rel.gnu.linkonce.s2.*)
 *(.rela.sdata2 .rela.sdata2.* .rela.gnu.linkonce.s2.*)
 *(.rel.sbss2 .rel.sbss2.* .rel.gnu.linkonce.sb2.*)
 *(.rela.sbss2 .rela.sbss2.* .rela.gnu.linkonce.sb2.*)
 *(.rel.bss .rel.bss.* .rel.gnu.linkonce.b.*)
 *(.rela.bss .rela.bss.* .rela.gnu.linkonce.b.*)
 *(.rel.plt)
 *(.rela.plt)
 *(.rel.dyn)
 *(.init)
 *(.plt)
 *(.text .stub .text.* .gnu.linkonce.t.*)
 .text          0x008001b8       0x4c ../StereoSystem_bsp//obj/HAL/src/crt0.o
                0x008001b8                _start
 .text          0x00800204      0xe2c obj/default/Button.o
                0x00800204                dummyDraw
                0x00800208                getXActionBtn
                0x00800270                getYActionBtn
                0x00800280                playlistButtonCollide
                0x008003ec                songButtonCollide
                0x00800558                drawRange
                0x008005c8                dummyCollide
                0x008005d4                allSongsMenuButtonCollide
                0x0080062c                playlistMenuButtonCollide
                0x00800684                drawActionButton
                0x00800698                drawTxtButton
                0x008006b8                initButton
                0x0080070c                pauseButtonCollide
                0x00800784                playButtonCollide
                0x008007fc                nextButtonCollide
                0x00800874                prevButtonCollide
                0x008008ec                stopButtonCollide
                0x00800964                actionButtonCollide
                0x00800bb0                initActionButton
                0x00800cdc                initPlaylistButton
                0x00800d94                initSongButton
                0x00800e60                initMenuButton
                0x00800f44                menuButtonCollide
 .text          0x00801030      0x88c obj/default/Colder.o
                0x00801030                decodePlaylist
                0x00801038                decodeString
                0x00801118                decodeCmd
                0x0080131c                encodeCmd
                0x0080157c                encodeString
                0x0080172c                decode
 .text          0x008018bc     0x12dc obj/default/Command.o
                0x008018bc                syncRemoveSongFromList
                0x008018c0                updateSongToPlaylist
                0x008018c4                moveSongToIndex
                0x008018c8                repeatCurrentSong
                0x008018cc                reverse
                0x008018d0                updateDBIndex
                0x008018d4                repeatPlaylist
                0x008018e4                play_playlist
                0x008018f4                removeList
                0x00801904                shuffle
                0x00801914                removeSongFromList
                0x0080198c                addSongToList
                0x00801a3c                selectList
                0x00801a78                seek
                0x00801a88                modifyPlaylistName
                0x00801aa4                killCmd
                0x00801b58                createSong
                0x00801b84                createExisitedPlaylist
                0x00801bc0                createPlaylist
                0x00801bfc                setVolume
                0x00801c44                stop
                0x00801cb4                pause
                0x00801cec                initCmd
                0x00801e0c                syncSelectList
                0x00801e94                syncCreatePlaylist
                0x00801ef4                syncSetVol
                0x00801fa8                syncStop
                0x00801ff4                syncPause
                0x0080207c                syncPlay
                0x0080216c                prev
                0x00802234                next
                0x008022e0                syncNext
                0x00802394                syncPrev
                0x00802448                syncUpdatePos
                0x00802584                play
                0x00802670                syncAddExisitedSongToList
                0x00802780                syncAddSongToList
                0x00802890                syncDBFinish
                0x0080295c                syncCreateSong
                0x00802a64                syncCreateExisitedPlaylist
 .text          0x00802b98      0x30c obj/default/CommandScheduler.o
                0x00802b98                cmdProcessing
                0x00802e68                addCmd
                0x00802e70                initCmdScheduler
 .text          0x00802ea4      0x654 obj/default/Cursor.o
                0x00802ea4                getCursorX
                0x00802eb4                getCursorY
                0x00802ec4                memOverlap
                0x008030cc                moveCursor
                0x008030e8                enableCursorInterrupt
                0x00803128                initCursor
                0x00803250                updateCursor
 .text          0x008034f8     0x1b3c obj/default/Database.o
                0x008034f8                isCurrPlaying
                0x00803528                initializeListWithSongs
                0x008036c0                removeCurrPlaying
                0x00803754                querySongByName
                0x008037dc                queryListByName
                0x008038a8                getSongsFromSD
                0x008039a8                createPlaylistFromTxt
                0x00803a88                openFileFromSD
                0x00803af4                writeLine
                0x00803bec                readLine
                0x00803ce8                removeListFromDB
                0x00803dc0                addExisitedListToDB
                0x00803f00                addListToDB
                0x0080400c                addSongToDB
                0x00804064                update
                0x008041e0                saveListChangesToSD
                0x008044f8                saveAllUpdatesToSDBeforeQuits
                0x00804518                getAndUpdateSongsFromTxt
                0x008048e4                loadSongsFromSD
                0x00804914                preloadSongsToPlaylist
                0x00804a84                saveListsToSD
                0x00804bf8                updateSongToSD
                0x00804d04                loadListsFromSD
                0x00804eec                initDatabase
 .text          0x00805034      0xb5c obj/default/Frame.o
                0x00805034                drawSongPanel
                0x0080509c                drawPlaylistPanel
                0x00805114                displayLoadingScreenVGA
                0x00805180                clearSongPanel
                0x008052e8                drawActionFrame
                0x00805374                drawMenuFrame
                0x00805428                drawMainFrame
                0x008054c0                initFrame
                0x008054e0                initPlaylistPanel
                0x008055d4                initSongPanel
                0x008056d8                initActionFrame
                0x0080584c                initMenuFrame
                0x00805904                initMainFrame
 .text          0x00805b90      0xa2c obj/default/Graphic.o
                0x00805b90                getColor
                0x00805bb0                getColor555
                0x00805bc8                addImage
                0x00805bf0                setImagePos
                0x00805c0c                drawBox
                0x00805c70                initImage
                0x00805d20                initVGA
                0x00805db8                draw
                0x00805e94                draw_notransparent
                0x00805f64                loadSDImage
                0x008063a4                drawVerticalLine
                0x00806414                drawHorizontalLine
                0x00806478                killImage
 .text          0x008065bc      0xc20 obj/default/ISR_vectors.o
                0x008065bc                animate_ISR
                0x0080677c                audio_ISR
                0x00806818                push_key_ISR
                0x00806948                RS232_ISR
                0x00806e40                ps2_ISR
                0x00806fc0                mix_ISR
 .text          0x008071dc      0x250 obj/default/MemoryMgr.o
                0x008071dc                freeMem
                0x00807318                addToMemory
                0x00807400                initMemory
 .text          0x0080742c       0xb4 obj/default/Object.o
                0x0080742c                setXY
                0x00807458                setNextXY
                0x0080746c                initObject
 .text          0x008074e0      0x418 obj/default/Packet.o
                0x008074e0                getBit
                0x008074f0                setBit
                0x00807508                initPacket
                0x008075a0                strnsep_
                0x008076a8                killPacket
                0x00807710                readPacketHeader
                0x00807838                setAck
                0x0080785c                setHeader
 .text          0x008078f8      0x1d8 obj/default/Playlist.o
                0x008078f8                setListId
                0x00807900                generateListNameForSD
                0x00807988                killPlaylist
                0x008079c0                setListName
                0x00807a34                initPlaylist
 .text          0x00807ad0      0x158 obj/default/PushKeyController.o
                0x00807ad0                isBitSet
                0x00807ae8                isKeyUp
                0x00807b0c                isKeyDown
                0x00807b34                initPushKeyController
                0x00807b94                wasKeyJustReleased
                0x00807bdc                wasKeyJustPressed
 .text          0x00807c28      0x454 obj/default/Queue.o
                0x00807c28                containsValue
                0x00807c74                initQueue
                0x00807c9c                enqueue
                0x00807d64                killQueueData
                0x00807da8                dequeue
                0x00807e54                dequeueValue
                0x00807f80                addPacketsLengthToQueue
 .text          0x0080807c      0x8b8 obj/default/RS232.o
                0x0080807c                switchAck
                0x00808094                setStates
                0x008080b4                sendRS232
                0x00808114                updateAcknowledge
                0x008081a0                send
                0x0080821c                initRS232
                0x00808380                reset
                0x008084b8                failReceive
                0x008084f4                checkAck
                0x00808598                checkStartAck
                0x00808614                sendAck
                0x00808740                sendStats
                0x00808880                sendStartInit
 .text          0x00808934      0x900 obj/default/Range.o
                0x00808934                checkImgCollisionForMouse
                0x00808a78                checkTxtCollisionForMouse
                0x00808bd4                compareRange
                0x00808cbc                initRange
                0x00808d18                checkButtonCollision
 .text          0x00809234      0x4c8 obj/default/Song.o
                0x00809234                setSongId
                0x0080923c                getLength
                0x00809244                getSongPosition
                0x0080924c                seekSong
                0x00809254                stopSong
                0x008092c4                resumeSong
                0x008092cc                pauseSong
                0x00809340                setSongVolume
                0x00809348                setSongName
                0x008093bc                unloadSong
                0x00809408                loadSong
                0x00809484                initSong
                0x00809540                playSong
 .text          0x008096fc      0x264 obj/default/StereoSystem.o
                0x008096fc                initAudioBuffer
                0x00809738                initAnimate
                0x00809774                loadSDCard
                0x008097f0                main
 .text          0x00809960      0x1dc obj/default/TestBot.o
                0x00809960                dBTester
                0x00809964                soundTester
                0x008099d8                cmdTester
                0x00809a68                dbTester2
                0x00809af8                graphicTester
 .text          0x00809b3c      0x6c8 obj/default/libMAD/bit.o
                0x00809b3c                mad_bit_init
                0x00809b50                mad_bit_length
                0x00809b74                mad_bit_nextbyte
                0x00809b94                mad_bit_skip
                0x00809bf0                mad_bit_read
                0x00809ccc                mad_bit_crc
 .text          0x0080a204      0x344 obj/default/libMAD/decoder.o
                0x0080a204                mad_decoder_init
                0x0080a250                mad_decoder_finish
                0x0080a258                mad_decoder_message
                0x0080a260                mad_decoder_run
 .text          0x0080a548      0xaa8 obj/default/libMAD/frame.o
                0x0080a548                mad_header_init
                0x0080a58c                mad_frame_mute
                0x0080a8e4                mad_header_decode
                0x0080adcc                mad_frame_decode
                0x0080aef0                mad_frame_finish
                0x0080af24                mad_frame_init
 .text          0x0080aff0        0x0 obj/default/libMAD/huffman.o
 .text          0x0080aff0      0xf4c obj/default/libMAD/layer12.o
                0x0080aff0                mad_layer_I
                0x0080b4a4                mad_layer_II
 .text          0x0080bf3c     0x4bf0 obj/default/libMAD/layer3.o
                0x00810320                mad_layer_III
 .text          0x00810b2c      0x350 obj/default/libMAD/stream.o
                0x00810b2c                mad_stream_skip
                0x00810b3c                mad_stream_errorstr
                0x00810d14                mad_stream_sync
                0x00810dbc                mad_stream_buffer
                0x00810de0                mad_stream_init
                0x00810e48                mad_stream_finish
 .text          0x00810e7c     0x25f4 obj/default/libMAD/synth.o
                0x00810e7c                mad_synth_mute
                0x008132a4                mad_synth_frame
                0x008133a8                mad_synth_init
 .text          0x00813470     0x1944 obj/default/libMAD/timer.o
                0x00813470                mad_timer_compare
                0x00813498                mad_timer_negate
                0x008134cc                mad_timer_abs
                0x00813500                mad_timer_add
                0x00813584                mad_timer_multiply
                0x0081386c                mad_timer_fraction
                0x008138f4                mad_timer_set
                0x00813b00                mad_timer_count
                0x00814428                mad_timer_string
 .text          0x00814db4       0xd8 obj/default/sound/AudioDeviceController.o
                0x00814db4                disableAudioDeviceController
                0x00814dc4                enableAudioDeviceController
                0x00814e00                av_config_setup
                0x00814e38                initAudioDeviceController
 .text          0x00814e8c      0xefc obj/default/sound/Sound.o
                0x00814e8c                convertFromMS
                0x00814e94                convertToMS
                0x00814eb4                changeBitsPerSample
                0x00814f48                clearSoundBuffer
                0x00814f80                allowFade
                0x00814fa0                setFadeInLength
                0x00814fa8                setFadeOutLength
                0x00814fb8                setSoundVolume
                0x00814fc4                seekSound
                0x00814fd0                updatePos
                0x00814fec                pauseSound
                0x00814ff4                resumeSound
                0x00815000                stopSound
                0x0081500c                checkEnd
                0x00815024                unloadSound
                0x0081510c                initSound
                0x008151e0                readInt
                0x008152ec                loadWavHeader
                0x008154f4                loadSoundBuffer
                0x008157ec                loadMP3Sound
                0x00815b3c                playSound
                0x00815b5c                getSoundLengthMS
                0x00815b80                getSoundPositionMS
                0x00815ba4                loadWavSound
                0x00815cfc                loadSound
 .text          0x00815d88      0x730 obj/default/sound/SoundMixer.o
                0x00815d88                loadToSoundBuffer
                0x00815f78                negativeToPositive
                0x00815f90                positiveToNegative
                0x00815fa8                incIndex
                0x00815ff4                clearIndexBuffer
                0x0081600c                setGlobalVolume
                0x00816034                clearSoundMixer
                0x00816094                initSoundMixer
                0x00816134                updateMixer
 .text          0x008164b8       0x70 c:/altera/12.0sp2/nios2eds/bin/gnu/h-i686-mingw32/bin/../lib/gcc/nios2-elf/4.1.2\libgcc.a(_fixunssfsi.o)
                0x008164b8                __fixunssfsi
 .text          0x00816528      0x2b8 c:/altera/12.0sp2/nios2eds/bin/gnu/h-i686-mingw32/bin/../lib/gcc/nios2-elf/4.1.2\libgcc.a(_addsub_sf.o)
                0x0081670c                __subsf3
                0x0081677c                __addsf3
 .text          0x008167e0      0x1e0 c:/altera/12.0sp2/nios2eds/bin/gnu/h-i686-mingw32/bin/../lib/gcc/nios2-elf/4.1.2\libgcc.a(_mul_sf.o)
                0x008167e0                __mulsf3
 .text          0x008169c0      0x174 c:/altera/12.0sp2/nios2eds/bin/gnu/h-i686-mingw32/bin/../lib/gcc/nios2-elf/4.1.2\libgcc.a(_div_sf.o)
                0x008169c0                __divsf3
 .text          0x00816b34       0x78 c:/altera/12.0sp2/nios2eds/bin/gnu/h-i686-mingw32/bin/../lib/gcc/nios2-elf/4.1.2\libgcc.a(_eq_sf.o)
                0x00816b34                __eqsf2
 .text          0x00816bac       0x78 c:/altera/12.0sp2/nios2eds/bin/gnu/h-i686-mingw32/bin/../lib/gcc/nios2-elf/4.1.2\libgcc.a(_ge_sf.o)
                0x00816bac                __gesf2
 .text          0x00816c24       0x78 c:/altera/12.0sp2/nios2eds/bin/gnu/h-i686-mingw32/bin/../lib/gcc/nios2-elf/4.1.2\libgcc.a(_lt_sf.o)
                0x00816c24                __ltsf2
 .text          0x00816c9c       0x78 c:/altera/12.0sp2/nios2eds/bin/gnu/h-i686-mingw32/bin/../lib/gcc/nios2-elf/4.1.2\libgcc.a(_le_sf.o)
                0x00816c9c                __lesf2
 .text          0x00816d14       0x98 c:/altera/12.0sp2/nios2eds/bin/gnu/h-i686-mingw32/bin/../lib/gcc/nios2-elf/4.1.2\libgcc.a(_si_to_sf.o)
                0x00816d14                __floatsisf
 .text          0x00816dac       0x94 c:/altera/12.0sp2/nios2eds/bin/gnu/h-i686-mingw32/bin/../lib/gcc/nios2-elf/4.1.2\libgcc.a(_sf_to_si.o)
                0x00816dac                __fixsfsi
 .text          0x00816e40       0x54 c:/altera/12.0sp2/nios2eds/bin/gnu/h-i686-mingw32/bin/../lib/gcc/nios2-elf/4.1.2\libgcc.a(_sf_to_df.o)
                0x00816e40                __extendsfdf2
 .text          0x00816e94        0x0 c:/altera/12.0sp2/nios2eds/bin/gnu/h-i686-mingw32/bin/../lib/gcc/nios2-elf/4.1.2\libgcc.a(_thenan_sf.o)
 .text          0x00816e94       0xc0 c:/altera/12.0sp2/nios2eds/bin/gnu/h-i686-mingw32/bin/../lib/gcc/nios2-elf/4.1.2\libgcc.a(_usi_to_sf.o)
                0x00816e94                __floatunsisf
 .text          0x00816f54      0x3c4 c:/altera/12.0sp2/nios2eds/bin/gnu/h-i686-mingw32/bin/../lib/gcc/nios2-elf/4.1.2\libgcc.a(_mul_df.o)
                0x00816f54                __muldf3
 .text          0x00817318       0xf8 c:/altera/12.0sp2/nios2eds/bin/gnu/h-i686-mingw32/bin/../lib/gcc/nios2-elf/4.1.2\libgcc.a(_si_to_df.o)
                0x00817318                __floatsidf
 .text          0x00817410       0xd8 c:/altera/12.0sp2/nios2eds/bin/gnu/h-i686-mingw32/bin/../lib/gcc/nios2-elf/4.1.2\libgcc.a(_df_to_si.o)
                0x00817410                __fixdfsi
 .text          0x008174e8       0x38 c:/altera/12.0sp2/nios2eds/bin/gnu/h-i686-mingw32/bin/../lib/gcc/nios2-elf/4.1.2\libgcc.a(_make_df.o)
                0x008174e8                __make_dp
 .text          0x00817520       0x74 c:/altera/12.0sp2/nios2eds/bin/gnu/h-i686-mingw32/bin/../lib/gcc/nios2-elf/4.1.2\libgcc.a(_df_to_sf.o)
                0x00817520                __truncdfsf2
 .text          0x00817594        0x0 c:/altera/12.0sp2/nios2eds/bin/gnu/h-i686-mingw32/bin/../lib/gcc/nios2-elf/4.1.2\libgcc.a(_thenan_df.o)
 .text          0x00817594      0x14c c:/altera/12.0sp2/nios2eds/bin/gnu/h-i686-mingw32/bin/../lib/gcc/nios2-elf/4.1.2\libgcc.a(lib2-divmod.o)
                0x00817610                __divsi3
                0x00817670                __modsi3
                0x008176d0                __udivsi3
                0x008176d8                __umodsi3
 .text          0x008176e0        0x0 c:/altera/12.0sp2/nios2eds/bin/gnu/h-i686-mingw32/bin/../lib/gcc/nios2-elf/4.1.2\libgcc.a(lib2-divtable.o)
 .text          0x008176e0       0x98 c:/altera/12.0sp2/nios2eds/bin/gnu/h-i686-mingw32/bin/../lib/gcc/nios2-elf/4.1.2\libgcc.a(_muldi3.o)
                0x008176e0                __muldi3
 .text          0x00817778       0x80 c:/altera/12.0sp2/nios2eds/bin/gnu/h-i686-mingw32/bin/../lib/gcc/nios2-elf/4.1.2\libgcc.a(_clzsi2.o)
                0x00817778                __clzsi2
 .text          0x008177f8      0x160 c:/altera/12.0sp2/nios2eds/bin/gnu/h-i686-mingw32/bin/../lib/gcc/nios2-elf/4.1.2\libgcc.a(_pack_sf.o)
                0x008177f8                __pack_f
 .text          0x00817958       0xc8 c:/altera/12.0sp2/nios2eds/bin/gnu/h-i686-mingw32/bin/../lib/gcc/nios2-elf/4.1.2\libgcc.a(_unpack_sf.o)
                0x00817958                __unpack_f
 .text          0x00817a20       0xa8 c:/altera/12.0sp2/nios2eds/bin/gnu/h-i686-mingw32/bin/../lib/gcc/nios2-elf/4.1.2\libgcc.a(_fpcmp_parts_sf.o)
                0x00817a20                __fpcmp_parts_f
 .text          0x00817ac8       0x2c c:/altera/12.0sp2/nios2eds/bin/gnu/h-i686-mingw32/bin/../lib/gcc/nios2-elf/4.1.2\libgcc.a(_make_sf.o)
                0x00817ac8                __make_fp
 .text          0x00817af4      0x314 c:/altera/12.0sp2/nios2eds/bin/gnu/h-i686-mingw32/bin/../lib/gcc/nios2-elf/4.1.2\libgcc.a(_pack_df.o)
                0x00817af4                __pack_d
 .text          0x00817e08      0x138 c:/altera/12.0sp2/nios2eds/bin/gnu/h-i686-mingw32/bin/../lib/gcc/nios2-elf/4.1.2\libgcc.a(_unpack_df.o)
                0x00817e08                __unpack_d
 .text          0x00817f40        0x0 c:/altera/12.0sp2/nios2eds/bin/gnu/h-i686-mingw32/bin/../lib/gcc/nios2-elf/4.1.2\libgcc.a(_clz.o)
 .text          0x00817f40       0x18 c:/altera/12.0sp2/nios2eds/bin/gnu/h-i686-mingw32/bin/../lib/gcc/nios2-elf/4.1.2/../../../../nios2-elf/lib\libc.a(lib_a-abort.o)
                0x00817f40                abort
 .text          0x00817f58       0x18 c:/altera/12.0sp2/nios2eds/bin/gnu/h-i686-mingw32/bin/../lib/gcc/nios2-elf/4.1.2/../../../../nios2-elf/lib\libc.a(lib_a-atoi.o)
                0x00817f58                _atoi_r
                0x00817f64                atoi
 .text          0x00817f70       0x1c c:/altera/12.0sp2/nios2eds/bin/gnu/h-i686-mingw32/bin/../lib/gcc/nios2-elf/4.1.2/../../../../nios2-elf/lib\libc.a(lib_a-calloc.o)
                0x00817f70                calloc
 .text          0x00817f8c       0xb4 c:/altera/12.0sp2/nios2eds/bin/gnu/h-i686-mingw32/bin/../lib/gcc/nios2-elf/4.1.2/../../../../nios2-elf/lib\libc.a(lib_a-callocr.o)
                0x00817f8c                _calloc_r
 .text          0x00818040       0x38 c:/altera/12.0sp2/nios2eds/bin/gnu/h-i686-mingw32/bin/../lib/gcc/nios2-elf/4.1.2/../../../../nios2-elf/lib\libc.a(lib_a-exit.o)
                0x00818040                exit
 .text          0x00818078       0x60 c:/altera/12.0sp2/nios2eds/bin/gnu/h-i686-mingw32/bin/../lib/gcc/nios2-elf/4.1.2/../../../../nios2-elf/lib\libc.a(lib_a-fprintf.o)
                0x00818078                fprintf
                0x008180a4                _fprintf_r
 .text          0x008180d8        0x0 c:/altera/12.0sp2/nios2eds/bin/gnu/h-i686-mingw32/bin/../lib/gcc/nios2-elf/4.1.2/../../../../nios2-elf/lib\libc.a(lib_a-impure.o)
 .text          0x008180d8       0x28 c:/altera/12.0sp2/nios2eds/bin/gnu/h-i686-mingw32/bin/../lib/gcc/nios2-elf/4.1.2/../../../../nios2-elf/lib\libc.a(lib_a-malloc.o)
                0x008180d8                free
                0x008180ec                malloc
 .text          0x00818100      0x740 c:/altera/12.0sp2/nios2eds/bin/gnu/h-i686-mingw32/bin/../lib/gcc/nios2-elf/4.1.2/../../../../nios2-elf/lib\libc.a(lib_a-mallocr.o)
                0x00818100                _malloc_r
 .text          0x00818840       0xa0 c:/altera/12.0sp2/nios2eds/bin/gnu/h-i686-mingw32/bin/../lib/gcc/nios2-elf/4.1.2/../../../../nios2-elf/lib\libc.a(lib_a-memcpy.o)
                0x00818840                memcpy
 .text          0x008188e0       0xe0 c:/altera/12.0sp2/nios2eds/bin/gnu/h-i686-mingw32/bin/../lib/gcc/nios2-elf/4.1.2/../../../../nios2-elf/lib\libc.a(lib_a-memmove.o)
                0x008188e0                memmove
 .text          0x008189c0       0x98 c:/altera/12.0sp2/nios2eds/bin/gnu/h-i686-mingw32/bin/../lib/gcc/nios2-elf/4.1.2/../../../../nios2-elf/lib\libc.a(lib_a-memset.o)
                0x008189c0                memset
 .text          0x00818a58       0x78 c:/altera/12.0sp2/nios2eds/bin/gnu/h-i686-mingw32/bin/../lib/gcc/nios2-elf/4.1.2/../../../../nios2-elf/lib\libc.a(lib_a-printf.o)
                0x00818a58                printf
                0x00818a9c                _printf_r
 .text          0x00818ad0       0xb4 c:/altera/12.0sp2/nios2eds/bin/gnu/h-i686-mingw32/bin/../lib/gcc/nios2-elf/4.1.2/../../../../nios2-elf/lib\libc.a(lib_a-puts.o)
                0x00818ad0                _puts_r
                0x00818b70                puts
 .text          0x00818b84       0x1c c:/altera/12.0sp2/nios2eds/bin/gnu/h-i686-mingw32/bin/../lib/gcc/nios2-elf/4.1.2/../../../../nios2-elf/lib\libc.a(lib_a-realloc.o)
                0x00818b84                realloc
 .text          0x00818ba0      0x5f4 c:/altera/12.0sp2/nios2eds/bin/gnu/h-i686-mingw32/bin/../lib/gcc/nios2-elf/4.1.2/../../../../nios2-elf/lib\libc.a(lib_a-reallocr.o)
                0x00818ba0                _realloc_r
 .text          0x00819194       0x70 c:/altera/12.0sp2/nios2eds/bin/gnu/h-i686-mingw32/bin/../lib/gcc/nios2-elf/4.1.2/../../../../nios2-elf/lib\libc.a(lib_a-sbrkr.o)
                0x00819194                _sbrk_r
 .text          0x00819204      0x2d8 c:/altera/12.0sp2/nios2eds/bin/gnu/h-i686-mingw32/bin/../lib/gcc/nios2-elf/4.1.2/../../../../nios2-elf/lib\libc.a(lib_a-signal.o)
                0x00819204                _raise_r
                0x008192d0                raise
                0x008192e4                _init_signal_r
                0x00819348                _init_signal
                0x00819358                __sigtramp_r
                0x0081940c                __sigtramp
                0x00819420                _signal_r
                0x008194c0                signal
 .text          0x008194dc       0x78 c:/altera/12.0sp2/nios2eds/bin/gnu/h-i686-mingw32/bin/../lib/gcc/nios2-elf/4.1.2/../../../../nios2-elf/lib\libc.a(lib_a-signalr.o)
                0x008194dc                _getpid_r
                0x008194e0                _kill_r
 .text          0x00819554       0xd4 c:/altera/12.0sp2/nios2eds/bin/gnu/h-i686-mingw32/bin/../lib/gcc/nios2-elf/4.1.2/../../../../nios2-elf/lib\libc.a(lib_a-sprintf.o)
                0x00819554                sprintf
                0x008195c8                _sprintf_r
 .text          0x00819628       0x90 c:/altera/12.0sp2/nios2eds/bin/gnu/h-i686-mingw32/bin/../lib/gcc/nios2-elf/4.1.2/../../../../nios2-elf/lib\libc.a(lib_a-strcat.o)
                0x00819628                strcat
 .text          0x008196b8       0xbc c:/altera/12.0sp2/nios2eds/bin/gnu/h-i686-mingw32/bin/../lib/gcc/nios2-elf/4.1.2/../../../../nios2-elf/lib\libc.a(lib_a-strcmp.o)
                0x008196b8                strcmp
 .text          0x00819774       0x8c c:/altera/12.0sp2/nios2eds/bin/gnu/h-i686-mingw32/bin/../lib/gcc/nios2-elf/4.1.2/../../../../nios2-elf/lib\libc.a(lib_a-strcpy.o)
                0x00819774                strcpy
 .text          0x00819800       0x74 c:/altera/12.0sp2/nios2eds/bin/gnu/h-i686-mingw32/bin/../lib/gcc/nios2-elf/4.1.2/../../../../nios2-elf/lib\libc.a(lib_a-strlen.o)
                0x00819800                strlen
 .text          0x00819874       0xb0 c:/altera/12.0sp2/nios2eds/bin/gnu/h-i686-mingw32/bin/../lib/gcc/nios2-elf/4.1.2/../../../../nios2-elf/lib\libc.a(lib_a-strncat.o)
                0x00819874                strncat
 .text          0x00819924       0xbc c:/altera/12.0sp2/nios2eds/bin/gnu/h-i686-mingw32/bin/../lib/gcc/nios2-elf/4.1.2/../../../../nios2-elf/lib\libc.a(lib_a-strncpy.o)
                0x00819924                strncpy
 .text          0x008199e0      0x794 c:/altera/12.0sp2/nios2eds/bin/gnu/h-i686-mingw32/bin/../lib/gcc/nios2-elf/4.1.2/../../../../nios2-elf/lib\libc.a(lib_a-strstr.o)
                0x00819b14                strstr
 .text          0x0081a174      0x268 c:/altera/12.0sp2/nios2eds/bin/gnu/h-i686-mingw32/bin/../lib/gcc/nios2-elf/4.1.2/../../../../nios2-elf/lib\libc.a(lib_a-strtol.o)
                0x0081a174                _strtol_r
                0x0081a3b8                strtol
 .text          0x0081a3dc     0x1f28 c:/altera/12.0sp2/nios2eds/bin/gnu/h-i686-mingw32/bin/../lib/gcc/nios2-elf/4.1.2/../../../../nios2-elf/lib\libc.a(lib_a-vfprintf.o)
                0x0081a434                ___vfprintf_internal_r
                0x0081c2e0                __vfprintf_internal
 .text          0x0081c304      0x13c c:/altera/12.0sp2/nios2eds/bin/gnu/h-i686-mingw32/bin/../lib/gcc/nios2-elf/4.1.2/../../../../nios2-elf/lib\libc.a(lib_a-wsetup.o)
                0x0081c304                __swsetup_r
 .text          0x0081c440      0x1b4 c:/altera/12.0sp2/nios2eds/bin/gnu/h-i686-mingw32/bin/../lib/gcc/nios2-elf/4.1.2/../../../../nios2-elf/lib\libc.a(lib_a-__call_atexit.o)
                0x0081c444                __call_exitprocs
 .text          0x0081c5f4        0x0 c:/altera/12.0sp2/nios2eds/bin/gnu/h-i686-mingw32/bin/../lib/gcc/nios2-elf/4.1.2/../../../../nios2-elf/lib\libc.a(lib_a-ctype_.o)
 .text          0x0081c5f4     0x17cc c:/altera/12.0sp2/nios2eds/bin/gnu/h-i686-mingw32/bin/../lib/gcc/nios2-elf/4.1.2/../../../../nios2-elf/lib\libc.a(lib_a-dtoa.o)
                0x0081c80c                _dtoa_r
 .text          0x0081ddc0      0x230 c:/altera/12.0sp2/nios2eds/bin/gnu/h-i686-mingw32/bin/../lib/gcc/nios2-elf/4.1.2/../../../../nios2-elf/lib\libc.a(lib_a-fflush.o)
                0x0081ddc0                _fflush_r
                0x0081dfbc                fflush
 .text          0x0081dff0      0x2c0 c:/altera/12.0sp2/nios2eds/bin/gnu/h-i686-mingw32/bin/../lib/gcc/nios2-elf/4.1.2/../../../../nios2-elf/lib\libc.a(lib_a-findfp.o)
                0x0081e048                __sfp_lock_acquire
                0x0081e04c                __sfp_lock_release
                0x0081e050                __sinit_lock_acquire
                0x0081e054                __sinit_lock_release
                0x0081e058                __sinit
                0x0081e10c                __fp_unlock_all
                0x0081e124                __fp_lock_all
                0x0081e13c                _cleanup_r
                0x0081e148                _cleanup
                0x0081e158                __sfmoreglue
                0x0081e1c0                __sfp
 .text          0x0081e2b0      0x440 c:/altera/12.0sp2/nios2eds/bin/gnu/h-i686-mingw32/bin/../lib/gcc/nios2-elf/4.1.2/../../../../nios2-elf/lib\libc.a(lib_a-freer.o)
                0x0081e2b0                _malloc_trim_r
                0x0081e3dc                _free_r
 .text          0x0081e6f0      0x49c c:/altera/12.0sp2/nios2eds/bin/gnu/h-i686-mingw32/bin/../lib/gcc/nios2-elf/4.1.2/../../../../nios2-elf/lib\libc.a(lib_a-fvwrite.o)
                0x0081e6f0                __sfvwrite_r
 .text          0x0081eb8c      0x180 c:/altera/12.0sp2/nios2eds/bin/gnu/h-i686-mingw32/bin/../lib/gcc/nios2-elf/4.1.2/../../../../nios2-elf/lib\libc.a(lib_a-fwalk.o)
                0x0081eb8c                _fwalk_reent
                0x0081ec54                _fwalk
 .text          0x0081ed0c        0x0 c:/altera/12.0sp2/nios2eds/bin/gnu/h-i686-mingw32/bin/../lib/gcc/nios2-elf/4.1.2/../../../../nios2-elf/lib\libc.a(lib_a-int_errno.o)
 .text          0x0081ed0c       0xc4 c:/altera/12.0sp2/nios2eds/bin/gnu/h-i686-mingw32/bin/../lib/gcc/nios2-elf/4.1.2/../../../../nios2-elf/lib\libc.a(lib_a-locale.o)
                0x0081ed0c                __locale_charset
                0x0081ed14                _localeconv_r
                0x0081ed20                localeconv
                0x0081ed30                _setlocale_r
                0x0081edb4                setlocale
 .text          0x0081edd0      0x194 c:/altera/12.0sp2/nios2eds/bin/gnu/h-i686-mingw32/bin/../lib/gcc/nios2-elf/4.1.2/../../../../nios2-elf/lib\libc.a(lib_a-makebuf.o)
                0x0081edd0                __smakebuf_r
 .text          0x0081ef64       0xe4 c:/altera/12.0sp2/nios2eds/bin/gnu/h-i686-mingw32/bin/../lib/gcc/nios2-elf/4.1.2/../../../../nios2-elf/lib\libc.a(lib_a-memchr.o)
                0x0081ef64                memchr
 .text          0x0081f048       0x74 c:/altera/12.0sp2/nios2eds/bin/gnu/h-i686-mingw32/bin/../lib/gcc/nios2-elf/4.1.2/../../../../nios2-elf/lib\libc.a(lib_a-memcmp.o)
                0x0081f048                memcmp
 .text          0x0081f0bc      0xff4 c:/altera/12.0sp2/nios2eds/bin/gnu/h-i686-mingw32/bin/../lib/gcc/nios2-elf/4.1.2/../../../../nios2-elf/lib\libc.a(lib_a-mprec.o)
                0x0081f0bc                _Bfree
                0x0081f0e4                __hi0bits
                0x0081f154                __lo0bits
                0x0081f218                __mcmp
                0x0081f278                __ulp
                0x0081f2f8                __b2d
                0x0081f418                __ratio
                0x0081f4c8                _mprec_log10
                0x0081f55c                __copybits
                0x0081f5b4                __any_on
                0x0081f63c                _Balloc
                0x0081f6f8                __d2b
                0x0081f874                __mdiff
                0x0081fa00                __lshift
                0x0081fb4c                __multiply
                0x0081fd34                __i2b
                0x0081fd70                __multadd
                0x0081fe70                __pow5mult
                0x0081ff90                __s2b
 .text          0x008200b0       0x40 c:/altera/12.0sp2/nios2eds/bin/gnu/h-i686-mingw32/bin/../lib/gcc/nios2-elf/4.1.2/../../../../nios2-elf/lib\libc.a(lib_a-s_isinfd.o)
                0x008200b0                __isinfd
 .text          0x008200f0       0x30 c:/altera/12.0sp2/nios2eds/bin/gnu/h-i686-mingw32/bin/../lib/gcc/nios2-elf/4.1.2/../../../../nios2-elf/lib\libc.a(lib_a-s_isnand.o)
                0x008200f0                __isnand
 .text          0x00820120      0x14c c:/altera/12.0sp2/nios2eds/bin/gnu/h-i686-mingw32/bin/../lib/gcc/nios2-elf/4.1.2/../../../../nios2-elf/lib\libc.a(lib_a-stdio.o)
                0x00820120                __sclose
                0x00820128                __sseek
                0x00820190                __swrite
                0x0082020c                __sread
 .text          0x0082026c       0xe0 c:/altera/12.0sp2/nios2eds/bin/gnu/h-i686-mingw32/bin/../lib/gcc/nios2-elf/4.1.2/../../../../nios2-elf/lib\libc.a(lib_a-strchr.o)
                0x0082026c                strchr
 .text          0x0082034c       0x78 c:/altera/12.0sp2/nios2eds/bin/gnu/h-i686-mingw32/bin/../lib/gcc/nios2-elf/4.1.2/../../../../nios2-elf/lib\libc.a(lib_a-writer.o)
                0x0082034c                _write_r
 .text          0x008203c4       0x70 c:/altera/12.0sp2/nios2eds/bin/gnu/h-i686-mingw32/bin/../lib/gcc/nios2-elf/4.1.2/../../../../nios2-elf/lib\libc.a(lib_a-closer.o)
                0x008203c4                _close_r
 .text          0x00820434      0x124 c:/altera/12.0sp2/nios2eds/bin/gnu/h-i686-mingw32/bin/../lib/gcc/nios2-elf/4.1.2/../../../../nios2-elf/lib\libc.a(lib_a-fclose.o)
                0x00820434                _fclose_r
                0x00820544                fclose
 .text          0x00820558       0x74 c:/altera/12.0sp2/nios2eds/bin/gnu/h-i686-mingw32/bin/../lib/gcc/nios2-elf/4.1.2/../../../../nios2-elf/lib\libc.a(lib_a-fstatr.o)
                0x00820558                _fstat_r
 .text          0x008205cc       0x70 c:/altera/12.0sp2/nios2eds/bin/gnu/h-i686-mingw32/bin/../lib/gcc/nios2-elf/4.1.2/../../../../nios2-elf/lib\libc.a(lib_a-isattyr.o)
                0x008205cc                _isatty_r
 .text          0x0082063c       0x78 c:/altera/12.0sp2/nios2eds/bin/gnu/h-i686-mingw32/bin/../lib/gcc/nios2-elf/4.1.2/../../../../nios2-elf/lib\libc.a(lib_a-lseekr.o)
                0x0082063c                _lseek_r
 .text          0x008206b4       0x78 c:/altera/12.0sp2/nios2eds/bin/gnu/h-i686-mingw32/bin/../lib/gcc/nios2-elf/4.1.2/../../../../nios2-elf/lib\libc.a(lib_a-readr.o)
                0x008206b4                _read_r
 .text          0x0082072c      0x5dc c:/altera/12.0sp2/nios2eds/bin/gnu/h-i686-mingw32/bin/../lib/gcc/nios2-elf/4.1.2\libgcc.a(_udivdi3.o)
                0x0082072c                __udivdi3
 .text          0x00820d08      0x5b0 c:/altera/12.0sp2/nios2eds/bin/gnu/h-i686-mingw32/bin/../lib/gcc/nios2-elf/4.1.2\libgcc.a(_umoddi3.o)
                0x00820d08                __umoddi3
 .text          0x008212b8      0x504 c:/altera/12.0sp2/nios2eds/bin/gnu/h-i686-mingw32/bin/../lib/gcc/nios2-elf/4.1.2\libgcc.a(_addsub_df.o)
                0x008216c8                __subdf3
                0x00821748                __adddf3
 .text          0x008217bc      0x258 c:/altera/12.0sp2/nios2eds/bin/gnu/h-i686-mingw32/bin/../lib/gcc/nios2-elf/4.1.2\libgcc.a(_div_df.o)
                0x008217bc                __divdf3
 .text          0x00821a14       0x88 c:/altera/12.0sp2/nios2eds/bin/gnu/h-i686-mingw32/bin/../lib/gcc/nios2-elf/4.1.2\libgcc.a(_eq_df.o)
                0x00821a14                __eqdf2
 .text          0x00821a9c       0x88 c:/altera/12.0sp2/nios2eds/bin/gnu/h-i686-mingw32/bin/../lib/gcc/nios2-elf/4.1.2\libgcc.a(_ne_df.o)
                0x00821a9c                __nedf2
 .text          0x00821b24       0x88 c:/altera/12.0sp2/nios2eds/bin/gnu/h-i686-mingw32/bin/../lib/gcc/nios2-elf/4.1.2\libgcc.a(_gt_df.o)
                0x00821b24                __gtdf2
 .text          0x00821bac       0x88 c:/altera/12.0sp2/nios2eds/bin/gnu/h-i686-mingw32/bin/../lib/gcc/nios2-elf/4.1.2\libgcc.a(_ge_df.o)
                0x00821bac                __gedf2
 .text          0x00821c34       0x88 c:/altera/12.0sp2/nios2eds/bin/gnu/h-i686-mingw32/bin/../lib/gcc/nios2-elf/4.1.2\libgcc.a(_lt_df.o)
                0x00821c34                __ltdf2
 .text          0x00821cbc      0x194 c:/altera/12.0sp2/nios2eds/bin/gnu/h-i686-mingw32/bin/../lib/gcc/nios2-elf/4.1.2\libgcc.a(_usi_to_df.o)
                0x00821cbc                __floatunsidf
 .text          0x00821e50       0xc8 c:/altera/12.0sp2/nios2eds/bin/gnu/h-i686-mingw32/bin/../lib/gcc/nios2-elf/4.1.2\libgcc.a(_fpcmp_parts_df.o)
                0x00821e50                __fpcmp_parts_d
 .text          0x00821f18      0x154 ../StereoSystem_bsp/\libhal_bsp.a(alt_alarm_start.o)
                0x00821f18                alt_alarm_start
 .text          0x0082206c      0x15c ../StereoSystem_bsp/\libhal_bsp.a(alt_close.o)
                0x0082206c                close
 .text          0x008221c8       0x2c ../StereoSystem_bsp/\libhal_bsp.a(alt_dev.o)
 .text          0x008221f4        0x0 ../StereoSystem_bsp/\libhal_bsp.a(alt_errno.o)
 .text          0x008221f4       0x60 ../StereoSystem_bsp/\libhal_bsp.a(alt_exit.o)
                0x00822234                _exit
 .text          0x00822254      0x134 ../StereoSystem_bsp/\libhal_bsp.a(alt_fstat.o)
                0x00822254                fstat
 .text          0x00822388       0x20 ../StereoSystem_bsp/\libhal_bsp.a(alt_getpid.o)
                0x00822388                getpid
 .text          0x008223a8      0x1c0 ../StereoSystem_bsp/\libhal_bsp.a(alt_irq_register.o)
                0x008223a8                alt_irq_register
 .text          0x00822568        0x0 ../StereoSystem_bsp/\libhal_bsp.a(alt_irq_vars.o)
 .text          0x00822568      0x120 ../StereoSystem_bsp/\libhal_bsp.a(alt_isatty.o)
                0x00822568                isatty
 .text          0x00822688      0x1a0 ../StereoSystem_bsp/\libhal_bsp.a(alt_kill.o)
                0x00822688                kill
 .text          0x00822828       0xec ../StereoSystem_bsp/\libhal_bsp.a(alt_load.o)
                0x00822828                alt_load
 .text          0x00822914      0x150 ../StereoSystem_bsp/\libhal_bsp.a(alt_lseek.o)
                0x00822914                lseek
 .text          0x00822a64       0x6c ../StereoSystem_bsp/\libhal_bsp.a(alt_main.o)
                0x00822a64                alt_main
 .text          0x00822ad0       0x40 ../StereoSystem_bsp/\libhal_bsp.a(alt_malloc_lock.o)
                0x00822ad0                __malloc_lock
                0x00822af0                __malloc_unlock
 .text          0x00822b10      0x180 ../StereoSystem_bsp/\libhal_bsp.a(alt_read.o)
                0x00822b10                read
 .text          0x00822c90       0x60 ../StereoSystem_bsp/\libhal_bsp.a(alt_release_fd.o)
                0x00822c90                alt_release_fd
 .text          0x00822cf0       0xbc ../StereoSystem_bsp/\libhal_bsp.a(alt_sbrk.o)
                0x00822cf0                sbrk
 .text          0x00822dac      0x1a4 ../StereoSystem_bsp/\libhal_bsp.a(alt_tick.o)
                0x00822dac                alt_alarm_stop
                0x00822e44                alt_tick
 .text          0x00822f50      0x180 ../StereoSystem_bsp/\libhal_bsp.a(alt_write.o)
                0x00822f50                write
 .text          0x008230d0      0x3c4 ../StereoSystem_bsp/\libhal_bsp.a(alt_sys_init.o)
                0x008230d0                alt_irq_init
                0x00823104                alt_sys_init
 .text          0x00823494      0x148 ../StereoSystem_bsp/\libhal_bsp.a(altera_avalon_jtag_uart_fd.o)
                0x00823494                altera_avalon_jtag_uart_read_fd
                0x008234ec                altera_avalon_jtag_uart_write_fd
                0x00823544                altera_avalon_jtag_uart_close_fd
                0x0082358c                altera_avalon_jtag_uart_ioctl_fd
 .text          0x008235dc      0x408 ../StereoSystem_bsp/\libhal_bsp.a(altera_avalon_jtag_uart_init.o)
                0x008235dc                altera_avalon_jtag_uart_init
                0x00823970                altera_avalon_jtag_uart_close
 .text          0x008239e4       0xf4 ../StereoSystem_bsp/\libhal_bsp.a(altera_avalon_jtag_uart_ioctl.o)
                0x008239e4                altera_avalon_jtag_uart_ioctl
 .text          0x00823ad8      0x224 ../StereoSystem_bsp/\libhal_bsp.a(altera_avalon_jtag_uart_read.o)
                0x00823ad8                altera_avalon_jtag_uart_read
 .text          0x00823cfc      0x240 ../StereoSystem_bsp/\libhal_bsp.a(altera_avalon_jtag_uart_write.o)
                0x00823cfc                altera_avalon_jtag_uart_write
 .text          0x00823f3c       0xfc ../StereoSystem_bsp/\libhal_bsp.a(altera_avalon_timer_sc.o)
                0x00823fb0                alt_avalon_timer_sc_init
 .text          0x00824038      0x80c ../StereoSystem_bsp/\libhal_bsp.a(altera_up_avalon_audio.o)
                0x00824038                alt_up_audio_open_dev
                0x00824078                alt_up_audio_enable_read_interrupt
                0x008240c4                alt_up_audio_disable_read_interrupt
                0x00824114                alt_up_audio_enable_write_interrupt
                0x00824160                alt_up_audio_disable_write_interrupt
                0x008241b0                alt_up_audio_read_interrupt_pending
                0x008241ec                alt_up_audio_write_interrupt_pending
                0x00824228                alt_up_audio_reset_audio_core
                0x008242b0                alt_up_audio_read_fifo_avail
                0x00824320                alt_up_audio_record_r
                0x00824390                alt_up_audio_record_l
                0x00824400                alt_up_audio_write_fifo_space
                0x00824474                alt_up_audio_play_r
                0x008244e4                alt_up_audio_play_l
                0x00824554                alt_up_audio_read_fifo
                0x00824658                alt_up_audio_write_fifo
                0x00824784                alt_up_audio_read_fifo_head
                0x008247e4                alt_up_audio_write_fifo_head
 .text          0x00824844      0x788 ../StereoSystem_bsp/\libhal_bsp.a(altera_up_avalon_audio_and_video_config.o)
                0x00824844                alt_up_av_config_open_dev
                0x008248a8                alt_up_av_config_write_data
                0x0082490c                alt_up_av_config_read_data
                0x00824998                alt_up_av_config_reset
                0x008249d0                alt_up_av_config_enable_interrupt
                0x00824a08                alt_up_av_config_disable_interrupt
                0x00824a38                alt_up_av_config_read_acknowledge
                0x00824aa0                alt_up_av_config_read_ready
                0x00824ad8                alt_up_av_config_write_audio_cfg_register
                0x00824b84                alt_up_av_config_read_video_cfg_register
                0x00824c7c                alt_up_av_config_write_video_cfg_register
                0x00824d74                alt_up_av_config_read_DC2_cfg_register
                0x00824dd8                alt_up_av_config_write_DC2_cfg_register
                0x00824e3c                alt_up_av_config_read_D5M_cfg_register
                0x00824ea0                alt_up_av_config_write_D5M_cfg_register
                0x00824f04                alt_up_av_config_read_LTM_cfg_register
                0x00824f68                alt_up_av_config_write_LTM_cfg_register
 .text          0x00824fcc      0x700 ../StereoSystem_bsp/\libhal_bsp.a(altera_up_avalon_ps2.o)
                0x00824fcc                read_RI_bit
                0x00825000                read_RE_bit
                0x00825030                read_CE_bit
                0x00825064                read_num_bytes_available
                0x00825098                read_data_valid
                0x008250cc                read_data_byte
                0x008250f8                alt_up_ps2_init
                0x008251c4                alt_up_ps2_enable_read_interrupt
                0x00825218                alt_up_ps2_disable_read_interrupt
                0x00825270                alt_up_ps2_write_data_byte
                0x008252e8                alt_up_ps2_wait_for_ack
                0x00825358                alt_up_ps2_write_data_byte_with_ack
                0x008253c4                alt_up_ps2_read_data_byte_timeout
                0x00825474                alt_up_ps2_read_data_byte
                0x008254f0                alt_up_ps2_clear_fifo
                0x00825548                alt_up_ps2_read_fd
                0x008255e4                alt_up_ps2_write_fd
                0x0082568c                alt_up_ps2_open_dev
 .text          0x008256cc      0x398 ../StereoSystem_bsp/\libhal_bsp.a(altera_up_avalon_rs232.o)
                0x008256cc                alt_up_rs232_enable_read_interrupt
                0x00825720                alt_up_rs232_disable_read_interrupt
                0x00825778                alt_up_rs232_get_used_space_in_read_FIFO
                0x008257b4                alt_up_rs232_get_available_space_in_write_FIFO
                0x008257f4                alt_up_rs232_check_parity
                0x00825844                alt_up_rs232_write_data
                0x0082588c                alt_up_rs232_read_data
                0x00825900                alt_up_rs232_read_fd
                0x00825990                alt_up_rs232_write_fd
                0x00825a24                alt_up_rs232_open_dev
 .text          0x00825a64      0x304 ../StereoSystem_bsp/\libhal_bsp.a(altera_up_avalon_video_character_buffer_with_dma.o)
                0x00825a64                alt_up_char_buffer_init
                0x00825ae8                alt_up_char_buffer_open_dev
                0x00825b28                alt_up_char_buffer_draw
                0x00825bf8                alt_up_char_buffer_string
                0x00825d0c                alt_up_char_buffer_clear
 .text          0x00825d68     0x156c ../StereoSystem_bsp/\libhal_bsp.a(altera_up_avalon_video_pixel_buffer_dma.o)
                0x00825d68                alt_up_pixel_buffer_dma_open_dev
                0x00825da8                alt_up_pixel_buffer_dma_draw
                0x00825f48                alt_up_pixel_buffer_dma_change_back_buffer_address
                0x00825fa0                alt_up_pixel_buffer_dma_swap_buffers
                0x00825ff8                alt_up_pixel_buffer_dma_check_swap_buffers_status
                0x0082602c                alt_up_pixel_buffer_dma_clear_screen
                0x00826190                alt_up_pixel_buffer_dma_draw_box
                0x00826684                alt_up_pixel_buffer_dma_draw_hline
                0x008269d4                alt_up_pixel_buffer_dma_draw_vline
                0x00826da4                alt_up_pixel_buffer_dma_draw_rectangle
                0x00826e68                helper_plot_pixel
                0x00826f38                alt_up_pixel_buffer_dma_draw_line
 .text          0x008272d4     0x45c0 ../StereoSystem_bsp/\libhal_bsp.a(altera_up_sd_card_avalon_interface.o)
                0x008272d4                Write_Sector_Data
                0x0082739c                Save_Modified_Sector
                0x008273ec                Read_Sector_Data
                0x008274e8                get_cluster_flag
                0x008275a0                mark_cluster
                0x00827684                Check_for_Master_Boot_Record
                0x00827834                Read_File_Record_At_Offset
                0x00827ab8                Write_File_Record_At_Offset
                0x00827d70                Check_for_DOS_FAT
                0x008283b8                Look_for_FAT16
                0x008284bc                filename_to_upper_case
                0x0082858c                check_file_name_for_FAT16_compliance
                0x0082881c                get_dir_divider_location
                0x008288dc                match_file_record_to_name_ext
                0x00828bc8                get_home_directory_cluster_for_file
                0x008290dc                find_file_in_directory
                0x00829540                find_first_empty_cluster
                0x008296e4                find_first_empty_record_in_a_subdirectory
                0x00829930                find_first_empty_record_in_root_directory
                0x00829a5c                convert_filename_to_name_extension
                0x00829c14                create_file
                0x00829ee8                copy_file_record_name_to_string
                0x0082a03c                alt_up_sd_card_open_dev
                0x0082a100                alt_up_sd_card_is_Present
                0x0082a1c8                alt_up_sd_card_is_FAT16
                0x0082a23c                alt_up_sd_card_find_first
                0x0082a310                alt_up_sd_card_find_next
                0x0082a6c0                alt_up_sd_card_fopen
                0x0082aa68                alt_up_sd_card_set_attributes
                0x0082aaf8                alt_up_sd_card_get_attributes
                0x0082ab84                alt_up_sd_card_read
                0x0082af18                alt_up_sd_card_write
                0x0082b53c                alt_up_sd_card_fclose
                0x0082b708                Read_Sector_Data_CRC
                0x0082b804                Read_Sector_Data_Attempt_CRC
 .text          0x0082b894       0x44 ../StereoSystem_bsp/\libhal_bsp.a(alt_dcache_flush_all.o)
                0x0082b894                alt_dcache_flush_all
 .text          0x0082b8d8      0x114 ../StereoSystem_bsp/\libhal_bsp.a(alt_dev_llist_insert.o)
                0x0082b8d8                alt_dev_llist_insert
 .text          0x0082b9ec       0x64 ../StereoSystem_bsp/\libhal_bsp.a(alt_do_ctors.o)
                0x0082b9ec                _do_ctors
 .text          0x0082ba50       0x64 ../StereoSystem_bsp/\libhal_bsp.a(alt_do_dtors.o)
                0x0082ba50                _do_dtors
 .text          0x0082bab4       0x94 ../StereoSystem_bsp/\libhal_bsp.a(alt_find_dev.o)
                0x0082bab4                alt_find_dev
 .text          0x0082bb48       0x30 ../StereoSystem_bsp/\libhal_bsp.a(alt_icache_flush_all.o)
                0x0082bb48                alt_icache_flush_all
 .text          0x0082bb78      0x13c ../StereoSystem_bsp/\libhal_bsp.a(alt_io_redirect.o)
                0x0082bc3c                alt_io_redirect
 .text          0x0082bcb4        0x0 ../StereoSystem_bsp/\libhal_bsp.a(alt_irq_entry.o)
 .text          0x0082bcb4        0x0 ../StereoSystem_bsp/\libhal_bsp.a(alt_irq_handler.o)
 .text          0x0082bcb4      0x2c4 ../StereoSystem_bsp/\libhal_bsp.a(alt_open.o)
                0x0082bd90                open
 .text          0x0082bf78       0x20 ../StereoSystem_bsp/\libhal_bsp.a(altera_nios2_qsys_irq.o)
                0x0082bf78                altera_nios2_qsys_irq_init
 .text          0x0082bf98        0x0 ../StereoSystem_bsp/\libhal_bsp.a(alt_exception_entry.o)
 .text          0x0082bf98      0x120 ../StereoSystem_bsp/\libhal_bsp.a(alt_find_file.o)
                0x0082bf98                alt_find_file
 .text          0x0082c0b8       0xb8 ../StereoSystem_bsp/\libhal_bsp.a(alt_get_fd.o)
                0x0082c0b8                alt_get_fd
 .text          0x0082c170       0x90 ../StereoSystem_bsp/\libhal_bsp.a(alt_icache_flush.o)
                0x0082c170                alt_icache_flush
 .text          0x0082c200       0x14 c:/altera/12.0sp2/nios2eds/bin/gnu/h-i686-mingw32/bin/../lib/gcc/nios2-elf/4.1.2/../../../../nios2-elf/lib\libc.a(lib_a-atexit.o)
                0x0082c200                atexit
 .text          0x0082c214      0x134 c:/altera/12.0sp2/nios2eds/bin/gnu/h-i686-mingw32/bin/../lib/gcc/nios2-elf/4.1.2/../../../../nios2-elf/lib\libc.a(lib_a-__atexit.o)
                0x0082c214                __register_exitproc
 *(.gnu.warning.*)
 *(.fini)
                0x0082c348                PROVIDE (__etext, ABSOLUTE (.))
                0x0082c348                PROVIDE (_etext, ABSOLUTE (.))
                0x0082c348                PROVIDE (etext, ABSOLUTE (.))
 *(.eh_frame_hdr)
                0x0082c348                . = ALIGN (0x4)
                0x0082c348                PROVIDE (__preinit_array_start, ABSOLUTE (.))
 *(.preinit_array)
                0x0082c348                PROVIDE (__preinit_array_end, ABSOLUTE (.))
                0x0082c348                PROVIDE (__init_array_start, ABSOLUTE (.))
 *(.init_array)
                0x0082c348                PROVIDE (__init_array_end, ABSOLUTE (.))
                0x0082c348                PROVIDE (__fini_array_start, ABSOLUTE (.))
 *(.fini_array)
                0x0082c348                PROVIDE (__fini_array_end, ABSOLUTE (.))
 *(.eh_frame)
 .eh_frame      0x0082c348       0x40 c:/altera/12.0sp2/nios2eds/bin/gnu/h-i686-mingw32/bin/../lib/gcc/nios2-elf/4.1.2\libgcc.a(_udivdi3.o)
 .eh_frame      0x0082c388       0x2c c:/altera/12.0sp2/nios2eds/bin/gnu/h-i686-mingw32/bin/../lib/gcc/nios2-elf/4.1.2\libgcc.a(_umoddi3.o)
                                 0x40 (size before relaxing)
 *(.gcc_except_table)
 *(.dynamic)
                0x0082c3b4                PROVIDE (__CTOR_LIST__, ABSOLUTE (.))
 *(.ctors)
 *(SORT(.ctors.*))
 .ctors.65535   0x0082c3b4        0x4 c:/altera/12.0sp2/nios2eds/bin/gnu/h-i686-mingw32/bin/../lib/gcc/nios2-elf/4.1.2/../../../../nios2-elf/lib\libc.a(lib_a-__call_atexit.o)
                0x0082c3b8                PROVIDE (__CTOR_END__, ABSOLUTE (.))
                0x0082c3b8                PROVIDE (__DTOR_LIST__, ABSOLUTE (.))
 *(.dtors)
 *(SORT(.dtors.*))
                0x0082c3b8                PROVIDE (__DTOR_END__, ABSOLUTE (.))
 *(.jcr)
                0x0082c3b8                . = ALIGN (0x4)

.rodata         0x0082c3b8     0xbca4
                0x0082c3b8                PROVIDE (__ram_rodata_start, ABSOLUTE (.))
                0x0082c3b8                . = ALIGN (0x4)
 *(.rodata .rodata.* .gnu.linkonce.r.*)
 .rodata.str1.4
                0x0082c3b8       0xcb obj/default/Button.o
                                 0xcc (size before relaxing)
 *fill*         0x0082c483        0x1 00
 .rodata.str1.4
                0x0082c484      0x205 obj/default/Command.o
                                0x208 (size before relaxing)
 *fill*         0x0082c689        0x3 00
 .rodata.str1.4
                0x0082c68c       0x15 obj/default/Cursor.o
                                 0x18 (size before relaxing)
 *fill*         0x0082c6a1        0x3 00
 .rodata.str1.4
                0x0082c6a4      0x390 obj/default/Database.o
                                0x398 (size before relaxing)
 .rodata.str1.4
                0x0082ca34       0x9a obj/default/Frame.o
                                 0x9c (size before relaxing)
 *fill*         0x0082cace        0x2 00
 .rodata.str1.4
                0x0082cad0       0xf2 obj/default/Graphic.o
                                 0xf4 (size before relaxing)
 *fill*         0x0082cbc2        0x2 00
 .rodata.str1.4
                0x0082cbc4       0x63 obj/default/ISR_vectors.o
                                 0x64 (size before relaxing)
 *fill*         0x0082cc27        0x1 00
 .rodata.str1.4
                0x0082cc28       0x30 obj/default/MemoryMgr.o
 .rodata.str1.4
                0x0082cc58       0x83 obj/default/Packet.o
                                 0x84 (size before relaxing)
 *fill*         0x0082ccdb        0x1 00
 .rodata.str1.4
                0x0082ccdc       0x17 obj/default/Playlist.o
                                 0x18 (size before relaxing)
 *fill*         0x0082ccf3        0x1 00
 .rodata.str1.4
                0x0082ccf4       0x56 obj/default/Queue.o
                                 0x58 (size before relaxing)
 *fill*         0x0082cd4a        0x2 00
 .rodata.str1.4
                0x0082cd4c       0xc8 obj/default/RS232.o
 .rodata.str1.4
                0x0082ce14       0x3e obj/default/Range.o
                                 0x40 (size before relaxing)
 *fill*         0x0082ce52        0x2 00
 .rodata.str1.4
                0x0082ce54       0x81 obj/default/Song.o
                                 0xa0 (size before relaxing)
 *fill*         0x0082ced5        0x3 00
 .rodata.str1.4
                0x0082ced8       0x6e obj/default/StereoSystem.o
                                 0x70 (size before relaxing)
 *fill*         0x0082cf46        0x2 00
 .rodata.str1.4
                0x0082cf48       0x3e obj/default/TestBot.o
                                 0x40 (size before relaxing)
 .rodata        0x0082cf86      0x200 obj/default/libMAD/bit.o
 *fill*         0x0082d186        0x2 00
 .rodata        0x0082d188      0x144 obj/default/libMAD/frame.o
 .rodata        0x0082d2cc     0x121c obj/default/libMAD/huffman.o
                0x0082d2cc                mad_huff_pair_table
 .rodata        0x0082e4e8      0x334 obj/default/libMAD/layer12.o
 .rodata        0x0082e81c     0x8504 obj/default/libMAD/layer3.o
 .rodata.str1.4
                0x00836d20      0x235 obj/default/libMAD/stream.o
                                0x238 (size before relaxing)
 *fill*         0x00836f55        0x3 00
 .rodata        0x00836f58      0x880 obj/default/libMAD/synth.o
 .rodata.str1.4
                0x008377d8       0x2b obj/default/sound/AudioDeviceController.o
                                 0x2c (size before relaxing)
 *fill*         0x00837803        0x1 00
 .rodata.str1.4
                0x00837804      0x1e0 obj/default/sound/Sound.o
 .rodata        0x008379e4       0x10 c:/altera/12.0sp2/nios2eds/bin/gnu/h-i686-mingw32/bin/../lib/gcc/nios2-elf/4.1.2\libgcc.a(_thenan_sf.o)
                0x008379e4                __thenan_sf
 .rodata        0x008379f4       0x14 c:/altera/12.0sp2/nios2eds/bin/gnu/h-i686-mingw32/bin/../lib/gcc/nios2-elf/4.1.2\libgcc.a(_thenan_df.o)
                0x008379f4                __thenan_df
 .rodata        0x00837a08      0x100 c:/altera/12.0sp2/nios2eds/bin/gnu/h-i686-mingw32/bin/../lib/gcc/nios2-elf/4.1.2\libgcc.a(_clz.o)
                0x00837a08                __clz_tab
 .rodata.str1.4
                0x00837b08        0x2 c:/altera/12.0sp2/nios2eds/bin/gnu/h-i686-mingw32/bin/../lib/gcc/nios2-elf/4.1.2/../../../../nios2-elf/lib\libc.a(lib_a-impure.o)
                                  0x4 (size before relaxing)
 .rodata.str1.4
                0x00000000        0x2 c:/altera/12.0sp2/nios2eds/bin/gnu/h-i686-mingw32/bin/../lib/gcc/nios2-elf/4.1.2/../../../../nios2-elf/lib\libc.a(lib_a-puts.o)
                                  0x4 (size before relaxing)
 *fill*         0x00837b0a        0x2 00
 .rodata.str1.4
                0x00837b0c       0x5a c:/altera/12.0sp2/nios2eds/bin/gnu/h-i686-mingw32/bin/../lib/gcc/nios2-elf/4.1.2/../../../../nios2-elf/lib\libc.a(lib_a-vfprintf.o)
                                 0x60 (size before relaxing)
 .rodata        0x00837b66       0x20 c:/altera/12.0sp2/nios2eds/bin/gnu/h-i686-mingw32/bin/../lib/gcc/nios2-elf/4.1.2/../../../../nios2-elf/lib\libc.a(lib_a-vfprintf.o)
 .rodata        0x00837b86      0x281 c:/altera/12.0sp2/nios2eds/bin/gnu/h-i686-mingw32/bin/../lib/gcc/nios2-elf/4.1.2/../../../../nios2-elf/lib\libc.a(lib_a-ctype_.o)
                0x00837b86                _ctype_
 *fill*         0x00837e07        0x1 00
 .rodata.str1.4
                0x00837e08       0x10 c:/altera/12.0sp2/nios2eds/bin/gnu/h-i686-mingw32/bin/../lib/gcc/nios2-elf/4.1.2/../../../../nios2-elf/lib\libc.a(lib_a-dtoa.o)
                                 0x14 (size before relaxing)
 .rodata.str1.4
                0x00837e18        0xc c:/altera/12.0sp2/nios2eds/bin/gnu/h-i686-mingw32/bin/../lib/gcc/nios2-elf/4.1.2/../../../../nios2-elf/lib\libc.a(lib_a-locale.o)
                                 0x18 (size before relaxing)
 .rodata        0x00837e24       0x30 c:/altera/12.0sp2/nios2eds/bin/gnu/h-i686-mingw32/bin/../lib/gcc/nios2-elf/4.1.2/../../../../nios2-elf/lib\libc.a(lib_a-locale.o)
 .rodata        0x00837e54      0x124 c:/altera/12.0sp2/nios2eds/bin/gnu/h-i686-mingw32/bin/../lib/gcc/nios2-elf/4.1.2/../../../../nios2-elf/lib\libc.a(lib_a-mprec.o)
                0x00837e54                __mprec_tens
                0x00837f1c                __mprec_bigtens
                0x00837f44                __mprec_tinytens
 .rodata        0x00837f78        0xc ../StereoSystem_bsp/\libhal_bsp.a(alt_dev.o)
 .rodata        0x00837f84       0x10 ../StereoSystem_bsp/\libhal_bsp.a(alt_main.o)
 .rodata        0x00837f94       0xac ../StereoSystem_bsp/\libhal_bsp.a(alt_sys_init.o)
 .rodata        0x00838040       0x1c ../StereoSystem_bsp/\libhal_bsp.a(altera_up_avalon_video_character_buffer_with_dma.o)
 *(.rodata1)
                0x0083805c                . = ALIGN (0x4)
                0x0083805c                PROVIDE (__ram_rodata_end, ABSOLUTE (.))
                0x0082c3b8                PROVIDE (__flash_rodata_start, LOADADDR (.rodata))

.rwdata         0x0083805c     0x1d00 load address 0x00839d5c
                0x0083805c                PROVIDE (__ram_rwdata_start, ABSOLUTE (.))
                0x0083805c                . = ALIGN (0x4)
 *(.got.plt)
 *(.got)
 *(.data1)
 *(.data .data.* .gnu.linkonce.d.*)
 .data          0x0083805c        0x0 ../StereoSystem_bsp//obj/HAL/src/crt0.o
 .data          0x0083805c        0x0 obj/default/Button.o
 .data          0x0083805c        0x0 obj/default/Colder.o
 .data          0x0083805c        0x0 obj/default/Command.o
 .data          0x0083805c        0x0 obj/default/CommandScheduler.o
 .data          0x0083805c        0x0 obj/default/Cursor.o
 .data          0x0083805c        0x0 obj/default/Database.o
 .data          0x0083805c        0x0 obj/default/Frame.o
 .data          0x0083805c        0x0 obj/default/Graphic.o
 .data          0x0083805c        0x0 obj/default/ISR_vectors.o
 .data          0x0083805c        0x0 obj/default/MemoryMgr.o
 .data          0x0083805c        0x0 obj/default/Object.o
 .data          0x0083805c        0x0 obj/default/Packet.o
 .data          0x0083805c        0x0 obj/default/Playlist.o
 .data          0x0083805c        0x0 obj/default/PushKeyController.o
 .data          0x0083805c        0x0 obj/default/Queue.o
 .data          0x0083805c        0x0 obj/default/RS232.o
 .data          0x0083805c        0x0 obj/default/Range.o
 .data          0x0083805c        0x0 obj/default/Song.o
 .data          0x0083805c        0x0 obj/default/StereoSystem.o
 .data          0x0083805c        0x0 obj/default/TestBot.o
 .data          0x0083805c        0x0 obj/default/libMAD/bit.o
 .data          0x0083805c        0x0 obj/default/libMAD/decoder.o
 .data          0x0083805c        0x0 obj/default/libMAD/frame.o
 .data          0x0083805c        0x0 obj/default/libMAD/huffman.o
 .data          0x0083805c        0x0 obj/default/libMAD/layer12.o
 .data          0x0083805c        0x0 obj/default/libMAD/layer3.o
 .data          0x0083805c        0x0 obj/default/libMAD/stream.o
 .data          0x0083805c        0x0 obj/default/libMAD/synth.o
 .data          0x0083805c        0x0 obj/default/libMAD/timer.o
 .data          0x0083805c        0x0 obj/default/sound/AudioDeviceController.o
 .data          0x0083805c        0x0 obj/default/sound/Sound.o
 .data          0x0083805c        0x0 obj/default/sound/SoundMixer.o
 .data          0x0083805c        0x0 c:/altera/12.0sp2/nios2eds/bin/gnu/h-i686-mingw32/bin/../lib/gcc/nios2-elf/4.1.2\libgcc.a(_fixunssfsi.o)
 .data          0x0083805c        0x0 c:/altera/12.0sp2/nios2eds/bin/gnu/h-i686-mingw32/bin/../lib/gcc/nios2-elf/4.1.2\libgcc.a(_addsub_sf.o)
 .data          0x0083805c        0x0 c:/altera/12.0sp2/nios2eds/bin/gnu/h-i686-mingw32/bin/../lib/gcc/nios2-elf/4.1.2\libgcc.a(_mul_sf.o)
 .data          0x0083805c        0x0 c:/altera/12.0sp2/nios2eds/bin/gnu/h-i686-mingw32/bin/../lib/gcc/nios2-elf/4.1.2\libgcc.a(_div_sf.o)
 .data          0x0083805c        0x0 c:/altera/12.0sp2/nios2eds/bin/gnu/h-i686-mingw32/bin/../lib/gcc/nios2-elf/4.1.2\libgcc.a(_eq_sf.o)
 .data          0x0083805c        0x0 c:/altera/12.0sp2/nios2eds/bin/gnu/h-i686-mingw32/bin/../lib/gcc/nios2-elf/4.1.2\libgcc.a(_ge_sf.o)
 .data          0x0083805c        0x0 c:/altera/12.0sp2/nios2eds/bin/gnu/h-i686-mingw32/bin/../lib/gcc/nios2-elf/4.1.2\libgcc.a(_lt_sf.o)
 .data          0x0083805c        0x0 c:/altera/12.0sp2/nios2eds/bin/gnu/h-i686-mingw32/bin/../lib/gcc/nios2-elf/4.1.2\libgcc.a(_le_sf.o)
 .data          0x0083805c        0x0 c:/altera/12.0sp2/nios2eds/bin/gnu/h-i686-mingw32/bin/../lib/gcc/nios2-elf/4.1.2\libgcc.a(_si_to_sf.o)
 .data          0x0083805c        0x0 c:/altera/12.0sp2/nios2eds/bin/gnu/h-i686-mingw32/bin/../lib/gcc/nios2-elf/4.1.2\libgcc.a(_sf_to_si.o)
 .data          0x0083805c        0x0 c:/altera/12.0sp2/nios2eds/bin/gnu/h-i686-mingw32/bin/../lib/gcc/nios2-elf/4.1.2\libgcc.a(_sf_to_df.o)
 .data          0x0083805c        0x0 c:/altera/12.0sp2/nios2eds/bin/gnu/h-i686-mingw32/bin/../lib/gcc/nios2-elf/4.1.2\libgcc.a(_thenan_sf.o)
 .data          0x0083805c        0x0 c:/altera/12.0sp2/nios2eds/bin/gnu/h-i686-mingw32/bin/../lib/gcc/nios2-elf/4.1.2\libgcc.a(_usi_to_sf.o)
 .data          0x0083805c        0x0 c:/altera/12.0sp2/nios2eds/bin/gnu/h-i686-mingw32/bin/../lib/gcc/nios2-elf/4.1.2\libgcc.a(_mul_df.o)
 .data          0x0083805c        0x0 c:/altera/12.0sp2/nios2eds/bin/gnu/h-i686-mingw32/bin/../lib/gcc/nios2-elf/4.1.2\libgcc.a(_si_to_df.o)
 .data          0x0083805c        0x0 c:/altera/12.0sp2/nios2eds/bin/gnu/h-i686-mingw32/bin/../lib/gcc/nios2-elf/4.1.2\libgcc.a(_df_to_si.o)
 .data          0x0083805c        0x0 c:/altera/12.0sp2/nios2eds/bin/gnu/h-i686-mingw32/bin/../lib/gcc/nios2-elf/4.1.2\libgcc.a(_make_df.o)
 .data          0x0083805c        0x0 c:/altera/12.0sp2/nios2eds/bin/gnu/h-i686-mingw32/bin/../lib/gcc/nios2-elf/4.1.2\libgcc.a(_df_to_sf.o)
 .data          0x0083805c        0x0 c:/altera/12.0sp2/nios2eds/bin/gnu/h-i686-mingw32/bin/../lib/gcc/nios2-elf/4.1.2\libgcc.a(_thenan_df.o)
 .data          0x0083805c        0x0 c:/altera/12.0sp2/nios2eds/bin/gnu/h-i686-mingw32/bin/../lib/gcc/nios2-elf/4.1.2\libgcc.a(lib2-divmod.o)
 .data          0x0083805c      0x100 c:/altera/12.0sp2/nios2eds/bin/gnu/h-i686-mingw32/bin/../lib/gcc/nios2-elf/4.1.2\libgcc.a(lib2-divtable.o)
                0x0083805c                __divsi3_table
 .data          0x0083815c        0x0 c:/altera/12.0sp2/nios2eds/bin/gnu/h-i686-mingw32/bin/../lib/gcc/nios2-elf/4.1.2\libgcc.a(_muldi3.o)
 .data          0x0083815c        0x0 c:/altera/12.0sp2/nios2eds/bin/gnu/h-i686-mingw32/bin/../lib/gcc/nios2-elf/4.1.2\libgcc.a(_clzsi2.o)
 .data          0x0083815c        0x0 c:/altera/12.0sp2/nios2eds/bin/gnu/h-i686-mingw32/bin/../lib/gcc/nios2-elf/4.1.2\libgcc.a(_pack_sf.o)
 .data          0x0083815c        0x0 c:/altera/12.0sp2/nios2eds/bin/gnu/h-i686-mingw32/bin/../lib/gcc/nios2-elf/4.1.2\libgcc.a(_unpack_sf.o)
 .data          0x0083815c        0x0 c:/altera/12.0sp2/nios2eds/bin/gnu/h-i686-mingw32/bin/../lib/gcc/nios2-elf/4.1.2\libgcc.a(_fpcmp_parts_sf.o)
 .data          0x0083815c        0x0 c:/altera/12.0sp2/nios2eds/bin/gnu/h-i686-mingw32/bin/../lib/gcc/nios2-elf/4.1.2\libgcc.a(_make_sf.o)
 .data          0x0083815c        0x0 c:/altera/12.0sp2/nios2eds/bin/gnu/h-i686-mingw32/bin/../lib/gcc/nios2-elf/4.1.2\libgcc.a(_pack_df.o)
 .data          0x0083815c        0x0 c:/altera/12.0sp2/nios2eds/bin/gnu/h-i686-mingw32/bin/../lib/gcc/nios2-elf/4.1.2\libgcc.a(_unpack_df.o)
 .data          0x0083815c        0x0 c:/altera/12.0sp2/nios2eds/bin/gnu/h-i686-mingw32/bin/../lib/gcc/nios2-elf/4.1.2\libgcc.a(_clz.o)
 .data          0x0083815c        0x0 c:/altera/12.0sp2/nios2eds/bin/gnu/h-i686-mingw32/bin/../lib/gcc/nios2-elf/4.1.2/../../../../nios2-elf/lib\libc.a(lib_a-abort.o)
 .data          0x0083815c        0x0 c:/altera/12.0sp2/nios2eds/bin/gnu/h-i686-mingw32/bin/../lib/gcc/nios2-elf/4.1.2/../../../../nios2-elf/lib\libc.a(lib_a-atoi.o)
 .data          0x0083815c        0x0 c:/altera/12.0sp2/nios2eds/bin/gnu/h-i686-mingw32/bin/../lib/gcc/nios2-elf/4.1.2/../../../../nios2-elf/lib\libc.a(lib_a-calloc.o)
 .data          0x0083815c        0x0 c:/altera/12.0sp2/nios2eds/bin/gnu/h-i686-mingw32/bin/../lib/gcc/nios2-elf/4.1.2/../../../../nios2-elf/lib\libc.a(lib_a-callocr.o)
 .data          0x0083815c        0x0 c:/altera/12.0sp2/nios2eds/bin/gnu/h-i686-mingw32/bin/../lib/gcc/nios2-elf/4.1.2/../../../../nios2-elf/lib\libc.a(lib_a-exit.o)
 .data          0x0083815c        0x0 c:/altera/12.0sp2/nios2eds/bin/gnu/h-i686-mingw32/bin/../lib/gcc/nios2-elf/4.1.2/../../../../nios2-elf/lib\libc.a(lib_a-fprintf.o)
 .data          0x0083815c      0x400 c:/altera/12.0sp2/nios2eds/bin/gnu/h-i686-mingw32/bin/../lib/gcc/nios2-elf/4.1.2/../../../../nios2-elf/lib\libc.a(lib_a-impure.o)
 .data          0x0083855c        0x0 c:/altera/12.0sp2/nios2eds/bin/gnu/h-i686-mingw32/bin/../lib/gcc/nios2-elf/4.1.2/../../../../nios2-elf/lib\libc.a(lib_a-malloc.o)
 .data          0x0083855c      0x408 c:/altera/12.0sp2/nios2eds/bin/gnu/h-i686-mingw32/bin/../lib/gcc/nios2-elf/4.1.2/../../../../nios2-elf/lib\libc.a(lib_a-mallocr.o)
                0x0083855c                __malloc_av_
 .data          0x00838964        0x0 c:/altera/12.0sp2/nios2eds/bin/gnu/h-i686-mingw32/bin/../lib/gcc/nios2-elf/4.1.2/../../../../nios2-elf/lib\libc.a(lib_a-memcpy.o)
 .data          0x00838964        0x0 c:/altera/12.0sp2/nios2eds/bin/gnu/h-i686-mingw32/bin/../lib/gcc/nios2-elf/4.1.2/../../../../nios2-elf/lib\libc.a(lib_a-memmove.o)
 .data          0x00838964        0x0 c:/altera/12.0sp2/nios2eds/bin/gnu/h-i686-mingw32/bin/../lib/gcc/nios2-elf/4.1.2/../../../../nios2-elf/lib\libc.a(lib_a-memset.o)
 .data          0x00838964        0x0 c:/altera/12.0sp2/nios2eds/bin/gnu/h-i686-mingw32/bin/../lib/gcc/nios2-elf/4.1.2/../../../../nios2-elf/lib\libc.a(lib_a-printf.o)
 .data          0x00838964        0x0 c:/altera/12.0sp2/nios2eds/bin/gnu/h-i686-mingw32/bin/../lib/gcc/nios2-elf/4.1.2/../../../../nios2-elf/lib\libc.a(lib_a-puts.o)
 .data          0x00838964        0x0 c:/altera/12.0sp2/nios2eds/bin/gnu/h-i686-mingw32/bin/../lib/gcc/nios2-elf/4.1.2/../../../../nios2-elf/lib\libc.a(lib_a-realloc.o)
 .data          0x00838964        0x0 c:/altera/12.0sp2/nios2eds/bin/gnu/h-i686-mingw32/bin/../lib/gcc/nios2-elf/4.1.2/../../../../nios2-elf/lib\libc.a(lib_a-reallocr.o)
 .data          0x00838964        0x0 c:/altera/12.0sp2/nios2eds/bin/gnu/h-i686-mingw32/bin/../lib/gcc/nios2-elf/4.1.2/../../../../nios2-elf/lib\libc.a(lib_a-sbrkr.o)
 .data          0x00838964        0x0 c:/altera/12.0sp2/nios2eds/bin/gnu/h-i686-mingw32/bin/../lib/gcc/nios2-elf/4.1.2/../../../../nios2-elf/lib\libc.a(lib_a-signal.o)
 .data          0x00838964        0x0 c:/altera/12.0sp2/nios2eds/bin/gnu/h-i686-mingw32/bin/../lib/gcc/nios2-elf/4.1.2/../../../../nios2-elf/lib\libc.a(lib_a-signalr.o)
 .data          0x00838964        0x0 c:/altera/12.0sp2/nios2eds/bin/gnu/h-i686-mingw32/bin/../lib/gcc/nios2-elf/4.1.2/../../../../nios2-elf/lib\libc.a(lib_a-sprintf.o)
 .data          0x00838964        0x0 c:/altera/12.0sp2/nios2eds/bin/gnu/h-i686-mingw32/bin/../lib/gcc/nios2-elf/4.1.2/../../../../nios2-elf/lib\libc.a(lib_a-strcat.o)
 .data          0x00838964        0x0 c:/altera/12.0sp2/nios2eds/bin/gnu/h-i686-mingw32/bin/../lib/gcc/nios2-elf/4.1.2/../../../../nios2-elf/lib\libc.a(lib_a-strcmp.o)
 .data          0x00838964        0x0 c:/altera/12.0sp2/nios2eds/bin/gnu/h-i686-mingw32/bin/../lib/gcc/nios2-elf/4.1.2/../../../../nios2-elf/lib\libc.a(lib_a-strcpy.o)
 .data          0x00838964        0x0 c:/altera/12.0sp2/nios2eds/bin/gnu/h-i686-mingw32/bin/../lib/gcc/nios2-elf/4.1.2/../../../../nios2-elf/lib\libc.a(lib_a-strlen.o)
 .data          0x00838964        0x0 c:/altera/12.0sp2/nios2eds/bin/gnu/h-i686-mingw32/bin/../lib/gcc/nios2-elf/4.1.2/../../../../nios2-elf/lib\libc.a(lib_a-strncat.o)
 .data          0x00838964        0x0 c:/altera/12.0sp2/nios2eds/bin/gnu/h-i686-mingw32/bin/../lib/gcc/nios2-elf/4.1.2/../../../../nios2-elf/lib\libc.a(lib_a-strncpy.o)
 .data          0x00838964        0x0 c:/altera/12.0sp2/nios2eds/bin/gnu/h-i686-mingw32/bin/../lib/gcc/nios2-elf/4.1.2/../../../../nios2-elf/lib\libc.a(lib_a-strstr.o)
 .data          0x00838964        0x0 c:/altera/12.0sp2/nios2eds/bin/gnu/h-i686-mingw32/bin/../lib/gcc/nios2-elf/4.1.2/../../../../nios2-elf/lib\libc.a(lib_a-strtol.o)
 .data          0x00838964        0x0 c:/altera/12.0sp2/nios2eds/bin/gnu/h-i686-mingw32/bin/../lib/gcc/nios2-elf/4.1.2/../../../../nios2-elf/lib\libc.a(lib_a-vfprintf.o)
 .data          0x00838964        0x0 c:/altera/12.0sp2/nios2eds/bin/gnu/h-i686-mingw32/bin/../lib/gcc/nios2-elf/4.1.2/../../../../nios2-elf/lib\libc.a(lib_a-wsetup.o)
 .data          0x00838964        0x0 c:/altera/12.0sp2/nios2eds/bin/gnu/h-i686-mingw32/bin/../lib/gcc/nios2-elf/4.1.2/../../../../nios2-elf/lib\libc.a(lib_a-__call_atexit.o)
 .data          0x00838964        0x0 c:/altera/12.0sp2/nios2eds/bin/gnu/h-i686-mingw32/bin/../lib/gcc/nios2-elf/4.1.2/../../../../nios2-elf/lib\libc.a(lib_a-ctype_.o)
 .data          0x00838964        0x0 c:/altera/12.0sp2/nios2eds/bin/gnu/h-i686-mingw32/bin/../lib/gcc/nios2-elf/4.1.2/../../../../nios2-elf/lib\libc.a(lib_a-dtoa.o)
 .data          0x00838964        0x0 c:/altera/12.0sp2/nios2eds/bin/gnu/h-i686-mingw32/bin/../lib/gcc/nios2-elf/4.1.2/../../../../nios2-elf/lib\libc.a(lib_a-fflush.o)
 .data          0x00838964        0x0 c:/altera/12.0sp2/nios2eds/bin/gnu/h-i686-mingw32/bin/../lib/gcc/nios2-elf/4.1.2/../../../../nios2-elf/lib\libc.a(lib_a-findfp.o)
 .data          0x00838964        0x0 c:/altera/12.0sp2/nios2eds/bin/gnu/h-i686-mingw32/bin/../lib/gcc/nios2-elf/4.1.2/../../../../nios2-elf/lib\libc.a(lib_a-freer.o)
 .data          0x00838964        0x0 c:/altera/12.0sp2/nios2eds/bin/gnu/h-i686-mingw32/bin/../lib/gcc/nios2-elf/4.1.2/../../../../nios2-elf/lib\libc.a(lib_a-fvwrite.o)
 .data          0x00838964        0x0 c:/altera/12.0sp2/nios2eds/bin/gnu/h-i686-mingw32/bin/../lib/gcc/nios2-elf/4.1.2/../../../../nios2-elf/lib\libc.a(lib_a-fwalk.o)
 .data          0x00838964        0x0 c:/altera/12.0sp2/nios2eds/bin/gnu/h-i686-mingw32/bin/../lib/gcc/nios2-elf/4.1.2/../../../../nios2-elf/lib\libc.a(lib_a-int_errno.o)
 .data          0x00838964        0xc c:/altera/12.0sp2/nios2eds/bin/gnu/h-i686-mingw32/bin/../lib/gcc/nios2-elf/4.1.2/../../../../nios2-elf/lib\libc.a(lib_a-locale.o)
                0x00838964                __lc_ctype
 .data          0x00838970        0x0 c:/altera/12.0sp2/nios2eds/bin/gnu/h-i686-mingw32/bin/../lib/gcc/nios2-elf/4.1.2/../../../../nios2-elf/lib\libc.a(lib_a-makebuf.o)
 .data          0x00838970        0x0 c:/altera/12.0sp2/nios2eds/bin/gnu/h-i686-mingw32/bin/../lib/gcc/nios2-elf/4.1.2/../../../../nios2-elf/lib\libc.a(lib_a-memchr.o)
 .data          0x00838970        0x0 c:/altera/12.0sp2/nios2eds/bin/gnu/h-i686-mingw32/bin/../lib/gcc/nios2-elf/4.1.2/../../../../nios2-elf/lib\libc.a(lib_a-memcmp.o)
 .data          0x00838970        0x0 c:/altera/12.0sp2/nios2eds/bin/gnu/h-i686-mingw32/bin/../lib/gcc/nios2-elf/4.1.2/../../../../nios2-elf/lib\libc.a(lib_a-mprec.o)
 .data          0x00838970        0x0 c:/altera/12.0sp2/nios2eds/bin/gnu/h-i686-mingw32/bin/../lib/gcc/nios2-elf/4.1.2/../../../../nios2-elf/lib\libc.a(lib_a-s_isinfd.o)
 .data          0x00838970        0x0 c:/altera/12.0sp2/nios2eds/bin/gnu/h-i686-mingw32/bin/../lib/gcc/nios2-elf/4.1.2/../../../../nios2-elf/lib\libc.a(lib_a-s_isnand.o)
 .data          0x00838970        0x0 c:/altera/12.0sp2/nios2eds/bin/gnu/h-i686-mingw32/bin/../lib/gcc/nios2-elf/4.1.2/../../../../nios2-elf/lib\libc.a(lib_a-stdio.o)
 .data          0x00838970        0x0 c:/altera/12.0sp2/nios2eds/bin/gnu/h-i686-mingw32/bin/../lib/gcc/nios2-elf/4.1.2/../../../../nios2-elf/lib\libc.a(lib_a-strchr.o)
 .data          0x00838970        0x0 c:/altera/12.0sp2/nios2eds/bin/gnu/h-i686-mingw32/bin/../lib/gcc/nios2-elf/4.1.2/../../../../nios2-elf/lib\libc.a(lib_a-writer.o)
 .data          0x00838970        0x0 c:/altera/12.0sp2/nios2eds/bin/gnu/h-i686-mingw32/bin/../lib/gcc/nios2-elf/4.1.2/../../../../nios2-elf/lib\libc.a(lib_a-closer.o)
 .data          0x00838970        0x0 c:/altera/12.0sp2/nios2eds/bin/gnu/h-i686-mingw32/bin/../lib/gcc/nios2-elf/4.1.2/../../../../nios2-elf/lib\libc.a(lib_a-fclose.o)
 .data          0x00838970        0x0 c:/altera/12.0sp2/nios2eds/bin/gnu/h-i686-mingw32/bin/../lib/gcc/nios2-elf/4.1.2/../../../../nios2-elf/lib\libc.a(lib_a-fstatr.o)
 .data          0x00838970        0x0 c:/altera/12.0sp2/nios2eds/bin/gnu/h-i686-mingw32/bin/../lib/gcc/nios2-elf/4.1.2/../../../../nios2-elf/lib\libc.a(lib_a-isattyr.o)
 .data          0x00838970        0x0 c:/altera/12.0sp2/nios2eds/bin/gnu/h-i686-mingw32/bin/../lib/gcc/nios2-elf/4.1.2/../../../../nios2-elf/lib\libc.a(lib_a-lseekr.o)
 .data          0x00838970        0x0 c:/altera/12.0sp2/nios2eds/bin/gnu/h-i686-mingw32/bin/../lib/gcc/nios2-elf/4.1.2/../../../../nios2-elf/lib\libc.a(lib_a-readr.o)
 .data          0x00838970        0x0 c:/altera/12.0sp2/nios2eds/bin/gnu/h-i686-mingw32/bin/../lib/gcc/nios2-elf/4.1.2\libgcc.a(_udivdi3.o)
 .data          0x00838970        0x0 c:/altera/12.0sp2/nios2eds/bin/gnu/h-i686-mingw32/bin/../lib/gcc/nios2-elf/4.1.2\libgcc.a(_umoddi3.o)
 .data          0x00838970        0x0 c:/altera/12.0sp2/nios2eds/bin/gnu/h-i686-mingw32/bin/../lib/gcc/nios2-elf/4.1.2\libgcc.a(_addsub_df.o)
 .data          0x00838970        0x0 c:/altera/12.0sp2/nios2eds/bin/gnu/h-i686-mingw32/bin/../lib/gcc/nios2-elf/4.1.2\libgcc.a(_div_df.o)
 .data          0x00838970        0x0 c:/altera/12.0sp2/nios2eds/bin/gnu/h-i686-mingw32/bin/../lib/gcc/nios2-elf/4.1.2\libgcc.a(_eq_df.o)
 .data          0x00838970        0x0 c:/altera/12.0sp2/nios2eds/bin/gnu/h-i686-mingw32/bin/../lib/gcc/nios2-elf/4.1.2\libgcc.a(_ne_df.o)
 .data          0x00838970        0x0 c:/altera/12.0sp2/nios2eds/bin/gnu/h-i686-mingw32/bin/../lib/gcc/nios2-elf/4.1.2\libgcc.a(_gt_df.o)
 .data          0x00838970        0x0 c:/altera/12.0sp2/nios2eds/bin/gnu/h-i686-mingw32/bin/../lib/gcc/nios2-elf/4.1.2\libgcc.a(_ge_df.o)
 .data          0x00838970        0x0 c:/altera/12.0sp2/nios2eds/bin/gnu/h-i686-mingw32/bin/../lib/gcc/nios2-elf/4.1.2\libgcc.a(_lt_df.o)
 .data          0x00838970        0x0 c:/altera/12.0sp2/nios2eds/bin/gnu/h-i686-mingw32/bin/../lib/gcc/nios2-elf/4.1.2\libgcc.a(_usi_to_df.o)
 .data          0x00838970        0x0 c:/altera/12.0sp2/nios2eds/bin/gnu/h-i686-mingw32/bin/../lib/gcc/nios2-elf/4.1.2\libgcc.a(_fpcmp_parts_df.o)
 .data          0x00838970        0x0 ../StereoSystem_bsp/\libhal_bsp.a(alt_alarm_start.o)
 .data          0x00838970        0x0 ../StereoSystem_bsp/\libhal_bsp.a(alt_close.o)
 .data          0x00838970      0x1a8 ../StereoSystem_bsp/\libhal_bsp.a(alt_dev.o)
                0x00838970                alt_dev_null
                0x00838998                alt_fd_list
 .data          0x00838b18        0x0 ../StereoSystem_bsp/\libhal_bsp.a(alt_errno.o)
 .data          0x00838b18        0x0 ../StereoSystem_bsp/\libhal_bsp.a(alt_exit.o)
 .data          0x00838b18        0x0 ../StereoSystem_bsp/\libhal_bsp.a(alt_fstat.o)
 .data          0x00838b18        0x0 ../StereoSystem_bsp/\libhal_bsp.a(alt_getpid.o)
 .data          0x00838b18        0x0 ../StereoSystem_bsp/\libhal_bsp.a(alt_irq_register.o)
 .data          0x00838b18        0x0 ../StereoSystem_bsp/\libhal_bsp.a(alt_irq_vars.o)
 .data          0x00838b18        0x0 ../StereoSystem_bsp/\libhal_bsp.a(alt_isatty.o)
 .data          0x00838b18        0x0 ../StereoSystem_bsp/\libhal_bsp.a(alt_kill.o)
 .data          0x00838b18        0x0 ../StereoSystem_bsp/\libhal_bsp.a(alt_load.o)
 .data          0x00838b18        0x0 ../StereoSystem_bsp/\libhal_bsp.a(alt_lseek.o)
 .data          0x00838b18        0x0 ../StereoSystem_bsp/\libhal_bsp.a(alt_main.o)
 .data          0x00838b18        0x0 ../StereoSystem_bsp/\libhal_bsp.a(alt_malloc_lock.o)
 .data          0x00838b18        0x0 ../StereoSystem_bsp/\libhal_bsp.a(alt_read.o)
 .data          0x00838b18        0x0 ../StereoSystem_bsp/\libhal_bsp.a(alt_release_fd.o)
 .data          0x00838b18        0x0 ../StereoSystem_bsp/\libhal_bsp.a(alt_sbrk.o)
 .data          0x00838b18        0x0 ../StereoSystem_bsp/\libhal_bsp.a(alt_tick.o)
 .data          0x00838b18        0x0 ../StereoSystem_bsp/\libhal_bsp.a(alt_write.o)
 .data          0x00838b18     0x11ec ../StereoSystem_bsp/\libhal_bsp.a(alt_sys_init.o)
 .data          0x00839d04        0x0 ../StereoSystem_bsp/\libhal_bsp.a(altera_avalon_jtag_uart_fd.o)
 .data          0x00839d04        0x0 ../StereoSystem_bsp/\libhal_bsp.a(altera_avalon_jtag_uart_init.o)
 .data          0x00839d04        0x0 ../StereoSystem_bsp/\libhal_bsp.a(altera_avalon_jtag_uart_ioctl.o)
 .data          0x00839d04        0x0 ../StereoSystem_bsp/\libhal_bsp.a(altera_avalon_jtag_uart_read.o)
 .data          0x00839d04        0x0 ../StereoSystem_bsp/\libhal_bsp.a(altera_avalon_jtag_uart_write.o)
 .data          0x00839d04        0x0 ../StereoSystem_bsp/\libhal_bsp.a(altera_avalon_timer_sc.o)
 .data          0x00839d04        0x0 ../StereoSystem_bsp/\libhal_bsp.a(altera_up_avalon_audio.o)
 .data          0x00839d04        0x0 ../StereoSystem_bsp/\libhal_bsp.a(altera_up_avalon_audio_and_video_config.o)
 .data          0x00839d04        0x0 ../StereoSystem_bsp/\libhal_bsp.a(altera_up_avalon_ps2.o)
 .data          0x00839d04        0x0 ../StereoSystem_bsp/\libhal_bsp.a(altera_up_avalon_rs232.o)
 .data          0x00839d04        0x0 ../StereoSystem_bsp/\libhal_bsp.a(altera_up_avalon_video_character_buffer_with_dma.o)
 .data          0x00839d04        0x0 ../StereoSystem_bsp/\libhal_bsp.a(altera_up_avalon_video_pixel_buffer_dma.o)
 .data          0x00839d04        0x0 ../StereoSystem_bsp/\libhal_bsp.a(altera_up_sd_card_avalon_interface.o)
 .data          0x00839d04        0x0 ../StereoSystem_bsp/\libhal_bsp.a(alt_dcache_flush_all.o)
 .data          0x00839d04        0x0 ../StereoSystem_bsp/\libhal_bsp.a(alt_dev_llist_insert.o)
 .data          0x00839d04        0x0 ../StereoSystem_bsp/\libhal_bsp.a(alt_do_ctors.o)
 .data          0x00839d04        0x0 ../StereoSystem_bsp/\libhal_bsp.a(alt_do_dtors.o)
 .data          0x00839d04        0x0 ../StereoSystem_bsp/\libhal_bsp.a(alt_find_dev.o)
 .data          0x00839d04        0x0 ../StereoSystem_bsp/\libhal_bsp.a(alt_icache_flush_all.o)
 .data          0x00839d04        0x0 ../StereoSystem_bsp/\libhal_bsp.a(alt_io_redirect.o)
 .data          0x00839d04        0x0 ../StereoSystem_bsp/\libhal_bsp.a(alt_irq_entry.o)
 .data          0x00839d04        0x0 ../StereoSystem_bsp/\libhal_bsp.a(alt_irq_handler.o)
 .data          0x00839d04        0x0 ../StereoSystem_bsp/\libhal_bsp.a(alt_open.o)
 .data          0x00839d04        0x0 ../StereoSystem_bsp/\libhal_bsp.a(altera_nios2_qsys_irq.o)
 .data          0x00839d04        0x0 ../StereoSystem_bsp/\libhal_bsp.a(alt_exception_entry.o)
 .data          0x00839d04        0x0 ../StereoSystem_bsp/\libhal_bsp.a(alt_find_file.o)
 .data          0x00839d04        0x0 ../StereoSystem_bsp/\libhal_bsp.a(alt_get_fd.o)
 .data          0x00839d04        0x0 ../StereoSystem_bsp/\libhal_bsp.a(alt_icache_flush.o)
 .data          0x00839d04        0x0 c:/altera/12.0sp2/nios2eds/bin/gnu/h-i686-mingw32/bin/../lib/gcc/nios2-elf/4.1.2/../../../../nios2-elf/lib\libc.a(lib_a-atexit.o)
 .data          0x00839d04        0x0 c:/altera/12.0sp2/nios2eds/bin/gnu/h-i686-mingw32/bin/../lib/gcc/nios2-elf/4.1.2/../../../../nios2-elf/lib\libc.a(lib_a-__atexit.o)
                0x00841d04                _gp = ABSOLUTE ((. + 0x8000))
                0x00841d04                PROVIDE (gp, _gp)
 *(.rwdata .rwdata.*)
 *(.sdata .sdata.* .gnu.linkonce.s.*)
 .sdata         0x00839d04        0xc obj/default/libMAD/huffman.o
                0x00839d04                mad_huff_quad_table
 .sdata         0x00839d10        0x8 obj/default/libMAD/timer.o
                0x00839d10                mad_timer_zero
 .sdata         0x00839d18        0x8 c:/altera/12.0sp2/nios2eds/bin/gnu/h-i686-mingw32/bin/../lib/gcc/nios2-elf/4.1.2/../../../../nios2-elf/lib\libc.a(lib_a-impure.o)
                0x00839d18                _impure_ptr
                0x00839d1c                _global_impure_ptr
 .sdata         0x00839d20        0x8 c:/altera/12.0sp2/nios2eds/bin/gnu/h-i686-mingw32/bin/../lib/gcc/nios2-elf/4.1.2/../../../../nios2-elf/lib\libc.a(lib_a-mallocr.o)