Archive member included because of file (symbol)

c:/altera/12.0sp2/nios2eds/bin/gnu/h-i686-mingw32/bin/../lib/gcc/nios2-elf/4.1.2/../../../../nios2-elf/lib\libm.a(lib_a-s_cos.o)
                              obj/default/DSP/PhaseVocoder.o (cos)
c:/altera/12.0sp2/nios2eds/bin/gnu/h-i686-mingw32/bin/../lib/gcc/nios2-elf/4.1.2/../../../../nios2-elf/lib\libm.a(lib_a-s_sin.o)
                              obj/default/DSP/PhaseVocoder.o (sin)
c:/altera/12.0sp2/nios2eds/bin/gnu/h-i686-mingw32/bin/../lib/gcc/nios2-elf/4.1.2/../../../../nios2-elf/lib\libm.a(lib_a-w_atan2.o)
                              obj/default/DSP/PhaseVocoder.o (atan2)
c:/altera/12.0sp2/nios2eds/bin/gnu/h-i686-mingw32/bin/../lib/gcc/nios2-elf/4.1.2/../../../../nios2-elf/lib\libm.a(lib_a-w_log.o)
                              obj/default/DSP/fft.o (log)
c:/altera/12.0sp2/nios2eds/bin/gnu/h-i686-mingw32/bin/../lib/gcc/nios2-elf/4.1.2/../../../../nios2-elf/lib\libm.a(lib_a-w_sqrt.o)
                              obj/default/DSP/PhaseVocoder.o (sqrt)
c:/altera/12.0sp2/nios2eds/bin/gnu/h-i686-mingw32/bin/../lib/gcc/nios2-elf/4.1.2/../../../../nios2-elf/lib\libm.a(lib_a-e_atan2.o)
                              c:/altera/12.0sp2/nios2eds/bin/gnu/h-i686-mingw32/bin/../lib/gcc/nios2-elf/4.1.2/../../../../nios2-elf/lib\libm.a(lib_a-w_atan2.o) (__ieee754_atan2)
c:/altera/12.0sp2/nios2eds/bin/gnu/h-i686-mingw32/bin/../lib/gcc/nios2-elf/4.1.2/../../../../nios2-elf/lib\libm.a(lib_a-e_log.o)
                              c:/altera/12.0sp2/nios2eds/bin/gnu/h-i686-mingw32/bin/../lib/gcc/nios2-elf/4.1.2/../../../../nios2-elf/lib\libm.a(lib_a-w_log.o) (__ieee754_log)
c:/altera/12.0sp2/nios2eds/bin/gnu/h-i686-mingw32/bin/../lib/gcc/nios2-elf/4.1.2/../../../../nios2-elf/lib\libm.a(lib_a-e_rem_pio2.o)
                              c:/altera/12.0sp2/nios2eds/bin/gnu/h-i686-mingw32/bin/../lib/gcc/nios2-elf/4.1.2/../../../../nios2-elf/lib\libm.a(lib_a-s_cos.o) (__ieee754_rem_pio2)
c:/altera/12.0sp2/nios2eds/bin/gnu/h-i686-mingw32/bin/../lib/gcc/nios2-elf/4.1.2/../../../../nios2-elf/lib\libm.a(lib_a-e_sqrt.o)
                              c:/altera/12.0sp2/nios2eds/bin/gnu/h-i686-mingw32/bin/../lib/gcc/nios2-elf/4.1.2/../../../../nios2-elf/lib\libm.a(lib_a-w_sqrt.o) (__ieee754_sqrt)
c:/altera/12.0sp2/nios2eds/bin/gnu/h-i686-mingw32/bin/../lib/gcc/nios2-elf/4.1.2/../../../../nios2-elf/lib\libm.a(lib_a-k_cos.o)
                              c:/altera/12.0sp2/nios2eds/bin/gnu/h-i686-mingw32/bin/../lib/gcc/nios2-elf/4.1.2/../../../../nios2-elf/lib\libm.a(lib_a-s_cos.o) (__kernel_cos)
c:/altera/12.0sp2/nios2eds/bin/gnu/h-i686-mingw32/bin/../lib/gcc/nios2-elf/4.1.2/../../../../nios2-elf/lib\libm.a(lib_a-k_rem_pio2.o)
                              c:/altera/12.0sp2/nios2eds/bin/gnu/h-i686-mingw32/bin/../lib/gcc/nios2-elf/4.1.2/../../../../nios2-elf/lib\libm.a(lib_a-e_rem_pio2.o) (__kernel_rem_pio2)
c:/altera/12.0sp2/nios2eds/bin/gnu/h-i686-mingw32/bin/../lib/gcc/nios2-elf/4.1.2/../../../../nios2-elf/lib\libm.a(lib_a-k_sin.o)
                              c:/altera/12.0sp2/nios2eds/bin/gnu/h-i686-mingw32/bin/../lib/gcc/nios2-elf/4.1.2/../../../../nios2-elf/lib\libm.a(lib_a-s_cos.o) (__kernel_sin)
c:/altera/12.0sp2/nios2eds/bin/gnu/h-i686-mingw32/bin/../lib/gcc/nios2-elf/4.1.2/../../../../nios2-elf/lib\libm.a(lib_a-s_atan.o)
                              c:/altera/12.0sp2/nios2eds/bin/gnu/h-i686-mingw32/bin/../lib/gcc/nios2-elf/4.1.2/../../../../nios2-elf/lib\libm.a(lib_a-e_atan2.o) (atan)
c:/altera/12.0sp2/nios2eds/bin/gnu/h-i686-mingw32/bin/../lib/gcc/nios2-elf/4.1.2/../../../../nios2-elf/lib\libm.a(lib_a-s_fabs.o)
                              c:/altera/12.0sp2/nios2eds/bin/gnu/h-i686-mingw32/bin/../lib/gcc/nios2-elf/4.1.2/../../../../nios2-elf/lib\libm.a(lib_a-e_atan2.o) (fabs)
c:/altera/12.0sp2/nios2eds/bin/gnu/h-i686-mingw32/bin/../lib/gcc/nios2-elf/4.1.2/../../../../nios2-elf/lib\libm.a(lib_a-s_floor.o)
                              c:/altera/12.0sp2/nios2eds/bin/gnu/h-i686-mingw32/bin/../lib/gcc/nios2-elf/4.1.2/../../../../nios2-elf/lib\libm.a(lib_a-k_rem_pio2.o) (floor)
c:/altera/12.0sp2/nios2eds/bin/gnu/h-i686-mingw32/bin/../lib/gcc/nios2-elf/4.1.2/../../../../nios2-elf/lib\libm.a(lib_a-s_isnand.o)
                              c:/altera/12.0sp2/nios2eds/bin/gnu/h-i686-mingw32/bin/../lib/gcc/nios2-elf/4.1.2/../../../../nios2-elf/lib\libm.a(lib_a-w_log.o) (__isnand)
c:/altera/12.0sp2/nios2eds/bin/gnu/h-i686-mingw32/bin/../lib/gcc/nios2-elf/4.1.2/../../../../nios2-elf/lib\libm.a(lib_a-s_lib_ver.o)
                              c:/altera/12.0sp2/nios2eds/bin/gnu/h-i686-mingw32/bin/../lib/gcc/nios2-elf/4.1.2/../../../../nios2-elf/lib\libm.a(lib_a-w_log.o) (__fdlib_version)
c:/altera/12.0sp2/nios2eds/bin/gnu/h-i686-mingw32/bin/../lib/gcc/nios2-elf/4.1.2/../../../../nios2-elf/lib\libm.a(lib_a-s_matherr.o)
                              c:/altera/12.0sp2/nios2eds/bin/gnu/h-i686-mingw32/bin/../lib/gcc/nios2-elf/4.1.2/../../../../nios2-elf/lib\libm.a(lib_a-w_log.o) (matherr)
[...]
Memory Configuration

Name             Origin             Length             Attributes
reset            0x00800000         0x00000020
sdram            0x00800020         0x007fffe0
*default*        0x00000000         0xffffffff

Linker script and memory map

LOAD ../StereoSystem_bsp//obj/HAL/src/crt0.o
LOAD obj/default/Button.o
LOAD obj/default/Colder.o
LOAD obj/default/Command.o
LOAD obj/default/CommandScheduler.o
LOAD obj/default/Cursor.o
LOAD obj/default/DSP/PhaseVocoder.o
LOAD obj/default/DSP/fft.o
LOAD obj/default/Database.o
LOAD obj/default/Frame.o
LOAD obj/default/Graphic.o
LOAD obj/default/ISR_vectors.o
LOAD obj/default/MemoryMgr.o
LOAD obj/default/Object.o
LOAD obj/default/Packet.o
LOAD obj/default/Playlist.o
LOAD obj/default/PushKeyController.o
LOAD obj/default/Queue.o
LOAD obj/default/RS232.o
LOAD obj/default/Range.o
LOAD obj/default/Song.o
LOAD obj/default/StereoSystem.o
LOAD obj/default/TestBot.o
LOAD obj/default/libMAD/bit.o
LOAD obj/default/libMAD/decoder.o
LOAD obj/default/libMAD/frame.o
LOAD obj/default/libMAD/huffman.o
LOAD obj/default/libMAD/layer12.o
LOAD obj/default/libMAD/layer3.o
LOAD obj/default/libMAD/stream.o
LOAD obj/default/libMAD/synth.o
LOAD obj/default/libMAD/timer.o
LOAD obj/default/sound/AudioDeviceController.o
LOAD obj/default/sound/AudioFormat.o
LOAD obj/default/sound/Sound.o
LOAD obj/default/sound/SoundMixer.o
LOAD c:/altera/12.0sp2/nios2eds/bin/gnu/h-i686-mingw32/bin/../lib/gcc/nios2-elf/4.1.2/../../../../nios2-elf/lib\libstdc++.a
LOAD c:/altera/12.0sp2/nios2eds/bin/gnu/h-i686-mingw32/bin/../lib/gcc/nios2-elf/4.1.2/../../../../nios2-elf/lib\libm.a
LOAD c:/altera/12.0sp2/nios2eds/bin/gnu/h-i686-mingw32/bin/../lib/gcc/nios2-elf/4.1.2\libgcc.a
START GROUP
LOAD c:/altera/12.0sp2/nios2eds/bin/gnu/h-i686-mingw32/bin/../lib/gcc/nios2-elf/4.1.2/../../../../nios2-elf/lib\libc.a
LOAD c:/altera/12.0sp2/nios2eds/bin/gnu/h-i686-mingw32/bin/../lib/gcc/nios2-elf/4.1.2\libgcc.a
LOAD ../StereoSystem_bsp/\libhal_bsp.a
END GROUP
LOAD c:/altera/12.0sp2/nios2eds/bin/gnu/h-i686-mingw32/bin/../lib/gcc/nios2-elf/4.1.2\libgcc.a
                0x00800000                __alt_mem_sdram = 0x800000

.entry          0x00800000       0x20
 *(.entry)
 .entry         0x00800000       0x20 ../StereoSystem_bsp//obj/HAL/src/crt0.o
                0x00800000                __reset

.exceptions     0x00800020      0x164
                0x00800020                PROVIDE (__ram_exceptions_start, ABSOLUTE (.))
                0x00800020                . = ALIGN (0x20)
 *(.irq)
 *(.exceptions.entry.label)
 .exceptions.entry.label
                0x00800020        0x0 ../StereoSystem_bsp/\libhal_bsp.a(alt_irq_entry.o)
                0x00800020                alt_irq_entry
 .exceptions.entry.label
                0x00800020        0x0 ../StereoSystem_bsp/\libhal_bsp.a(alt_exception_entry.o)
                0x00800020                alt_exception
 *(.exceptions.entry.user)
 *(.exceptions.entry)
 .exceptions.entry
                0x00800020       0x54 ../StereoSystem_bsp/\libhal_bsp.a(alt_exception_entry.o)
 *(.exceptions.irqtest.user)
 *(.exceptions.irqtest)
 .exceptions.irqtest
                0x00800074       0x10 ../StereoSystem_bsp/\libhal_bsp.a(alt_irq_entry.o)
 *(.exceptions.irqhandler.user)
 *(.exceptions.irqhandler)
 .exceptions.irqhandler
                0x00800084        0x4 ../StereoSystem_bsp/\libhal_bsp.a(alt_irq_entry.o)
 *(.exceptions.irqreturn.user)
 *(.exceptions.irqreturn)
 .exceptions.irqreturn
                0x00800088        0x4 ../StereoSystem_bsp/\libhal_bsp.a(alt_irq_entry.o)
 *(.exceptions.notirq.label)
 .exceptions.notirq.label
                0x0080008c        0x0 ../StereoSystem_bsp/\libhal_bsp.a(alt_irq_entry.o)
 *(.exceptions.notirq.user)
 *(.exceptions.notirq)
 .exceptions.notirq
                0x0080008c        0x8 ../StereoSystem_bsp/\libhal_bsp.a(alt_exception_entry.o)
 *(.exceptions.soft.user)
 *(.exceptions.soft)
 *(.exceptions.unknown.user)
 *(.exceptions.unknown)
 .exceptions.unknown
                0x00800094        0x4 ../StereoSystem_bsp/\libhal_bsp.a(alt_exception_entry.o)
 *(.exceptions.exit.label)
 .exceptions.exit.label
                0x00800098        0x0 ../StereoSystem_bsp/\libhal_bsp.a(alt_irq_entry.o)
 .exceptions.exit.label
                0x00800098        0x0 ../StereoSystem_bsp/\libhal_bsp.a(alt_exception_entry.o)
 *(.exceptions.exit.user)
 *(.exceptions.exit)
 .exceptions.exit
                0x00800098       0x54 ../StereoSystem_bsp/\libhal_bsp.a(alt_exception_entry.o)
 *(.exceptions)
 .exceptions    0x008000ec       0x98 ../StereoSystem_bsp/\libhal_bsp.a(alt_irq_handler.o)
                0x008000ec                alt_irq_handler
                0x00800184                PROVIDE (__ram_exceptions_end, ABSOLUTE (.))
                0x00800020                PROVIDE (__flash_exceptions_start, LOADADDR (.exceptions))

.text           0x00800184    0x32d0c
                0x00800184                PROVIDE (stext, ABSOLUTE (.))
 *(.interp)
 *(.hash)
 *(.dynsym)
 *(.dynstr)
 *(.gnu.version)
 *(.gnu.version_d)
 *(.gnu.version_r)
 *(.rel.init)
 *(.rela.init)
 *(.rel.text .rel.text.* .rel.gnu.linkonce.t.*)
 *(.rela.text .rela.text.* .rela.gnu.linkonce.t.*)
 *(.rel.fini)
 *(.rela.fini)
 *(.rel.rodata .rel.rodata.* .rel.gnu.linkonce.r.*)
 *(.rela.rodata .rela.rodata.* .rela.gnu.linkonce.r.*)
 *(.rel.data .rel.data.* .rel.gnu.linkonce.d.*)
 *(.rela.data .rela.data.* .rela.gnu.linkonce.d.*)
 *(.rel.tdata .rel.tdata.* .rel.gnu.linkonce.td.*)
 *(.rela.tdata .rela.tdata.* .rela.gnu.linkonce.td.*)
 *(.rel.tbss .rel.tbss.* .rel.gnu.linkonce.tb.*)
 *(.rela.tbss .rela.tbss.* .rela.gnu.linkonce.tb.*)
 *(.rel.ctors)
 *(.rela.ctors)
 *(.rel.dtors)
 *(.rela.dtors)
 *(.rel.got)
 *(.rela.got)
 *(.rel.sdata .rel.sdata.* .rel.gnu.linkonce.s.*)
 *(.rela.sdata .rela.sdata.* .rela.gnu.linkonce.s.*)
 *(.rel.sbss .rel.sbss.* .rel.gnu.linkonce.sb.*)
 *(.rela.sbss .rela.sbss.* .rela.gnu.linkonce.sb.*)
 *(.rel.sdata2 .rel.sdata2.* .rel.gnu.linkonce.s2.*)
 *(.rela.sdata2 .rela.sdata2.* .rela.gnu.linkonce.s2.*)
 *(.rel.sbss2 .rel.sbss2.* .rel.gnu.linkonce.sb2.*)
 *(.rela.sbss2 .rela.sbss2.* .rela.gnu.linkonce.sb2.*)
 *(.rel.bss .rel.bss.* .rel.gnu.linkonce.b.*)
 *(.rela.bss .rela.bss.* .rela.gnu.linkonce.b.*)
 *(.rel.plt)
 *(.rela.plt)
 *(.rel.dyn)
 *(.init)
 *(.plt)
 *(.text .stub .text.* .gnu.linkonce.t.*)
 .text          0x00800184       0x4c ../StereoSystem_bsp//obj/HAL/src/crt0.o
                0x00800184                _start
 .text          0x008001d0     0x1f50 obj/default/Button.o
                0x008001d0                dummyDraw
                0x008001d4                getXActionBtn
                0x0080023c                getYActionBtn
                0x0080024c                querySongButtonFromID
                0x008002b8                dummyCollide
                0x008002c4                updateVolumeValue
                0x00800354                drawTxtButton
                0x00800374                drawActionButton
                0x00800388                highlightButton
                0x008004f4                drawRange
                0x00800564                volumeButtonCollide
                0x0080066c                allSongsMenuButtonCollide
                0x008006c4                playlistMenuButtonCollide
                0x0080071c                killSongButton
                0x00800768                initButton
                0x008007c4                animateButton
                0x00800890                menuButtonCollide
                0x0080097c                initSongButton
                0x00800a58                initMenuButton
                0x00800b48                initVolumeButton
                0x00800c1c                initScrollButton
                0x00800ce0                initActionButton
                0x00800e2c                initPlaylistButton
                0x00800ef4                highlightSongWithID
                0x008010d0                playlistButtonCollide
                0x008012ac                nextButtonCollide
                0x00801394                prevButtonCollide
                0x00801480                stopButtonCollide
                0x00801544                pauseButtonCollide
                0x00801614                playSongsFromSongPanel
                0x008018ac                songButtonCollide
                0x008019f8                playButtonCollide
                0x00801e50                actionButtonCollide
 .text          0x00802120      0x87c obj/default/Colder.o
                0x00802120                decodePlaylist
                0x00802128                decodeString
                0x00802200                decodeCmd
                0x008023fc                encodeCmd
                0x0080265c                encodeString
                0x0080280c                decode
 .text          0x0080299c     0x186c obj/default/Command.o
                0x0080299c                syncRemoveSongFromList
                0x008029a0                repeatList
                0x008029b8                updateSongToPlaylist
                0x008029bc                moveSongToIndex
                0x008029c0                repeatCurrentSong
                0x008029c4                reverse
                0x008029c8                updateDBIndex
                0x008029cc                play_playlist
                0x008029dc                shuffle
                0x008029ec                playSongFromList
                0x00802a00                removeSongFromList
                0x00802a94                addSongToList
                0x00802b88                selectList
                0x00802be0                seek
                0x00802bf0                openSongsFromList
                0x00802bfc                openPlaylistsPanel
                0x00802c1c                openAllSongPanel
                0x00802c3c                playSongFromAllSongs
                0x00802c6c                removeList
                0x00802cbc                killCmd
                0x00802d6c                modifyListName
                0x00802d88                createSong
                0x00802db4                createExisitedPlaylist
                0x00802df0                createPlaylist
                0x00802e2c                setVolume
                0x00802e7c                stop
                0x00802f18                pause
                0x00802fcc                initCmd
                0x008030e4                syncRemoveList
                0x0080316c                syncRepeatList
                0x008031f4                syncSelectList
                0x0080327c                syncCreatePlaylist
                0x008032dc                syncSetVol
                0x008033a0                syncStop
                0x008033ec                syncPause
                0x00803474                syncPlay
                0x00803564                next
                0x008036ac                prev
                0x008037b4                syncNext
                0x00803878                syncPrev
                0x0080393c                syncUpdatePos
                0x00803a78                play
                0x00803ce0                syncCreateExisitedPlaylist
                0x00803e14                syncAddExisitedSongToList
                0x00803f24                syncAddSongToList
                0x00804034                syncDBFinish
                0x00804100                syncCreateSong
 .text          0x00804208      0x4a4 obj/default/CommandScheduler.o
                0x00804208                cmdProcessing
                0x00804670                addCmd
                0x00804678                initCmdScheduler
 .text          0x008046ac      0x664 obj/default/Cursor.o
                0x008046ac                getCursorX
                0x008046bc                getCursorY
                0x008046cc                memOverlap
                0x008048d4                moveCursor
                0x008048f0                enableCursorInterrupt
                0x00804930                initCursor
                0x00804a68                updateCursor
 .text          0x00804d10      0xbf4 obj/default/DSP/PhaseVocoder.o
                0x00804d10                pitchShift
 .text          0x00805904      0x3fc obj/default/DSP/fft.o
                0x00805904                fft
 .text          0x00805d00     0x1b38 obj/default/Database.o
                0x00805d00                isCurrPlaying
                0x00805d30                removeCurrPlaying
                0x00805d70                initializeListWithSongs
                0x00805f10                querySongByName
                0x00805f98                queryListByName
                0x00806064                getSongsFromSD
                0x008061a0                createPlaylistFromTxt
                0x00806280                openFileFromSD
                0x008062ec                writeLine
                0x008063e4                readLine
                0x008064e0                removeListFromDB
                0x008065b8                addExisitedListToDB
                0x008066f8                addListToDB
                0x00806804                addSongToDB
                0x0080685c                update
                0x008069e0                saveListChangesToSD
                0x00806cf8                saveAllUpdatesToSDBeforeQuits
                0x00806d18                getAndUpdateSongsFromTxt
                0x008070e8                loadSongsFromSD
                0x00807118                preloadSongsToPlaylist
                0x00807288                saveListsToSD
                0x008073fc                updateSongToSD
                0x00807508                loadListsFromSD
                0x008076f0                initDatabase
 .text          0x00807838     0x1ac0 obj/default/Frame.o
                0x00807838                killSongPanel
                0x0080783c                drawSongPanel
                0x008078a0                drawPlaylistPanel
                0x00807920                clearSongPanel
                0x00807a88                drawVolumeFrame
                0x00807b10                drawScrollFrame
                0x00807bcc                drawActionFrame
                0x00807c58                drawMenuFrame
                0x00807d0c                drawMainFrame
                0x00807da4                killSongInListPanel
                0x00807e40                initFrame
                0x00807e68                drawSongInListPanel
                0x0080804c                drawAllLists
                0x008082dc                drawAllSongs
                0x0080851c                initSongInListPanel
                0x00808680                initVolumeFrame
                0x00808788                initScrollFrame
                0x00808874                initMenuFrame
                0x00808938                initSongPanel
                0x00808a54                initActionFrame
                0x00808c74                initPlaylistPanel
                0x00808de8                drawAllSongsInList
                0x008090ac                initMainFrame
 .text          0x008092f8      0xbdc obj/default/Graphic.o
                0x008092f8                getColor
                0x00809318                getColor555
                0x00809330                addImage
                0x00809358                setImagePos
                0x00809374                drawEqulizer
                0x0080941c                drawBox
                0x00809514                initImage
                0x008095c4                initVGA
                0x0080965c                draw
                0x00809738                draw_notransparent
                0x00809808                loadSDImage
                0x00809bf8                killImage
                0x00809d3c                drawVerticalLine
                0x00809e04                drawHorizontalLine
 .text          0x00809ed4      0xd00 obj/default/ISR_vectors.o
                0x00809ed4                animate_ISR
                0x0080a0c0                audio_ISR
                0x0080a15c                push_key_ISR
                0x0080a28c                RS232_ISR
                0x0080a798                ps2_ISR
                0x0080a924                mix_ISR
 .text          0x0080abd4      0x250 obj/default/MemoryMgr.o
                0x0080abd4                freeMem
                0x0080ad10                addToMemory
                0x0080adf8                initMemory
 .text          0x0080ae24       0xb4 obj/default/Object.o
                0x0080ae24                setXY
                0x0080ae50                setNextXY
                0x0080ae64                initObject
 .text          0x0080aed8      0x418 obj/default/Packet.o
                0x0080aed8                getBit
                0x0080aee8                setBit
                0x0080af00                initPacket
                0x0080af98                strnsep_
                0x0080b0a0                killPacket
                0x0080b108                readPacketHeader
                0x0080b230                setAck
                0x0080b254                setHeader
 .text          0x0080b2f0      0x1d8 obj/default/Playlist.o
                0x0080b2f0                setListId
                0x0080b2f8                generateListNameForSD
                0x0080b380                killPlaylist
                0x0080b3b8                setListName
                0x0080b42c                initPlaylist
 .text          0x0080b4c8      0x158 obj/default/PushKeyController.o
                0x0080b4c8                isBitSet
                0x0080b4e0                isKeyUp
                0x0080b504                isKeyDown
                0x0080b52c                initPushKeyController
                0x0080b58c                wasKeyJustReleased
                0x0080b5d4                wasKeyJustPressed
 .text          0x0080b620      0x454 obj/default/Queue.o
                0x0080b620                containsValue
                0x0080b66c                initQueue
                0x0080b694                enqueue
                0x0080b75c                killQueueData
                0x0080b7a0                dequeue
                0x0080b84c                dequeueValue
                0x0080b978                addPacketsLengthToQueue
 .text          0x0080ba74      0x8b8 obj/default/RS232.o
                0x0080ba74                switchAck
                0x0080ba8c                setStates
                0x0080baac                sendRS232
                0x0080bb0c                updateAcknowledge
                0x0080bb98                send
                0x0080bc14                initRS232
                0x0080bd78                reset
                0x0080beb0                failReceive
                0x0080beec                checkAck
                0x0080bf90                checkStartAck
                0x0080c00c                sendAck
                0x0080c138                sendStats
                0x0080c278                sendStartInit
 .text          0x0080c32c     0x164c obj/default/Range.o
                0x0080c32c                actionBtnAnimation
                0x0080c560                checkImgCollisionForMouse
                0x0080c6cc                checkTxtCollisionForMouse
                0x0080c828                initRange
                0x0080c884                checkButtonCollision
 .text          0x0080d978      0x500 obj/default/Song.o
                0x0080d978                setSongId
                0x0080d980                getLength
                0x0080d988                getSongPosition
                0x0080d990                seekSong
                0x0080d998                stopSong
                0x0080da48                pauseSong
                0x0080daa4                setSongPitch
                0x0080daac                setSongVolume
                0x0080dab4                setSongName
                0x0080db28                unloadSong
                0x0080dba4                loadSong
                0x0080dc18                initSong
                0x0080dccc                playSong
 .text          0x0080de78      0x268 obj/default/StereoSystem.o
                0x0080de78                initAudioBuffer
                0x0080deb4                initAnimate
                0x0080def0                loadSDCard
                0x0080df6c                main
 .text          0x0080e0e0      0x19c obj/default/TestBot.o
                0x0080e0e0                graphicTester
                0x0080e0e4                dBTester
                0x0080e0e8                soundTester
                0x0080e15c                cmdTester
                0x0080e1ec                dbTester2
 .text          0x0080e27c      0x6c8 obj/default/libMAD/bit.o
                0x0080e27c                mad_bit_init
                0x0080e290                mad_bit_length
                0x0080e2b4                mad_bit_nextbyte
                0x0080e2d4                mad_bit_skip
                0x0080e330                mad_bit_read
                0x0080e40c                mad_bit_crc
 .text          0x0080e944      0x344 obj/default/libMAD/decoder.o
                0x0080e944                mad_decoder_init
                0x0080e990                mad_decoder_finish
                0x0080e998                mad_decoder_message
                0x0080e9a0                mad_decoder_run
 .text          0x0080ec88      0xaa8 obj/default/libMAD/frame.o
                0x0080ec88                mad_header_init
                0x0080eccc                mad_frame_mute
                0x0080f024                mad_header_decode
                0x0080f50c                mad_frame_decode
                0x0080f630                mad_frame_finish
                0x0080f664                mad_frame_init
 .text          0x0080f730        0x0 obj/default/libMAD/huffman.o
 .text          0x0080f730      0xf4c obj/default/libMAD/layer12.o
                0x0080f730                mad_layer_I
                0x0080fbe4                mad_layer_II
 .text          0x0081067c     0x4bf0 obj/default/libMAD/layer3.o
                0x00814a60                mad_layer_III
 .text          0x0081526c      0x350 obj/default/libMAD/stream.o
                0x0081526c                mad_stream_skip
                0x0081527c                mad_stream_errorstr
                0x00815454                mad_stream_sync
                0x008154fc                mad_stream_buffer
                0x00815520                mad_stream_init
                0x00815588                mad_stream_finish
 .text          0x008155bc     0x25f4 obj/default/libMAD/synth.o
                0x008155bc                mad_synth_mute
                0x008179e4                mad_synth_frame
                0x00817ae8                mad_synth_init
 .text          0x00817bb0     0x1944 obj/default/libMAD/timer.o
                0x00817bb0                mad_timer_compare
                0x00817bd8                mad_timer_negate
                0x00817c0c                mad_timer_abs
                0x00817c40                mad_timer_add
                0x00817cc4                mad_timer_multiply
                0x00817fac                mad_timer_fraction
                0x00818034                mad_timer_set
                0x00818240                mad_timer_count
                0x00818b68                mad_timer_string
 .text          0x008194f4       0xd8 obj/default/sound/AudioDeviceController.o
                0x008194f4                disableAudioDeviceController
                0x00819504                enableAudioDeviceController
                0x00819540                av_config_setup
                0x00819578                initAudioDeviceController
 .text          0x008195cc       0xfc obj/default/sound/AudioFormat.o
                0x008195cc                getBitRateKbps
                0x008195e8                getSampleRate
                0x008195f0                getSampleSizeInBits
                0x008195f8                getSampleSizeInBytes
                0x00819614                getNumChannels
                0x0081961c                setSampleRate
                0x00819624                initAudioFormat
 .text          0x008196c8     0x15a4 obj/default/sound/Sound.o
                0x008196c8                convertFromMS
                0x008196d0                convertToMS
                0x008196f0                getMaxSoundValue
                0x0081974c                allowFade
                0x0081976c                setFadeInLength
                0x00819774                setFadeOutLength
                0x00819784                setSoundVolume
                0x00819790                seekSound
                0x0081979c                stopSound
                0x008197a4                checkEnd
                0x00819864                readFileTilOffset
                0x008198ec                initSound
                0x00819960                allocateSoundBuffer
                0x00819a08                clearSoundBuffer
                0x00819a14                readInt
                0x00819b84                changeBitsPerSample
                0x00819c48                resampleSound
                0x00819f78                loadSoundBuffer
                0x0081a0b4                setSoundPlaybackSpeed
                0x0081a208                playSound
                0x0081a220                getSoundLengthMS
                0x0081a244                getSoundPositionMS
                0x0081a268                setSoundPitch
                0x0081a558                loadMP3Sound
                0x0081a7e8                loadWavHeader
                0x0081aa8c                loadWavSound
                0x0081abe0                loadSound
 .text          0x0081ac6c      0x6d8 obj/default/sound/SoundMixer.o
                0x0081ac6c                loadToSoundBuffer
                0x0081ae34                negativeToPositive
                0x0081ae4c                positiveToNegative
                0x0081ae64                incIndex
                0x0081aee0                clearIndexBuffer
                0x0081aef8                setGlobalVolume
                0x0081af88                clearSoundMixer
                0x0081afd4                initSoundMixer
                0x0081b068                updateMixer
 .text          0x0081b344      0x168 c:/altera/12.0sp2/nios2eds/bin/gnu/h-i686-mingw32/bin/../lib/gcc/nios2-elf/4.1.2/../../../../nios2-elf/lib\libm.a(lib_a-s_cos.o)
                0x0081b344                cos
 .text          0x0081b4ac      0x16c c:/altera/12.0sp2/nios2eds/bin/gnu/h-i686-mingw32/bin/../lib/gcc/nios2-elf/4.1.2/../../../../nios2-elf/lib\libm.a(lib_a-s_sin.o)
                0x0081b4ac                sin
 .text          0x0081b618        0x4 c:/altera/12.0sp2/nios2eds/bin/gnu/h-i686-mingw32/bin/../lib/gcc/nios2-elf/4.1.2/../../../../nios2-elf/lib\libm.a(lib_a-w_atan2.o)
                0x0081b618                atan2
 .text          0x0081b61c      0x188 c:/altera/12.0sp2/nios2eds/bin/gnu/h-i686-mingw32/bin/../lib/gcc/nios2-elf/4.1.2/../../../../nios2-elf/lib\libm.a(lib_a-w_log.o)
                0x0081b61c                log
 .text          0x0081b7a4      0x130 c:/altera/12.0sp2/nios2eds/bin/gnu/h-i686-mingw32/bin/../lib/gcc/nios2-elf/4.1.2/../../../../nios2-elf/lib\libm.a(lib_a-w_sqrt.o)
                0x0081b7a4                sqrt
 .text          0x0081b8d4      0x350 c:/altera/12.0sp2/nios2eds/bin/gnu/h-i686-mingw32/bin/../lib/gcc/nios2-elf/4.1.2/../../../../nios2-elf/lib\libm.a(lib_a-e_atan2.o)
                0x0081b8d4                __ieee754_atan2
 .text          0x0081bc24      0x7f8 c:/altera/12.0sp2/nios2eds/bin/gnu/h-i686-mingw32/bin/../lib/gcc/nios2-elf/4.1.2/../../../../nios2-elf/lib\libm.a(lib_a-e_log.o)
                0x0081bc24                __ieee754_log
 .text          0x0081c41c      0x828 c:/altera/12.0sp2/nios2eds/bin/gnu/h-i686-mingw32/bin/../lib/gcc/nios2-elf/4.1.2/../../../../nios2-elf/lib\libm.a(lib_a-e_rem_pio2.o)
                0x0081c41c                __ieee754_rem_pio2
 .text          0x0081cc44      0x2c8 c:/altera/12.0sp2/nios2eds/bin/gnu/h-i686-mingw32/bin/../lib/gcc/nios2-elf/4.1.2/../../../../nios2-elf/lib\libm.a(lib_a-e_sqrt.o)
                0x0081cc44                __ieee754_sqrt
 .text          0x0081cf0c      0x52c c:/altera/12.0sp2/nios2eds/bin/gnu/h-i686-mingw32/bin/../lib/gcc/nios2-elf/4.1.2/../../../../nios2-elf/lib\libm.a(lib_a-k_cos.o)
                0x0081cf0c                __kernel_cos
 .text          0x0081d438      0xe7c c:/altera/12.0sp2/nios2eds/bin/gnu/h-i686-mingw32/bin/../lib/gcc/nios2-elf/4.1.2/../../../../nios2-elf/lib\libm.a(lib_a-k_rem_pio2.o)
                0x0081d438                __kernel_rem_pio2
 .text          0x0081e2b4      0x318 c:/altera/12.0sp2/nios2eds/bin/gnu/h-i686-mingw32/bin/../lib/gcc/nios2-elf/4.1.2/../../../../nios2-elf/lib\libm.a(lib_a-k_sin.o)
                0x0081e2b4                __kernel_sin
 .text          0x0081e5cc      0x698 c:/altera/12.0sp2/nios2eds/bin/gnu/h-i686-mingw32/bin/../lib/gcc/nios2-elf/4.1.2/../../../../nios2-elf/lib\libm.a(lib_a-s_atan.o)
                0x0081e5cc                atan
 .text          0x0081ec64       0x18 c:/altera/12.0sp2/nios2eds/bin/gnu/h-i686-mingw32/bin/../lib/gcc/nios2-elf/4.1.2/../../../../nios2-elf/lib\libm.a(lib_a-s_fabs.o)
                0x0081ec64                fabs
 .text          0x0081ec7c      0x224 c:/altera/12.0sp2/nios2eds/bin/gnu/h-i686-mingw32/bin/../lib/gcc/nios2-elf/4.1.2/../../../../nios2-elf/lib\libm.a(lib_a-s_floor.o)
                0x0081ec7c                floor
 .text          0x0081eea0       0x30 c:/altera/12.0sp2/nios2eds/bin/gnu/h-i686-mingw32/bin/../lib/gcc/nios2-elf/4.1.2/../../../../nios2-elf/lib\libm.a(lib_a-s_isnand.o)
                0x0081eea0                __isnand
 .text          0x0081eed0        0x0 c:/altera/12.0sp2/nios2eds/bin/gnu/h-i686-mingw32/bin/../lib/gcc/nios2-elf/4.1.2/../../../../nios2-elf/lib\libm.a(lib_a-s_lib_ver.o)
 .text          0x0081eed0        0x8 c:/altera/12.0sp2/nios2eds/bin/gnu/h-i686-mingw32/bin/../lib/gcc/nios2-elf/4.1.2/../../../../nios2-elf/lib\libm.a(lib_a-s_matherr.o)
                0x0081eed0                matherr
 .text          0x0081eed8       0x10 c:/altera/12.0sp2/nios2eds/bin/gnu/h-i686-mingw32/bin/../lib/gcc/nios2-elf/4.1.2/../../../../nios2-elf/lib\libm.a(lib_a-s_nan.o)
                0x0081eed8                nan
 .text          0x0081eee8      0x1e0 c:/altera/12.0sp2/nios2eds/bin/gnu/h-i686-mingw32/bin/../lib/gcc/nios2-elf/4.1.2/../../../../nios2-elf/lib\libm.a(lib_a-s_scalbn.o)
                0x0081eee8                scalbn
 .text          0x0081f0c8       0x24 c:/altera/12.0sp2/nios2eds/bin/gnu/h-i686-mingw32/bin/../lib/gcc/nios2-elf/4.1.2/../../../../nios2-elf/lib\libm.a(lib_a-s_copysign.o)
                0x0081f0c8                copysign
 .text          0x0081f0ec       0x70 c:/altera/12.0sp2/nios2eds/bin/gnu/h-i686-mingw32/bin/../lib/gcc/nios2-elf/4.1.2\libgcc.a(_fixunssfsi.o)
                0x0081f0ec                __fixunssfsi
 .text          0x0081f15c      0x2b8 c:/altera/12.0sp2/nios2eds/bin/gnu/h-i686-mingw32/bin/../lib/gcc/nios2-elf/4.1.2\libgcc.a(_addsub_sf.o)
                0x0081f340                __subsf3
                0x0081f3b0                __addsf3
 .text          0x0081f414      0x1e0 c:/altera/12.0sp2/nios2eds/bin/gnu/h-i686-mingw32/bin/../lib/gcc/nios2-elf/4.1.2\libgcc.a(_mul_sf.o)
                0x0081f414                __mulsf3
 .text          0x0081f5f4      0x174 c:/altera/12.0sp2/nios2eds/bin/gnu/h-i686-mingw32/bin/../lib/gcc/nios2-elf/4.1.2\libgcc.a(_div_sf.o)
                0x0081f5f4                __divsf3
 .text          0x0081f768       0x78 c:/altera/12.0sp2/nios2eds/bin/gnu/h-i686-mingw32/bin/../lib/gcc/nios2-elf/4.1.2\libgcc.a(_eq_sf.o)
                0x0081f768                __eqsf2
 .text          0x0081f7e0       0x78 c:/altera/12.0sp2/nios2eds/bin/gnu/h-i686-mingw32/bin/../lib/gcc/nios2-elf/4.1.2\libgcc.a(_gt_sf.o)
                0x0081f7e0                __gtsf2
 .text          0x0081f858       0x78 c:/altera/12.0sp2/nios2eds/bin/gnu/h-i686-mingw32/bin/../lib/gcc/nios2-elf/4.1.2\libgcc.a(_ge_sf.o)
                0x0081f858                __gesf2
 .text          0x0081f8d0       0x98 c:/altera/12.0sp2/nios2eds/bin/gnu/h-i686-mingw32/bin/../lib/gcc/nios2-elf/4.1.2\libgcc.a(_si_to_sf.o)
                0x0081f8d0                __floatsisf
 .text          0x0081f968       0x94 c:/altera/12.0sp2/nios2eds/bin/gnu/h-i686-mingw32/bin/../lib/gcc/nios2-elf/4.1.2\libgcc.a(_sf_to_si.o)
                0x0081f968                __fixsfsi
 .text          0x0081f9fc       0x54 c:/altera/12.0sp2/nios2eds/bin/gnu/h-i686-mingw32/bin/../lib/gcc/nios2-elf/4.1.2\libgcc.a(_sf_to_df.o)
                0x0081f9fc                __extendsfdf2
 .text          0x0081fa50        0x0 c:/altera/12.0sp2/nios2eds/bin/gnu/h-i686-mingw32/bin/../lib/gcc/nios2-elf/4.1.2\libgcc.a(_thenan_sf.o)
 .text          0x0081fa50       0xc0 c:/altera/12.0sp2/nios2eds/bin/gnu/h-i686-mingw32/bin/../lib/gcc/nios2-elf/4.1.2\libgcc.a(_usi_to_sf.o)
                0x0081fa50                __floatunsisf
 .text          0x0081fb10      0x504 c:/altera/12.0sp2/nios2eds/bin/gnu/h-i686-mingw32/bin/../lib/gcc/nios2-elf/4.1.2\libgcc.a(_addsub_df.o)
                0x0081ff20                __subdf3
                0x0081ffa0                __adddf3
 .text          0x00820014      0x3c4 c:/altera/12.0sp2/nios2eds/bin/gnu/h-i686-mingw32/bin/../lib/gcc/nios2-elf/4.1.2\libgcc.a(_mul_df.o)
                0x00820014                __muldf3
 .text          0x008203d8      0x258 c:/altera/12.0sp2/nios2eds/bin/gnu/h-i686-mingw32/bin/../lib/gcc/nios2-elf/4.1.2\libgcc.a(_div_df.o)
                0x008203d8                __divdf3
 .text          0x00820630       0x88 c:/altera/12.0sp2/nios2eds/bin/gnu/h-i686-mingw32/bin/../lib/gcc/nios2-elf/4.1.2\libgcc.a(_eq_df.o)
                0x00820630                __eqdf2
 .text          0x008206b8       0x88 c:/altera/12.0sp2/nios2eds/bin/gnu/h-i686-mingw32/bin/../lib/gcc/nios2-elf/4.1.2\libgcc.a(_gt_df.o)
                0x008206b8                __gtdf2
 .text          0x00820740       0x88 c:/altera/12.0sp2/nios2eds/bin/gnu/h-i686-mingw32/bin/../lib/gcc/nios2-elf/4.1.2\libgcc.a(_ge_df.o)
                0x00820740                __gedf2
 .text          0x008207c8       0x88 c:/altera/12.0sp2/nios2eds/bin/gnu/h-i686-mingw32/bin/../lib/gcc/nios2-elf/4.1.2\libgcc.a(_lt_df.o)
                0x008207c8                __ltdf2
 .text          0x00820850       0xf8 c:/altera/12.0sp2/nios2eds/bin/gnu/h-i686-mingw32/bin/../lib/gcc/nios2-elf/4.1.2\libgcc.a(_si_to_df.o)
                0x00820850                __floatsidf
 .text          0x00820948       0xd8 c:/altera/12.0sp2/nios2eds/bin/gnu/h-i686-mingw32/bin/../lib/gcc/nios2-elf/4.1.2\libgcc.a(_df_to_si.o)
                0x00820948                __fixdfsi
 .text          0x00820a20       0x38 c:/altera/12.0sp2/nios2eds/bin/gnu/h-i686-mingw32/bin/../lib/gcc/nios2-elf/4.1.2\libgcc.a(_make_df.o)
                0x00820a20                __make_dp
 .text          0x00820a58       0x74 c:/altera/12.0sp2/nios2eds/bin/gnu/h-i686-mingw32/bin/../lib/gcc/nios2-elf/4.1.2\libgcc.a(_df_to_sf.o)
                0x00820a58                __truncdfsf2
 .text          0x00820acc        0x0 c:/altera/12.0sp2/nios2eds/bin/gnu/h-i686-mingw32/bin/../lib/gcc/nios2-elf/4.1.2\libgcc.a(_thenan_df.o)
 .text          0x00820acc      0x14c c:/altera/12.0sp2/nios2eds/bin/gnu/h-i686-mingw32/bin/../lib/gcc/nios2-elf/4.1.2\libgcc.a(lib2-divmod.o)
                0x00820b48                __divsi3
                0x00820ba8                __modsi3
                0x00820c08                __udivsi3
                0x00820c10                __umodsi3
 .text          0x00820c18        0x0 c:/altera/12.0sp2/nios2eds/bin/gnu/h-i686-mingw32/bin/../lib/gcc/nios2-elf/4.1.2\libgcc.a(lib2-divtable.o)
 .text          0x00820c18       0x98 c:/altera/12.0sp2/nios2eds/bin/gnu/h-i686-mingw32/bin/../lib/gcc/nios2-elf/4.1.2\libgcc.a(_muldi3.o)
                0x00820c18                __muldi3
 .text          0x00820cb0       0x80 c:/altera/12.0sp2/nios2eds/bin/gnu/h-i686-mingw32/bin/../lib/gcc/nios2-elf/4.1.2\libgcc.a(_clzsi2.o)
                0x00820cb0                __clzsi2
 .text          0x00820d30      0x160 c:/altera/12.0sp2/nios2eds/bin/gnu/h-i686-mingw32/bin/../lib/gcc/nios2-elf/4.1.2\libgcc.a(_pack_sf.o)
                0x00820d30                __pack_f
 .text          0x00820e90       0xc8 c:/altera/12.0sp2/nios2eds/bin/gnu/h-i686-mingw32/bin/../lib/gcc/nios2-elf/4.1.2\libgcc.a(_unpack_sf.o)
                0x00820e90                __unpack_f
 .text          0x00820f58       0xa8 c:/altera/12.0sp2/nios2eds/bin/gnu/h-i686-mingw32/bin/../lib/gcc/nios2-elf/4.1.2\libgcc.a(_fpcmp_parts_sf.o)
                0x00820f58                __fpcmp_parts_f
 .text          0x00821000       0x2c c:/altera/12.0sp2/nios2eds/bin/gnu/h-i686-mingw32/bin/../lib/gcc/nios2-elf/4.1.2\libgcc.a(_make_sf.o)
                0x00821000                __make_fp
 .text          0x0082102c      0x314 c:/altera/12.0sp2/nios2eds/bin/gnu/h-i686-mingw32/bin/../lib/gcc/nios2-elf/4.1.2\libgcc.a(_pack_df.o)
                0x0082102c                __pack_d
 .text          0x00821340      0x138 c:/altera/12.0sp2/nios2eds/bin/gnu/h-i686-mingw32/bin/../lib/gcc/nios2-elf/4.1.2\libgcc.a(_unpack_df.o)
                0x00821340                __unpack_d
 .text          0x00821478       0xc8 c:/altera/12.0sp2/nios2eds/bin/gnu/h-i686-mingw32/bin/../lib/gcc/nios2-elf/4.1.2\libgcc.a(_fpcmp_parts_df.o)
                0x00821478                __fpcmp_parts_d
 .text          0x00821540        0x0 c:/altera/12.0sp2/nios2eds/bin/gnu/h-i686-mingw32/bin/../lib/gcc/nios2-elf/4.1.2\libgcc.a(_clz.o)
 .text          0x00821540       0x18 c:/altera/12.0sp2/nios2eds/bin/gnu/h-i686-mingw32/bin/../lib/gcc/nios2-elf/4.1.2/../../../../nios2-elf/lib\libc.a(lib_a-abort.o)
                0x00821540                abort
 .text          0x00821558       0x18 c:/altera/12.0sp2/nios2eds/bin/gnu/h-i686-mingw32/bin/../lib/gcc/nios2-elf/4.1.2/../../../../nios2-elf/lib\libc.a(lib_a-atoi.o)
                0x00821558                _atoi_r
                0x00821564                atoi
 .text          0x00821570       0x1c c:/altera/12.0sp2/nios2eds/bin/gnu/h-i686-mingw32/bin/../lib/gcc/nios2-elf/4.1.2/../../../../nios2-elf/lib\libc.a(lib_a-calloc.o)
                0x00821570                calloc
 .text          0x0082158c       0xb4 c:/altera/12.0sp2/nios2eds/bin/gnu/h-i686-mingw32/bin/../lib/gcc/nios2-elf/4.1.2/../../../../nios2-elf/lib\libc.a(lib_a-callocr.o)
                0x0082158c                _calloc_r
 .text          0x00821640       0x10 c:/altera/12.0sp2/nios2eds/bin/gnu/h-i686-mingw32/bin/../lib/gcc/nios2-elf/4.1.2/../../../../nios2-elf/lib\libc.a(lib_a-errno.o)
                0x00821640                __errno
 .text          0x00821650       0x38 c:/altera/12.0sp2/nios2eds/bin/gnu/h-i686-mingw32/bin/../lib/gcc/nios2-elf/4.1.2/../../../../nios2-elf/lib\libc.a(lib_a-exit.o)
                0x00821650                exit
 .text          0x00821688       0x60 c:/altera/12.0sp2/nios2eds/bin/gnu/h-i686-mingw32/bin/../lib/gcc/nios2-elf/4.1.2/../../../../nios2-elf/lib\libc.a(lib_a-fprintf.o)
                0x00821688                fprintf
                0x008216b4                _fprintf_r
 .text          0x008216e8        0x0 c:/altera/12.0sp2/nios2eds/bin/gnu/h-i686-mingw32/bin/../lib/gcc/nios2-elf/4.1.2/../../../../nios2-elf/lib\libc.a(lib_a-impure.o)
 .text          0x008216e8       0x28 c:/altera/12.0sp2/nios2eds/bin/gnu/h-i686-mingw32/bin/../lib/gcc/nios2-elf/4.1.2/../../../../nios2-elf/lib\libc.a(lib_a-malloc.o)
                0x008216e8                free
                0x008216fc                malloc
 .text          0x00821710      0x740 c:/altera/12.0sp2/nios2eds/bin/gnu/h-i686-mingw32/bin/../lib/gcc/nios2-elf/4.1.2/../../../../nios2-elf/lib\libc.a(lib_a-mallocr.o)
                0x00821710                _malloc_r
 .text          0x00821e50       0xa0 c:/altera/12.0sp2/nios2eds/bin/gnu/h-i686-mingw32/bin/../lib/gcc/nios2-elf/4.1.2/../../../../nios2-elf/lib\libc.a(lib_a-memcpy.o)
                0x00821e50                memcpy
 .text          0x00821ef0       0xe0 c:/altera/12.0sp2/nios2eds/bin/gnu/h-i686-mingw32/bin/../lib/gcc/nios2-elf/4.1.2/../../../../nios2-elf/lib\libc.a(lib_a-memmove.o)
                0x00821ef0                memmove
 .text          0x00821fd0       0x98 c:/altera/12.0sp2/nios2eds/bin/gnu/h-i686-mingw32/bin/../lib/gcc/nios2-elf/4.1.2/../../../../nios2-elf/lib\libc.a(lib_a-memset.o)
                0x00821fd0                memset
 .text          0x00822068       0x78 c:/altera/12.0sp2/nios2eds/bin/gnu/h-i686-mingw32/bin/../lib/gcc/nios2-elf/4.1.2/../../../../nios2-elf/lib\libc.a(lib_a-printf.o)
                0x00822068                printf
                0x008220ac                _printf_r
 .text          0x008220e0       0xb4 c:/altera/12.0sp2/nios2eds/bin/gnu/h-i686-mingw32/bin/../lib/gcc/nios2-elf/4.1.2/../../../../nios2-elf/lib\libc.a(lib_a-puts.o)
                0x008220e0                _puts_r
                0x00822180                puts
 .text          0x00822194       0x1c c:/altera/12.0sp2/nios2eds/bin/gnu/h-i686-mingw32/bin/../lib/gcc/nios2-elf/4.1.2/../../../../nios2-elf/lib\libc.a(lib_a-realloc.o)
                0x00822194                realloc
 .text          0x008221b0      0x5f4 c:/altera/12.0sp2/nios2eds/bin/gnu/h-i686-mingw32/bin/../lib/gcc/nios2-elf/4.1.2/../../../../nios2-elf/lib\libc.a(lib_a-reallocr.o)
                0x008221b0                _realloc_r
 .text          0x008227a4       0x70 c:/altera/12.0sp2/nios2eds/bin/gnu/h-i686-mingw32/bin/../lib/gcc/nios2-elf/4.1.2/../../../../nios2-elf/lib\libc.a(lib_a-sbrkr.o)
                0x008227a4                _sbrk_r
 .text          0x00822814      0x2d8 c:/altera/12.0sp2/nios2eds/bin/gnu/h-i686-mingw32/bin/../lib/gcc/nios2-elf/4.1.2/../../../../nios2-elf/lib\libc.a(lib_a-signal.o)
                0x00822814                _raise_r
                0x008228e0                raise
                0x008228f4                _init_signal_r
                0x00822958                _init_signal
                0x00822968                __sigtramp_r
                0x00822a1c                __sigtramp
                0x00822a30                _signal_r
                0x00822ad0                signal
 .text          0x00822aec       0x78 c:/altera/12.0sp2/nios2eds/bin/gnu/h-i686-mingw32/bin/../lib/gcc/nios2-elf/4.1.2/../../../../nios2-elf/lib\libc.a(lib_a-signalr.o)
                0x00822aec                _getpid_r
                0x00822af0                _kill_r
 .text          0x00822b64       0xd4 c:/altera/12.0sp2/nios2eds/bin/gnu/h-i686-mingw32/bin/../lib/gcc/nios2-elf/4.1.2/../../../../nios2-elf/lib\libc.a(lib_a-sprintf.o)
                0x00822b64                sprintf
                0x00822bd8                _sprintf_r
 .text          0x00822c38       0x90 c:/altera/12.0sp2/nios2eds/bin/gnu/h-i686-mingw32/bin/../lib/gcc/nios2-elf/4.1.2/../../../../nios2-elf/lib\libc.a(lib_a-strcat.o)
                0x00822c38                strcat
 .text          0x00822cc8       0xbc c:/altera/12.0sp2/nios2eds/bin/gnu/h-i686-mingw32/bin/../lib/gcc/nios2-elf/4.1.2/../../../../nios2-elf/lib\libc.a(lib_a-strcmp.o)
                0x00822cc8                strcmp
 .text          0x00822d84       0x8c c:/altera/12.0sp2/nios2eds/bin/gnu/h-i686-mingw32/bin/../lib/gcc/nios2-elf/4.1.2/../../../../nios2-elf/lib\libc.a(lib_a-strcpy.o)
                0x00822d84                strcpy
 .text          0x00822e10       0x74 c:/altera/12.0sp2/nios2eds/bin/gnu/h-i686-mingw32/bin/../lib/gcc/nios2-elf/4.1.2/../../../../nios2-elf/lib\libc.a(lib_a-strlen.o)
                0x00822e10                strlen
 .text          0x00822e84       0xb0 c:/altera/12.0sp2/nios2eds/bin/gnu/h-i686-mingw32/bin/../lib/gcc/nios2-elf/4.1.2/../../../../nios2-elf/lib\libc.a(lib_a-strncat.o)
                0x00822e84                strncat
 .text          0x00822f34       0xbc c:/altera/12.0sp2/nios2eds/bin/gnu/h-i686-mingw32/bin/../lib/gcc/nios2-elf/4.1.2/../../../../nios2-elf/lib\libc.a(lib_a-strncpy.o)
                0x00822f34                strncpy
 .text          0x00822ff0      0x794 c:/altera/12.0sp2/nios2eds/bin/gnu/h-i686-mingw32/bin/../lib/gcc/nios2-elf/4.1.2/../../../../nios2-elf/lib\libc.a(lib_a-strstr.o)
                0x00823124                strstr
 .text          0x00823784      0x268 c:/altera/12.0sp2/nios2eds/bin/gnu/h-i686-mingw32/bin/../lib/gcc/nios2-elf/4.1.2/../../../../nios2-elf/lib\libc.a(lib_a-strtol.o)
                0x00823784                _strtol_r
                0x008239c8                strtol
 .text          0x008239ec     0x1f28 c:/altera/12.0sp2/nios2eds/bin/gnu/h-i686-mingw32/bin/../lib/gcc/nios2-elf/4.1.2/../../../../nios2-elf/lib\libc.a(lib_a-vfprintf.o)
                0x00823a44                ___vfprintf_internal_r
                0x008258f0                __vfprintf_internal
 .text          0x00825914      0x13c c:/altera/12.0sp2/nios2eds/bin/gnu/h-i686-mingw32/bin/../lib/gcc/nios2-elf/4.1.2/../../../../nios2-elf/lib\libc.a(lib_a-wsetup.o)
                0x00825914                __swsetup_r
 .text          0x00825a50      0x1b4 c:/altera/12.0sp2/nios2eds/bin/gnu/h-i686-mingw32/bin/../lib/gcc/nios2-elf/4.1.2/../../../../nios2-elf/lib\libc.a(lib_a-__call_atexit.o)
                0x00825a54                __call_exitprocs
 .text          0x00825c04        0x0 c:/altera/12.0sp2/nios2eds/bin/gnu/h-i686-mingw32/bin/../lib/gcc/nios2-elf/4.1.2/../../../../nios2-elf/lib\libc.a(lib_a-ctype_.o)
 .text          0x00825c04     0x17cc c:/altera/12.0sp2/nios2eds/bin/gnu/h-i686-mingw32/bin/../lib/gcc/nios2-elf/4.1.2/../../../../nios2-elf/lib\libc.a(lib_a-dtoa.o)
                0x00825e1c                _dtoa_r
 .text          0x008273d0      0x230 c:/altera/12.0sp2/nios2eds/bin/gnu/h-i686-mingw32/bin/../lib/gcc/nios2-elf/4.1.2/../../../../nios2-elf/lib\libc.a(lib_a-fflush.o)
                0x008273d0                _fflush_r
                0x008275cc                fflush
 .text          0x00827600      0x2c0 c:/altera/12.0sp2/nios2eds/bin/gnu/h-i686-mingw32/bin/../lib/gcc/nios2-elf/4.1.2/../../../../nios2-elf/lib\libc.a(lib_a-findfp.o)
                0x00827658                __sfp_lock_acquire
                0x0082765c                __sfp_lock_release
                0x00827660                __sinit_lock_acquire
                0x00827664                __sinit_lock_release
                0x00827668                __sinit
                0x0082771c                __fp_unlock_all
                0x00827734                __fp_lock_all
                0x0082774c                _cleanup_r
                0x00827758                _cleanup
                0x00827768                __sfmoreglue
                0x008277d0                __sfp
 .text          0x008278c0      0x440 c:/altera/12.0sp2/nios2eds/bin/gnu/h-i686-mingw32/bin/../lib/gcc/nios2-elf/4.1.2/../../../../nios2-elf/lib\libc.a(lib_a-freer.o)
                0x008278c0                _malloc_trim_r
                0x008279ec                _free_r
 .text          0x00827d00      0x49c c:/altera/12.0sp2/nios2eds/bin/gnu/h-i686-mingw32/bin/../lib/gcc/nios2-elf/4.1.2/../../../../nios2-elf/lib\libc.a(lib_a-fvwrite.o)
                0x00827d00                __sfvwrite_r
 .text          0x0082819c      0x180 c:/altera/12.0sp2/nios2eds/bin/gnu/h-i686-mingw32/bin/../lib/gcc/nios2-elf/4.1.2/../../../../nios2-elf/lib\libc.a(lib_a-fwalk.o)
                0x0082819c                _fwalk_reent
                0x00828264                _fwalk
 .text          0x0082831c        0x0 c:/altera/12.0sp2/nios2eds/bin/gnu/h-i686-mingw32/bin/../lib/gcc/nios2-elf/4.1.2/../../../../nios2-elf/lib\libc.a(lib_a-int_errno.o)
 .text          0x0082831c       0xc4 c:/altera/12.0sp2/nios2eds/bin/gnu/h-i686-mingw32/bin/../lib/gcc/nios2-elf/4.1.2/../../../../nios2-elf/lib\libc.a(lib_a-locale.o)
                0x0082831c                __locale_charset
                0x00828324                _localeconv_r
                0x00828330                localeconv
                0x00828340                _setlocale_r
                0x008283c4                setlocale
 .text          0x008283e0      0x194 c:/altera/12.0sp2/nios2eds/bin/gnu/h-i686-mingw32/bin/../lib/gcc/nios2-elf/4.1.2/../../../../nios2-elf/lib\libc.a(lib_a-makebuf.o)
                0x008283e0                __smakebuf_r
 .text          0x00828574       0xe4 c:/altera/12.0sp2/nios2eds/bin/gnu/h-i686-mingw32/bin/../lib/gcc/nios2-elf/4.1.2/../../../../nios2-elf/lib\libc.a(lib_a-memchr.o)
                0x00828574                memchr
 .text          0x00828658       0x74 c:/altera/12.0sp2/nios2eds/bin/gnu/h-i686-mingw32/bin/../lib/gcc/nios2-elf/4.1.2/../../../../nios2-elf/lib\libc.a(lib_a-memcmp.o)
                0x00828658                memcmp
 .text          0x008286cc      0xff4 c:/altera/12.0sp2/nios2eds/bin/gnu/h-i686-mingw32/bin/../lib/gcc/nios2-elf/4.1.2/../../../../nios2-elf/lib\libc.a(lib_a-mprec.o)
                0x008286cc                _Bfree
                0x008286f4                __hi0bits
                0x00828764                __lo0bits
                0x00828828                __mcmp
                0x00828888                __ulp
                0x00828908                __b2d
                0x00828a28                __ratio
                0x00828ad8                _mprec_log10
                0x00828b6c                __copybits
                0x00828bc4                __any_on
                0x00828c4c                _Balloc
                0x00828d08                __d2b
                0x00828e84                __mdiff
                0x00829010                __lshift
                0x0082915c                __multiply
                0x00829344                __i2b
                0x00829380                __multadd
                0x00829480                __pow5mult
                0x008295a0                __s2b
 .text          0x008296c0       0x40 c:/altera/12.0sp2/nios2eds/bin/gnu/h-i686-mingw32/bin/../lib/gcc/nios2-elf/4.1.2/../../../../nios2-elf/lib\libc.a(lib_a-s_isinfd.o)
                0x008296c0                __isinfd
 .text          0x00829700      0x14c c:/altera/12.0sp2/nios2eds/bin/gnu/h-i686-mingw32/bin/../lib/gcc/nios2-elf/4.1.2/../../../../nios2-elf/lib\libc.a(lib_a-stdio.o)
                0x00829700                __sclose
                0x00829708                __sseek
                0x00829770                __swrite
                0x008297ec                __sread
 .text          0x0082984c       0xe0 c:/altera/12.0sp2/nios2eds/bin/gnu/h-i686-mingw32/bin/../lib/gcc/nios2-elf/4.1.2/../../../../nios2-elf/lib\libc.a(lib_a-strchr.o)
                0x0082984c                strchr
 .text          0x0082992c       0x78 c:/altera/12.0sp2/nios2eds/bin/gnu/h-i686-mingw32/bin/../lib/gcc/nios2-elf/4.1.2/../../../../nios2-elf/lib\libc.a(lib_a-writer.o)
                0x0082992c                _write_r
 .text          0x008299a4       0x70 c:/altera/12.0sp2/nios2eds/bin/gnu/h-i686-mingw32/bin/../lib/gcc/nios2-elf/4.1.2/../../../../nios2-elf/lib\libc.a(lib_a-closer.o)
                0x008299a4                _close_r
 .text          0x00829a14      0x124 c:/altera/12.0sp2/nios2eds/bin/gnu/h-i686-mingw32/bin/../lib/gcc/nios2-elf/4.1.2/../../../../nios2-elf/lib\libc.a(lib_a-fclose.o)
                0x00829a14                _fclose_r
                0x00829b24                fclose
 .text          0x00829b38       0x74 c:/altera/12.0sp2/nios2eds/bin/gnu/h-i686-mingw32/bin/../lib/gcc/nios2-elf/4.1.2/../../../../nios2-elf/lib\libc.a(lib_a-fstatr.o)
                0x00829b38                _fstat_r
 .text          0x00829bac       0x70 c:/altera/12.0sp2/nios2eds/bin/gnu/h-i686-mingw32/bin/../lib/gcc/nios2-elf/4.1.2/../../../../nios2-elf/lib\libc.a(lib_a-isattyr.o)
                0x00829bac                _isatty_r
 .text          0x00829c1c       0x78 c:/altera/12.0sp2/nios2eds/bin/gnu/h-i686-mingw32/bin/../lib/gcc/nios2-elf/4.1.2/../../../../nios2-elf/lib\libc.a(lib_a-lseekr.o)
                0x00829c1c                _lseek_r
 .text          0x00829c94       0x78 c:/altera/12.0sp2/nios2eds/bin/gnu/h-i686-mingw32/bin/../lib/gcc/nios2-elf/4.1.2/../../../../nios2-elf/lib\libc.a(lib_a-readr.o)
                0x00829c94                _read_r
 .text          0x00829d0c      0x5dc c:/altera/12.0sp2/nios2eds/bin/gnu/h-i686-mingw32/bin/../lib/gcc/nios2-elf/4.1.2\libgcc.a(_udivdi3.o)
                0x00829d0c                __udivdi3
 .text          0x0082a2e8      0x5b0 c:/altera/12.0sp2/nios2eds/bin/gnu/h-i686-mingw32/bin/../lib/gcc/nios2-elf/4.1.2\libgcc.a(_umoddi3.o)
                0x0082a2e8                __umoddi3
 .text          0x0082a898       0x88 c:/altera/12.0sp2/nios2eds/bin/gnu/h-i686-mingw32/bin/../lib/gcc/nios2-elf/4.1.2\libgcc.a(_ne_df.o)
                0x0082a898                __nedf2
 .text          0x0082a920      0x194 c:/altera/12.0sp2/nios2eds/bin/gnu/h-i686-mingw32/bin/../lib/gcc/nios2-elf/4.1.2\libgcc.a(_usi_to_df.o)
                0x0082a920                __floatunsidf
 .text          0x0082aab4       0x94 ../StereoSystem_bsp/\libhal_bsp.a(alt_alarm_start.o)
                0x0082aab4                alt_alarm_start
 .text          0x0082ab48       0xf0 ../StereoSystem_bsp/\libhal_bsp.a(alt_close.o)
                0x0082ab48                close
 .text          0x0082ac38        0x8 ../StereoSystem_bsp/\libhal_bsp.a(alt_dev.o)
 .text          0x0082ac40        0x0 ../StereoSystem_bsp/\libhal_bsp.a(alt_errno.o)
 .text          0x0082ac40       0x14 ../StereoSystem_bsp/\libhal_bsp.a(alt_exit.o)
                0x0082ac40                _exit
 .text          0x0082ac54       0x90 ../StereoSystem_bsp/\libhal_bsp.a(alt_fstat.o)
                0x0082ac54                fstat
 .text          0x0082ace4        0x8 ../StereoSystem_bsp/\libhal_bsp.a(alt_getpid.o)
                0x0082ace4                getpid
 .text          0x0082acec       0xc0 ../StereoSystem_bsp/\libhal_bsp.a(alt_irq_register.o)
                0x0082acec                alt_irq_register
 .text          0x0082adac        0x0 ../StereoSystem_bsp/\libhal_bsp.a(alt_irq_vars.o)
 .text          0x0082adac       0x84 ../StereoSystem_bsp/\libhal_bsp.a(alt_isatty.o)
                0x0082adac                isatty
 .text          0x0082ae30      0x11c ../StereoSystem_bsp/\libhal_bsp.a(alt_kill.o)
                0x0082ae30                kill
 .text          0x0082af4c       0xb4 ../StereoSystem_bsp/\libhal_bsp.a(alt_load.o)
                0x0082af4c                alt_load
 .text          0x0082b000       0x9c ../StereoSystem_bsp/\libhal_bsp.a(alt_lseek.o)
                0x0082b000                lseek
 .text          0x0082b09c       0x60 ../StereoSystem_bsp/\libhal_bsp.a(alt_main.o)
                0x0082b09c                alt_main
 .text          0x0082b0fc        0x8 ../StereoSystem_bsp/\libhal_bsp.a(alt_malloc_lock.o)
                0x0082b0fc                __malloc_lock
                0x0082b100                __malloc_unlock
 .text          0x0082b104      0x11c ../StereoSystem_bsp/\libhal_bsp.a(alt_read.o)
                0x0082b104                read
 .text          0x0082b220       0x24 ../StereoSystem_bsp/\libhal_bsp.a(alt_release_fd.o)
                0x0082b220                alt_release_fd
 .text          0x0082b244       0x54 ../StereoSystem_bsp/\libhal_bsp.a(alt_sbrk.o)
                0x0082b244                sbrk
 .text          0x0082b298      0x11c ../StereoSystem_bsp/\libhal_bsp.a(alt_tick.o)
                0x0082b298                alt_alarm_stop
                0x0082b2cc                alt_tick
 .text          0x0082b3b4      0x118 ../StereoSystem_bsp/\libhal_bsp.a(alt_write.o)
                0x0082b3b4                write
 .text          0x0082b4cc      0x210 ../StereoSystem_bsp/\libhal_bsp.a(alt_sys_init.o)
                0x0082b4cc                alt_irq_init
                0x0082b4ec                alt_sys_init
 .text          0x0082b6dc       0x3c ../StereoSystem_bsp/\libhal_bsp.a(altera_avalon_jtag_uart_fd.o)
                0x0082b6dc                altera_avalon_jtag_uart_ioctl_fd
                0x0082b6e8                altera_avalon_jtag_uart_close_fd
                0x0082b6f8                altera_avalon_jtag_uart_write_fd
                0x0082b708                altera_avalon_jtag_uart_read_fd
 .text          0x0082b718      0x220 ../StereoSystem_bsp/\libhal_bsp.a(altera_avalon_jtag_uart_init.o)
                0x0082b718                altera_avalon_jtag_uart_close
                0x0082b7b8                altera_avalon_jtag_uart_init
 .text          0x0082b938       0x88 ../StereoSystem_bsp/\libhal_bsp.a(altera_avalon_jtag_uart_ioctl.o)
                0x0082b938                altera_avalon_jtag_uart_ioctl
 .text          0x0082b9c0      0x16c ../StereoSystem_bsp/\libhal_bsp.a(altera_avalon_jtag_uart_read.o)
                0x0082b9c0                altera_avalon_jtag_uart_read
 .text          0x0082bb2c      0x184 ../StereoSystem_bsp/\libhal_bsp.a(altera_avalon_jtag_uart_write.o)
                0x0082bb2c                altera_avalon_jtag_uart_write
 .text          0x0082bcb0       0x6c ../StereoSystem_bsp/\libhal_bsp.a(altera_avalon_timer_sc.o)
                0x0082bcb0                alt_avalon_timer_sc_init
 .text          0x0082bd1c      0x370 ../StereoSystem_bsp/\libhal_bsp.a(altera_up_avalon_audio.o)
                0x0082bd1c                alt_up_audio_write_fifo_head
                0x0082bd38                alt_up_audio_read_fifo_head
                0x0082bd54                alt_up_audio_write_fifo
                0x0082bdc0                alt_up_audio_read_fifo
                0x0082be2c                alt_up_audio_write_fifo_space
                0x0082be48                alt_up_audio_read_fifo_avail
                0x0082be64                alt_up_audio_reset_audio_core
                0x0082be88                alt_up_audio_write_interrupt_pending
                0x0082be9c                alt_up_audio_read_interrupt_pending
                0x0082beb0                alt_up_audio_disable_write_interrupt
                0x0082bec8                alt_up_audio_enable_write_interrupt
                0x0082bedc                alt_up_audio_disable_read_interrupt
                0x0082bef4                alt_up_audio_enable_read_interrupt
                0x0082bf08                alt_up_audio_open_dev
                0x0082bf14                alt_up_audio_record_l
                0x0082bf74                alt_up_audio_record_r
                0x0082bfd0                alt_up_audio_play_r
                0x0082c030                alt_up_audio_play_l
 .text          0x0082c08c      0x3fc ../StereoSystem_bsp/\libhal_bsp.a(altera_up_avalon_audio_and_video_config.o)
                0x0082c08c                alt_up_av_config_disable_interrupt
                0x0082c09c                alt_up_av_config_enable_interrupt
                0x0082c0b0                alt_up_av_config_reset
                0x0082c0c4                alt_up_av_config_read_ready
                0x0082c0d8                alt_up_av_config_read_acknowledge
                0x0082c100                alt_up_av_config_write_data
                0x0082c120                alt_up_av_config_open_dev
                0x0082c154                alt_up_av_config_read_data
                0x0082c198                alt_up_av_config_write_LTM_cfg_register
                0x0082c1d4                alt_up_av_config_write_D5M_cfg_register
                0x0082c210                alt_up_av_config_write_DC2_cfg_register
                0x0082c250                alt_up_av_config_write_video_cfg_register
                0x0082c2b0                alt_up_av_config_write_audio_cfg_register
                0x0082c2f0                alt_up_av_config_read_LTM_cfg_register
                0x0082c34c                alt_up_av_config_read_D5M_cfg_register
                0x0082c3a8                alt_up_av_config_read_DC2_cfg_register
                0x0082c408                alt_up_av_config_read_video_cfg_register
 .text          0x0082c488      0x310 ../StereoSystem_bsp/\libhal_bsp.a(altera_up_avalon_ps2.o)
                0x0082c488                read_RI_bit
                0x0082c494                read_RE_bit
                0x0082c49c                read_CE_bit
                0x0082c4a8                read_num_bytes_available
                0x0082c4b0                read_data_valid
                0x0082c4bc                read_data_byte
                0x0082c4c4                alt_up_ps2_open_dev
                0x0082c4d0                alt_up_ps2_read_data_byte_timeout
                0x0082c50c                alt_up_ps2_write_data_byte
                0x0082c538                alt_up_ps2_disable_read_interrupt
                0x0082c554                alt_up_ps2_enable_read_interrupt
                0x0082c56c                alt_up_ps2_clear_fifo
                0x0082c580                alt_up_ps2_read_data_byte
                0x0082c5a4                alt_up_ps2_read_fd
                0x0082c5e8                alt_up_ps2_wait_for_ack
                0x0082c628                alt_up_ps2_write_fd
                0x0082c670                alt_up_ps2_write_data_byte_with_ack
                0x0082c6d0                alt_up_ps2_init
 .text          0x0082c798      0x12c ../StereoSystem_bsp/\libhal_bsp.a(altera_up_avalon_rs232.o)
                0x0082c798                alt_up_rs232_check_parity
                0x0082c7a4                alt_up_rs232_open_dev
                0x0082c7b0                alt_up_rs232_read_data
                0x0082c7d8                alt_up_rs232_get_available_space_in_write_FIFO
                0x0082c7e8                alt_up_rs232_write_data
                0x0082c800                alt_up_rs232_disable_read_interrupt
                0x0082c81c                alt_up_rs232_enable_read_interrupt
                0x0082c834                alt_up_rs232_get_used_space_in_read_FIFO
                0x0082c844                alt_up_rs232_read_fd
                0x0082c88c                alt_up_rs232_write_fd
 .text          0x0082c8c4      0x134 ../StereoSystem_bsp/\libhal_bsp.a(altera_up_avalon_video_character_buffer_with_dma.o)
                0x0082c8c4                alt_up_char_buffer_string
                0x0082c920                alt_up_char_buffer_draw
                0x0082c978                alt_up_char_buffer_clear
                0x0082c99c                alt_up_char_buffer_open_dev
                0x0082c9a8                alt_up_char_buffer_init
 .text          0x0082c9f8      0xa7c ../StereoSystem_bsp/\libhal_bsp.a(altera_up_avalon_video_pixel_buffer_dma.o)
                0x0082c9f8                helper_plot_pixel
                0x0082ca50                alt_up_pixel_buffer_dma_draw_vline
                0x0082cbc8                alt_up_pixel_buffer_dma_draw_hline
                0x0082cd30                alt_up_pixel_buffer_dma_draw_rectangle
                0x0082cdfc                alt_up_pixel_buffer_dma_draw_box
                0x0082d008                alt_up_pixel_buffer_dma_clear_screen
                0x0082d0b0                alt_up_pixel_buffer_dma_swap_buffers
                0x0082d0d4                alt_up_pixel_buffer_dma_draw
                0x0082d194                alt_up_pixel_buffer_dma_check_swap_buffers_status
                0x0082d1a4                alt_up_pixel_buffer_dma_change_back_buffer_address
                0x0082d1cc                alt_up_pixel_buffer_dma_open_dev
                0x0082d1d8                alt_up_pixel_buffer_dma_draw_line
 .text          0x0082d474     0x52c4 ../StereoSystem_bsp/\libhal_bsp.a(altera_up_sd_card_avalon_interface.o)
                0x0082d474                match_file_record_to_name_ext
                0x0082d944                convert_filename_to_name_extension
                0x0082dc24                copy_file_record_name_to_string
                0x0082dd5c                alt_up_sd_card_set_attributes
                0x0082dd94                alt_up_sd_card_get_attributes
                0x0082ddd4                alt_up_sd_card_is_Present
                0x0082de40                alt_up_sd_card_open_dev
                0x0082deac                get_dir_divider_location
                0x0082df2c                check_file_name_for_FAT16_compliance
                0x0082e038                filename_to_upper_case
                0x0082e094                Write_File_Record_At_Offset
                0x0082e2b8                Read_File_Record_At_Offset
                0x0082e498                Write_Sector_Data
                0x0082e544                Read_Sector_Data
                0x0082e640                find_first_empty_record_in_root_directory
                0x0082e720                find_first_empty_cluster
                0x0082e814                mark_cluster
                0x0082e8c4                get_cluster_flag
                0x0082e94c                Save_Modified_Sector
                0x0082e968                alt_up_sd_card_fclose
                0x0082eac8                Read_Sector_Data_CRC
                0x0082ebc4                Read_Sector_Data_Attempt_CRC
                0x0082ec4c                Check_for_DOS_FAT
                0x0082f0a4                Check_for_Master_Boot_Record
                0x0082f2b0                Look_for_FAT16
                0x0082f3ec                alt_up_sd_card_is_FAT16
                0x0082f49c                alt_up_sd_card_find_next
                0x0082f8dc                find_file_in_directory
                0x008305d8                alt_up_sd_card_read
                0x00830774                get_home_directory_cluster_for_file
                0x008314a0                alt_up_sd_card_find_first
                0x0083157c                alt_up_sd_card_write
                0x00831a00                find_first_empty_record_in_a_subdirectory
                0x00831d2c                create_file
                0x00832450                alt_up_sd_card_fopen
 .text          0x00832738       0x18 ../StereoSystem_bsp/\libhal_bsp.a(alt_dcache_flush_all.o)
                0x00832738                alt_dcache_flush_all
 .text          0x00832750       0x7c ../StereoSystem_bsp/\libhal_bsp.a(alt_dev_llist_insert.o)
                0x00832750                alt_dev_llist_insert
 .text          0x008327cc       0x4c ../StereoSystem_bsp/\libhal_bsp.a(alt_do_ctors.o)
                0x008327cc                _do_ctors
 .text          0x00832818       0x4c ../StereoSystem_bsp/\libhal_bsp.a(alt_do_dtors.o)
                0x00832818                _do_dtors
 .text          0x00832864       0x94 ../StereoSystem_bsp/\libhal_bsp.a(alt_find_dev.o)
                0x00832864                alt_find_dev
 .text          0x008328f8        0xc ../StereoSystem_bsp/\libhal_bsp.a(alt_icache_flush_all.o)
                0x008328f8                alt_icache_flush_all
 .text          0x00832904      0x104 ../StereoSystem_bsp/\libhal_bsp.a(alt_io_redirect.o)
                0x00832904                alt_io_redirect
 .text          0x00832a08        0x0 ../StereoSystem_bsp/\libhal_bsp.a(alt_irq_entry.o)
 .text          0x00832a08        0x0 ../StereoSystem_bsp/\libhal_bsp.a(alt_irq_handler.o)
 .text          0x00832a08      0x180 ../StereoSystem_bsp/\libhal_bsp.a(alt_open.o)
                0x00832a08                open
 .text          0x00832b88        0x8 ../StereoSystem_bsp/\libhal_bsp.a(altera_nios2_qsys_irq.o)
                0x00832b88                altera_nios2_qsys_irq_init
 .text          0x00832b90        0x0 ../StereoSystem_bsp/\libhal_bsp.a(alt_exception_entry.o)
 .text          0x00832b90       0xb0 ../StereoSystem_bsp/\libhal_bsp.a(alt_find_file.o)
                0x00832b90                alt_find_file
 .text          0x00832c40       0x60 ../StereoSystem_bsp/\libhal_bsp.a(alt_get_fd.o)
                0x00832c40                alt_get_fd
 .text          0x00832ca0       0x38 ../StereoSystem_bsp/\libhal_bsp.a(alt_icache_flush.o)
                0x00832ca0                alt_icache_flush
 .text          0x00832cd8       0x14 c:/altera/12.0sp2/nios2eds/bin/gnu/h-i686-mingw32/bin/../lib/gcc/nios2-elf/4.1.2/../../../../nios2-elf/lib\libc.a(lib_a-atexit.o)
                0x00832cd8                atexit
 .text          0x00832cec      0x134 c:/altera/12.0sp2/nios2eds/bin/gnu/h-i686-mingw32/bin/../lib/gcc/nios2-elf/4.1.2/../../../../nios2-elf/lib\libc.a(lib_a-__atexit.o)
                0x00832cec                __register_exitproc
 *(.gnu.warning.*)
 *(.fini)
                0x00832e20                PROVIDE (__etext, ABSOLUTE (.))
                0x00832e20                PROVIDE (_etext, ABSOLUTE (.))
                0x00832e20                PROVIDE (etext, ABSOLUTE (.))
 *(.eh_frame_hdr)
                0x00832e20                . = ALIGN (0x4)
                0x00832e20                PROVIDE (__preinit_array_start, ABSOLUTE (.))
 *(.preinit_array)
                0x00832e20                PROVIDE (__preinit_array_end, ABSOLUTE (.))
                0x00832e20                PROVIDE (__init_array_start, ABSOLUTE (.))
 *(.init_array)
                0x00832e20                PROVIDE (__init_array_end, ABSOLUTE (.))
                0x00832e20                PROVIDE (__fini_array_start, ABSOLUTE (.))
 *(.fini_array)
                0x00832e20                PROVIDE (__fini_array_end, ABSOLUTE (.))
 *(.eh_frame)
 .eh_frame      0x00832e20       0x40 c:/altera/12.0sp2/nios2eds/bin/gnu/h-i686-mingw32/bin/../lib/gcc/nios2-elf/4.1.2\libgcc.a(_udivdi3.o)
 .eh_frame      0x00832e60       0x2c c:/altera/12.0sp2/nios2eds/bin/gnu/h-i686-mingw32/bin/../lib/gcc/nios2-elf/4.1.2\libgcc.a(_umoddi3.o)
                                 0x40 (size before relaxing)
 *(.gcc_except_table)
 *(.dynamic)
                0x00832e8c                PROVIDE (__CTOR_LIST__, ABSOLUTE (.))
 *(.ctors)
 *(SORT(.ctors.*))
 .ctors.65535   0x00832e8c        0x4 c:/altera/12.0sp2/nios2eds/bin/gnu/h-i686-mingw32/bin/../lib/gcc/nios2-elf/4.1.2/../../../../nios2-elf/lib\libc.a(lib_a-__call_atexit.o)
                0x00832e90                PROVIDE (__CTOR_END__, ABSOLUTE (.))
                0x00832e90                PROVIDE (__DTOR_LIST__, ABSOLUTE (.))
 *(.dtors)
 *(SORT(.dtors.*))
                0x00832e90                PROVIDE (__DTOR_END__, ABSOLUTE (.))
 *(.jcr)
                0x00832e90                . = ALIGN (0x4)

.rodata         0x00832e90     0xc034
                0x00832e90                PROVIDE (__ram_rodata_start, ABSOLUTE (.))
                0x00832e90                . = ALIGN (0x4)
 *(.rodata .rodata.* .gnu.linkonce.r.*)
 .rodata.str1.4
                0x00832e90      0x167 obj/default/Button.o
                                0x168 (size before relaxing)
 *fill*         0x00832ff7        0x1 00
 .rodata.str1.4
                0x00832ff8      0x2c9 obj/default/Command.o
                                0x2d0 (size before relaxing)
 *fill*         0x008332c1        0x3 00
 .rodata.str1.4
                0x008332c4       0x15 obj/default/Cursor.o
                                 0x18 (size before relaxing)
 *fill*         0x008332d9        0x3 00
 .rodata.str1.4
                0x008332dc      0x398 obj/default/Database.o
                                0x3a0 (size before relaxing)
 .rodata.str1.4
                0x00833674      0x119 obj/default/Frame.o
                                0x11c (size before relaxing)
 *fill*         0x0083378d        0x3 00
 .rodata.str1.4
                0x00833790       0xbe obj/default/Graphic.o
                                 0xc0 (size before relaxing)
 *fill*         0x0083384e        0x2 00
 .rodata.str1.4
                0x00833850       0x87 obj/default/ISR_vectors.o
                                 0x88 (size before relaxing)
 *fill*         0x008338d7        0x1 00
 .rodata.str1.4
                0x008338d8       0x30 obj/default/MemoryMgr.o
 .rodata.str1.4
                0x00833908       0x83 obj/default/Packet.o
                                 0x84 (size before relaxing)
 *fill*         0x0083398b        0x1 00
 .rodata.str1.4
                0x0083398c       0x17 obj/default/Playlist.o
                                 0x18 (size before relaxing)
 *fill*         0x008339a3        0x1 00
 .rodata.str1.4
                0x008339a4       0x56 obj/default/Queue.o
                                 0x58 (size before relaxing)
 *fill*         0x008339fa        0x2 00
 .rodata.str1.4
                0x008339fc       0xc8 obj/default/RS232.o
 .rodata.str1.4
                0x00833ac4       0x13 obj/default/Range.o
                                 0x14 (size before relaxing)
 *fill*         0x00833ad7        0x1 00
 .rodata.str1.4
                0x00833ad8       0x81 obj/default/Song.o
                                 0xa0 (size before relaxing)
 *fill*         0x00833b59        0x3 00
 .rodata.str1.4
                0x00833b5c       0x6e obj/default/StereoSystem.o
                                 0x70 (size before relaxing)
 *fill*         0x00833bca        0x2 00
 .rodata.str1.4
                0x00833bcc       0x3e obj/default/TestBot.o
                                 0x40 (size before relaxing)
 .rodata        0x00833c0a      0x200 obj/default/libMAD/bit.o
 *fill*         0x00833e0a        0x2 00
 .rodata        0x00833e0c      0x144 obj/default/libMAD/frame.o
 .rodata        0x00833f50     0x121c obj/default/libMAD/huffman.o
                0x00833f50                mad_huff_pair_table
 .rodata        0x0083516c      0x334 obj/default/libMAD/layer12.o
 .rodata        0x008354a0     0x8504 obj/default/libMAD/layer3.o
 .rodata.str1.4
                0x0083d9a4      0x235 obj/default/libMAD/stream.o
                                0x238 (size before relaxing)
 *fill*         0x0083dbd9        0x3 00
 .rodata        0x0083dbdc      0x880 obj/default/libMAD/synth.o
 .rodata.str1.4
                0x0083e45c       0x2b obj/default/sound/AudioDeviceController.o
                                 0x2c (size before relaxing)
 *fill*         0x0083e487        0x1 00
 .rodata.str1.4
                0x0083e488       0x53 obj/default/sound/AudioFormat.o
                                 0x54 (size before relaxing)
 *fill*         0x0083e4db        0x1 00
 .rodata.str1.4
                0x0083e4dc      0x1e8 obj/default/sound/Sound.o
 .rodata.str1.4
                0x0083e6c4        0x4 c:/altera/12.0sp2/nios2eds/bin/gnu/h-i686-mingw32/bin/../lib/gcc/nios2-elf/4.1.2/../../../../nios2-elf/lib\libm.a(lib_a-w_log.o)
                                  0x8 (size before relaxing)
 .rodata.str1.4
                0x0083e6c8        0x5 c:/altera/12.0sp2/nios2eds/bin/gnu/h-i686-mingw32/bin/../lib/gcc/nios2-elf/4.1.2/../../../../nios2-elf/lib\libm.a(lib_a-w_sqrt.o)
                                  0x8 (size before relaxing)
 *fill*         0x0083e6cd        0x3 00
 .rodata        0x0083e6d0      0x188 c:/altera/12.0sp2/nios2eds/bin/gnu/h-i686-mingw32/bin/../lib/gcc/nios2-elf/4.1.2/../../../../nios2-elf/lib\libm.a(lib_a-e_rem_pio2.o)
 .rodata        0x0083e858       0x50 c:/altera/12.0sp2/nios2eds/bin/gnu/h-i686-mingw32/bin/../lib/gcc/nios2-elf/4.1.2/../../../../nios2-elf/lib\libm.a(lib_a-k_rem_pio2.o)
 .rodata        0x0083e8a8       0x40 c:/altera/12.0sp2/nios2eds/bin/gnu/h-i686-mingw32/bin/../lib/gcc/nios2-elf/4.1.2/../../../../nios2-elf/lib\libm.a(lib_a-s_atan.o)
 .rodata        0x0083e8e8       0x10 c:/altera/12.0sp2/nios2eds/bin/gnu/h-i686-mingw32/bin/../lib/gcc/nios2-elf/4.1.2\libgcc.a(_thenan_sf.o)
                0x0083e8e8                __thenan_sf
 .rodata        0x0083e8f8       0x14 c:/altera/12.0sp2/nios2eds/bin/gnu/h-i686-mingw32/bin/../lib/gcc/nios2-elf/4.1.2\libgcc.a(_thenan_df.o)
                0x0083e8f8                __thenan_df
 .rodata        0x0083e90c      0x100 c:/altera/12.0sp2/nios2eds/bin/gnu/h-i686-mingw32/bin/../lib/gcc/nios2-elf/4.1.2\libgcc.a(_clz.o)
                0x0083e90c                __clz_tab
 .rodata.str1.4
                0x0083ea0c        0x2 c:/altera/12.0sp2/nios2eds/bin/gnu/h-i686-mingw32/bin/../lib/gcc/nios2-elf/4.1.2/../../../../nios2-elf/lib\libc.a(lib_a-impure.o)
                                  0x4 (size before relaxing)
 .rodata.str1.4
                0x00000000        0x2 c:/altera/12.0sp2/nios2eds/bin/gnu/h-i686-mingw32/bin/../lib/gcc/nios2-elf/4.1.2/../../../../nios2-elf/lib\libc.a(lib_a-puts.o)
                                  0x4 (size before relaxing)
 *fill*         0x0083ea0e        0x2 00
 .rodata.str1.4
                0x0083ea10       0x5a c:/altera/12.0sp2/nios2eds/bin/gnu/h-i686-mingw32/bin/../lib/gcc/nios2-elf/4.1.2/../../../../nios2-elf/lib\libc.a(lib_a-vfprintf.o)
                                 0x60 (size before relaxing)
 .rodata        0x0083ea6a       0x20 c:/altera/12.0sp2/nios2eds/bin/gnu/h-i686-mingw32/bin/../lib/gcc/nios2-elf/4.1.2/../../../../nios2-elf/lib\libc.a(lib_a-vfprintf.o)
 .rodata        0x0083ea8a      0x281 c:/altera/12.0sp2/nios2eds/bin/gnu/h-i686-mingw32/bin/../lib/gcc/nios2-elf/4.1.2/../../../../nios2-elf/lib\libc.a(lib_a-ctype_.o)
                0x0083ea8a                _ctype_
 *fill*         0x0083ed0b        0x1 00
 .rodata.str1.4
                0x0083ed0c       0x10 c:/altera/12.0sp2/nios2eds/bin/gnu/h-i686-mingw32/bin/../lib/gcc/nios2-elf/4.1.2/../../../../nios2-elf/lib\libc.a(lib_a-dtoa.o)
                                 0x14 (size before relaxing)
 .rodata.str1.4
                0x0083ed1c        0xb c:/altera/12.0sp2/nios2eds/bin/gnu/h-i686-mingw32/bin/../lib/gcc/nios2-elf/4.1.2/../../../../nios2-elf/lib\libc.a(lib_a-locale.o)
                                 0x18 (size before relaxing)
 *fill*         0x0083ed27        0x1 00
 .rodata        0x0083ed28       0x30 c:/altera/12.0sp2/nios2eds/bin/gnu/h-i686-mingw32/bin/../lib/gcc/nios2-elf/4.1.2/../../../../nios2-elf/lib\libc.a(lib_a-locale.o)
 .rodata        0x0083ed58      0x124 c:/altera/12.0sp2/nios2eds/bin/gnu/h-i686-mingw32/bin/../lib/gcc/nios2-elf/4.1.2/../../../../nios2-elf/lib\libc.a(lib_a-mprec.o)
                0x0083ed58                __mprec_tens
                0x0083ee20                __mprec_bigtens
                0x0083ee48                __mprec_tinytens
 .rodata.str1.4
                0x0083ee7c        0xa ../StereoSystem_bsp/\libhal_bsp.a(alt_dev.o)
                                  0xc (size before relaxing)
 *fill*         0x0083ee86        0x2 00
 .rodata.str1.4
                0x0083ee88        0xf ../StereoSystem_bsp/\libhal_bsp.a(alt_main.o)
                                 0x10 (size before relaxing)
 *fill*         0x0083ee97        0x1 00
 .rodata.str1.4
                0x0083ee98       0x2a ../StereoSystem_bsp/\libhal_bsp.a(alt_sys_init.o)
                                 0xac (size before relaxing)
 .rodata.str1.4
                0x00000000       0x2c ../StereoSystem_bsp/\libhal_bsp.a(altera_up_avalon_video_character_buffer_with_dma.o)
                                 0x1c (size before relaxing)
 *(.rodata1)
                0x0083eec4                . = ALIGN (0x4)
 *fill*         0x0083eec2        0x2 00
                0x0083eec4                PROVIDE (__ram_rodata_end, ABSOLUTE (.))
                0x00832e90                PROVIDE (__flash_rodata_start, LOADADDR (.rodata))

.rwdata         0x0083eec4     0x1d04 load address 0x00840bc8
                0x0083eec4                PROVIDE (__ram_rwdata_start, ABSOLUTE (.))
                0x0083eec4                . = ALIGN (0x4)
 *(.got.plt)
 *(.got)
 *(.data1)
 *(.data .data.* .gnu.linkonce.d.*)
 .data          0x0083eec4        0x0 ../StereoSystem_bsp//obj/HAL/src/crt0.o
 .data          0x0083eec4        0x0 obj/default/Button.o
 .data          0x0083eec4        0x0 obj/default/Colder.o
 .data          0x0083eec4        0x0 obj/default/Command.o
 .data          0x0083eec4        0x0 obj/default/CommandScheduler.o
 .data          0x0083eec4        0x0 obj/default/Cursor.o
 .data          0x0083eec4        0x0 obj/default/DSP/PhaseVocoder.o
 .data          0x0083eec4        0x0 obj/default/DSP/fft.o
 .data          0x0083eec4        0x0 obj/default/Database.o
 .data          0x0083eec4        0x0 obj/default/Frame.o
 .data          0x0083eec4        0x0 obj/default/Graphic.o
 .data          0x0083eec4        0x0 obj/default/ISR_vectors.o
 .data          0x0083eec4        0x0 obj/default/MemoryMgr.o
 .data          0x0083eec4        0x0 obj/default/Object.o
 .data          0x0083eec4        0x0 obj/default/Packet.o
 .data          0x0083eec4        0x0 obj/default/Playlist.o
 .data          0x0083eec4        0x0 obj/default/PushKeyController.o
 .data          0x0083eec4        0x0 obj/default/Queue.o
 .data          0x0083eec4        0x0 obj/default/RS232.o
 .data          0x0083eec4        0x0 obj/default/Range.o
 .data          0x0083eec4        0x0 obj/default/Song.o
 .data          0x0083eec4        0x0 obj/default/StereoSystem.o
 .data          0x0083eec4        0x0 obj/default/TestBot.o
 .data          0x0083eec4        0x0 obj/default/libMAD/bit.o
 .data          0x0083eec4        0x0 obj/default/libMAD/decoder.o
 .data          0x0083eec4        0x0 obj/default/libMAD/frame.o
 .data          0x0083eec4        0x0 obj/default/libMAD/huffman.o
 .data          0x0083eec4        0x0 obj/default/libMAD/layer12.o
 .data          0x0083eec4        0x0 obj/default/libMAD/layer3.o
 .data          0x0083eec4        0x0 obj/default/libMAD/stream.o
 .data          0x0083eec4        0x0 obj/default/libMAD/synth.o
 .data          0x0083eec4        0x0 obj/default/libMAD/timer.o
 .data          0x0083eec4        0x0 obj/default/sound/AudioDeviceController.o
 .data          0x0083eec4        0x0 obj/default/sound/AudioFormat.o
 .data          0x0083eec4        0x0 obj/default/sound/Sound.o
 .data          0x0083eec4        0x0 obj/default/sound/SoundMixer.o
 .data          0x0083eec4        0x0 c:/altera/12.0sp2/nios2eds/bin/gnu/h-i686-mingw32/bin/../lib/gcc/nios2-elf/4.1.2/../../../../nios2-elf/lib\libm.a(lib_a-s_cos.o)
 .data          0x0083eec4        0x0 c:/altera/12.0sp2/nios2eds/bin/gnu/h-i686-mingw32/bin/../lib/gcc/nios2-elf/4.1.2/../../../../nios2-elf/lib\libm.a(lib_a-s_sin.o)
 .data          0x0083eec4        0x0 c:/altera/12.0sp2/nios2eds/bin/gnu/h-i686-mingw32/bin/../lib/gcc/nios2-elf/4.1.2/../../../../nios2-elf/lib\libm.a(lib_a-w_atan2.o)
 .data          0x0083eec4        0x0 c:/altera/12.0sp2/nios2eds/bin/gnu/h-i686-mingw32/bin/../lib/gcc/nios2-elf/4.1.2/../../../../nios2-elf/lib\libm.a(lib_a-w_log.o)
 .data          0x0083eec4        0x0 c:/altera/12.0sp2/nios2eds/bin/gnu/h-i686-mingw32/bin/../lib/gcc/nios2-elf/4.1.2/../../../../nios2-elf/lib\libm.a(lib_a-w_sqrt.o)
 .data          0x0083eec4        0x0 c:/altera/12.0sp2/nios2eds/bin/gnu/h-i686-mingw32/bin/../lib/gcc/nios2-elf/4.1.2/../../../../nios2-elf/lib\libm.a(lib_a-e_atan2.o)
 .data          0x0083eec4        0x0 c:/altera/12.0sp2/nios2eds/bin/gnu/h-i686-mingw32/bin/../lib/gcc/nios2-elf/4.1.2/../../../../nios2-elf/lib\libm.a(lib_a-e_log.o)
 .data          0x0083eec4        0x0 c:/altera/12.0sp2/nios2eds/bin/gnu/h-i686-mingw32/bin/../lib/gcc/nios2-elf/4.1.2/../../../../nios2-elf/lib\libm.a(lib_a-e_rem_pio2.o)
 .data          0x0083eec4        0x0 c:/altera/12.0sp2/nios2eds/bin/gnu/h-i686-mingw32/bin/../lib/gcc/nios2-elf/4.1.2/../../../../nios2-elf/lib\libm.a(lib_a-e_sqrt.o)
 .data          0x0083eec4        0x0 c:/altera/12.0sp2/nios2eds/bin/gnu/h-i686-mingw32/bin/../lib/gcc/nios2-elf/4.1.2/../../../../nios2-elf/lib\libm.a(lib_a-k_cos.o)
 .data          0x0083eec4        0x0 c:/altera/12.0sp2/nios2eds/bin/gnu/h-i686-mingw32/bin/../lib/gcc/nios2-elf/4.1.2/../../../../nios2-elf/lib\libm.a(lib_a-k_rem_pio2.o)
 .data          0x0083eec4        0x0 c:/altera/12.0sp2/nios2eds/bin/gnu/h-i686-mingw32/bin/../lib/gcc/nios2-elf/4.1.2/../../../../nios2-elf/lib\libm.a(lib_a-k_sin.o)
 .data          0x0083eec4        0x0 c:/altera/12.0sp2/nios2eds/bin/gnu/h-i686-mingw32/bin/../lib/gcc/nios2-elf/4.1.2/../../../../nios2-elf/lib\libm.a(lib_a-s_atan.o)
 .data          0x0083eec4        0x0 c:/altera/12.0sp2/nios2eds/bin/gnu/h-i686-mingw32/bin/../lib/gcc/nios2-elf/4.1.2/../../../../nios2-elf/lib\libm.a(lib_a-s_fabs.o)
 .data          0x0083eec4        0x0 c:/altera/12.0sp2/nios2eds/bin/gnu/h-i686-mingw32/bin/../lib/gcc/nios2-elf/4.1.2/../../../../nios2-elf/lib\libm.a(lib_a-s_floor.o)
 .data          0x0083eec4        0x0 c:/altera/12.0sp2/nios2eds/bin/gnu/h-i686-mingw32/bin/../lib/gcc/nios2-elf/4.1.2/../../../../nios2-elf/lib\libm.a(lib_a-s_isnand.o)
 .data          0x0083eec4        0x0 c:/altera/12.0sp2/nios2eds/bin/gnu/h-i686-mingw32/bin/../lib/gcc/nios2-elf/4.1.2/../../../../nios2-elf/lib\libm.a(lib_a-s_lib_ver.o)
 .data          0x0083eec4        0x0 c:/altera/12.0sp2/nios2eds/bin/gnu/h-i686-mingw32/bin/../lib/gcc/nios2-elf/4.1.2/../../../../nios2-elf/lib\libm.a(lib_a-s_matherr.o)
 .data          0x0083eec4        0x0 c:/altera/12.0sp2/nios2eds/bin/gnu/h-i686-mingw32/bin/../lib/gcc/nios2-elf/4.1.2/../../../../nios2-elf/lib\libm.a(lib_a-s_nan.o)
 .data          0x0083eec4        0x0 c:/altera/12.0sp2/nios2eds/bin/gnu/h-i686-mingw32/bin/../lib/gcc/nios2-elf/4.1.2/../../../../nios2-elf/lib\libm.a(lib_a-s_scalbn.o)
 .data          0x0083eec4        0x0 c:/altera/12.0sp2/nios2eds/bin/gnu/h-i686-mingw32/bin/../lib/gcc/nios2-elf/4.1.2/../../../../nios2-elf/lib\libm.a(lib_a-s_copysign.o)
 .data          0x0083eec4        0x0 c:/altera/12.0sp2/nios2eds/bin/gnu/h-i686-mingw32/bin/../lib/gcc/nios2-elf/4.1.2\libgcc.a(_fixunssfsi.o)
 .data          0x0083eec4        0x0 c:/altera/12.0sp2/nios2eds/bin/gnu/h-i686-mingw32/bin/../lib/gcc/nios2-elf/4.1.2\libgcc.a(_addsub_sf.o)
 .data          0x0083eec4        0x0 c:/altera/12.0sp2/nios2eds/bin/gnu/h-i686-mingw32/bin/../lib/gcc/nios2-elf/4.1.2\libgcc.a(_mul_sf.o)
 .data          0x0083eec4        0x0 c:/altera/12.0sp2/nios2eds/bin/gnu/h-i686-mingw32/bin/../lib/gcc/nios2-elf/4.1.2\libgcc.a(_div_sf.o)
 .data          0x0083eec4        0x0 c:/altera/12.0sp2/nios2eds/bin/gnu/h-i686-mingw32/bin/../lib/gcc/nios2-elf/4.1.2\libgcc.a(_eq_sf.o)
 .data          0x0083eec4        0x0 c:/altera/12.0sp2/nios2eds/bin/gnu/h-i686-mingw32/bin/../lib/gcc/nios2-elf/4.1.2\libgcc.a(_gt_sf.o)
 .data          0x0083eec4        0x0 c:/altera/12.0sp2/nios2eds/bin/gnu/h-i686-mingw32/bin/../lib/gcc/nios2-elf/4.1.2\libgcc.a(_ge_sf.o)
 .data          0x0083eec4        0x0 c:/altera/12.0sp2/nios2eds/bin/gnu/h-i686-mingw32/bin/../lib/gcc/nios2-elf/4.1.2\libgcc.a(_si_to_sf.o)
 .data          0x0083eec4        0x0 c:/altera/12.0sp2/nios2eds/bin/gnu/h-i686-mingw32/bin/../lib/gcc/nios2-elf/4.1.2\libgcc.a(_sf_to_si.o)
 .data          0x0083eec4        0x0 c:/altera/12.0sp2/nios2eds/bin/gnu/h-i686-mingw32/bin/../lib/gcc/nios2-elf/4.1.2\libgcc.a(_sf_to_df.o)
 .data          0x0083eec4        0x0 c:/altera/12.0sp2/nios2eds/bin/gnu/h-i686-mingw32/bin/../lib/gcc/nios2-elf/4.1.2\libgcc.a(_thenan_sf.o)
 .data          0x0083eec4        0x0 c:/altera/12.0sp2/nios2eds/bin/gnu/h-i686-mingw32/bin/../lib/gcc/nios2-elf/4.1.2\libgcc.a(_usi_to_sf.o)
 .data          0x0083eec4        0x0 c:/altera/12.0sp2/nios2eds/bin/gnu/h-i686-mingw32/bin/../lib/gcc/nios2-elf/4.1.2\libgcc.a(_addsub_df.o)
 .data          0x0083eec4        0x0 c:/altera/12.0sp2/nios2eds/bin/gnu/h-i686-mingw32/bin/../lib/gcc/nios2-elf/4.1.2\libgcc.a(_mul_df.o)
 .data          0x0083eec4        0x0 c:/altera/12.0sp2/nios2eds/bin/gnu/h-i686-mingw32/bin/../lib/gcc/nios2-elf/4.1.2\libgcc.a(_div_df.o)
 .data          0x0083eec4        0x0 c:/altera/12.0sp2/nios2eds/bin/gnu/h-i686-mingw32/bin/../lib/gcc/nios2-elf/4.1.2\libgcc.a(_eq_df.o)
 .data          0x0083eec4        0x0 c:/altera/12.0sp2/nios2eds/bin/gnu/h-i686-mingw32/bin/../lib/gcc/nios2-elf/4.1.2\libgcc.a(_gt_df.o)
 .data          0x0083eec4        0x0 c:/altera/12.0sp2/nios2eds/bin/gnu/h-i686-mingw32/bin/../lib/gcc/nios2-elf/4.1.2\libgcc.a(_ge_df.o)
 .data          0x0083eec4        0x0 c:/altera/12.0sp2/nios2eds/bin/gnu/h-i686-mingw32/bin/../lib/gcc/nios2-elf/4.1.2\libgcc.a(_lt_df.o)
 .data          0x0083eec4        0x0 c:/altera/12.0sp2/nios2eds/bin/gnu/h-i686-mingw32/bin/../lib/gcc/nios2-elf/4.1.2\libgcc.a(_si_to_df.o)
 .data          0x0083eec4        0x0 c:/altera/12.0sp2/nios2eds/bin/gnu/h-i686-mingw32/bin/../lib/gcc/nios2-elf/4.1.2\libgcc.a(_df_to_si.o)
 .data          0x0083eec4        0x0 c:/altera/12.0sp2/nios2eds/bin/gnu/h-i686-mingw32/bin/../lib/gcc/nios2-elf/4.1.2\libgcc.a(_make_df.o)
 .data          0x0083eec4        0x0 c:/altera/12.0sp2/nios2eds/bin/gnu/h-i686-mingw32/bin/../lib/gcc/nios2-elf/4.1.2\libgcc.a(_df_to_sf.o)
 .data          0x0083eec4        0x0 c:/altera/12.0sp2/nios2eds/bin/gnu/h-i686-mingw32/bin/../lib/gcc/nios2-elf/4.1.2\libgcc.a(_thenan_df.o)
 .data          0x0083eec4        0x0 c:/altera/12.0sp2/nios2eds/bin/gnu/h-i686-mingw32/bin/../lib/gcc/nios2-elf/4.1.2\libgcc.a(lib2-divmod.o)
 .data          0x0083eec4      0x100 c:/altera/12.0sp2/nios2eds/bin/gnu/h-i686-mingw32/bin/../lib/gcc/nios2-elf/4.1.2\libgcc.a(lib2-divtable.o)
                0x0083eec4                __divsi3_table
 .data          0x0083efc4        0x0 c:/altera/12.0sp2/nios2eds/bin/gnu/h-i686-mingw32/bin/../lib/gcc/nios2-elf/4.1.2\libgcc.a(_muldi3.o)
 .data          0x0083efc4        0x0 c:/altera/12.0sp2/nios2eds/bin/gnu/h-i686-mingw32/bin/../lib/gcc/nios2-elf/4.1.2\libgcc.a(_clzsi2.o)
 .data          0x0083efc4        0x0 c:/altera/12.0sp2/nios2eds/bin/gnu/h-i686-mingw32/bin/../lib/gcc/nios2-elf/4.1.2\libgcc.a(_pack_sf.o)
 .data          0x0083efc4        0x0 c:/altera/12.0sp2/nios2eds/bin/gnu/h-i686-mingw32/bin/../lib/gcc/nios2-elf/4.1.2\libgcc.a(_unpack_sf.o)
 .data          0x0083efc4        0x0 c:/altera/12.0sp2/nios2eds/bin/gnu/h-i686-mingw32/bin/../lib/gcc/nios2-elf/4.1.2\libgcc.a(_fpcmp_parts_sf.o)
 .data          0x0083efc4        0x0 c:/altera/12.0sp2/nios2eds/bin/gnu/h-i686-mingw32/bin/../lib/gcc/nios2-elf/4.1.2\libgcc.a(_make_sf.o)
 .data          0x0083efc4        0x0 c:/altera/12.0sp2/nios2eds/bin/gnu/h-i686-mingw32/bin/../lib/gcc/nios2-elf/4.1.2\libgcc.a(_pack_df.o)
 .data          0x0083efc4        0x0 c:/altera/12.0sp2/nios2eds/bin/gnu/h-i686-mingw32/bin/../lib/gcc/nios2-elf/4.1.2\libgcc.a(_unpack_df.o)
 .data          0x0083efc4        0x0 c:/altera/12.0sp2/nios2eds/bin/gnu/h-i686-mingw32/bin/../lib/gcc/nios2-elf/4.1.2\libgcc.a(_fpcmp_parts_df.o)
 .data          0x0083efc4        0x0 c:/altera/12.0sp2/nios2eds/bin/gnu/h-i686-mingw32/bin/../lib/gcc/nios2-elf/4.1.2\libgcc.a(_clz.o)
 .data          0x0083efc4        0x0 c:/altera/12.0sp2/nios2eds/bin/gnu/h-i686-mingw32/bin/../lib/gcc/nios2-elf/4.1.2/../../../../nios2-elf/lib\libc.a(lib_a-abort.o)
 .data          0x0083efc4        0x0 c:/altera/12.0sp2/nios2eds/bin/gnu/h-i686-mingw32/bin/../lib/gcc/nios2-elf/4.1.2/../../../../nios2-elf/lib\libc.a(lib_a-atoi.o)
 .data          0x0083efc4        0x0 c:/altera/12.0sp2/nios2eds/bin/gnu/h-i686-mingw32/bin/../lib/gcc/nios2-elf/4.1.2/../../../../nios2-elf/lib\libc.a(lib_a-calloc.o)
 .data          0x0083efc4        0x0 c:/altera/12.0sp2/nios2eds/bin/gnu/h-i686-mingw32/bin/../lib/gcc/nios2-elf/4.1.2/../../../../nios2-elf/lib\libc.a(lib_a-callocr.o)
 .data          0x0083efc4        0x0 c:/altera/12.0sp2/nios2eds/bin/gnu/h-i686-mingw32/bin/../lib/gcc/nios2-elf/4.1.2/../../../../nios2-elf/lib\libc.a(lib_a-errno.o)
 .data          0x0083efc4        0x0 c:/altera/12.0sp2/nios2eds/bin/gnu/h-i686-mingw32/bin/../lib/gcc/nios2-elf/4.1.2/../../../../nios2-elf/lib\libc.a(lib_a-exit.o)
 .data          0x0083efc4        0x0 c:/altera/12.0sp2/nios2eds/bin/gnu/h-i686-mingw32/bin/../lib/gcc/nios2-elf/4.1.2/../../../../nios2-elf/lib\libc.a(lib_a-fprintf.o)
 .data          0x0083efc4      0x400 c:/altera/12.0sp2/nios2eds/bin/gnu/h-i686-mingw32/bin/../lib/gcc/nios2-elf/4.1.2/../../../../nios2-elf/lib\libc.a(lib_a-impure.o)
 .data          0x0083f3c4        0x0 c:/altera/12.0sp2/nios2eds/bin/gnu/h-i686-mingw32/bin/../lib/gcc/nios2-elf/4.1.2/../../../../nios2-elf/lib\libc.a(lib_a-malloc.o)
 .data          0x0083f3c4      0x408 c:/altera/12.0sp2/nios2eds/bin/gnu/h-i686-mingw32/bin/../lib/gcc/nios2-elf/4.1.2/../../../../nios2-elf/lib\libc.a(lib_a-mallocr.o)
                0x0083f3c4                __malloc_av_
 .data          0x0083f7cc        0x0 c:/altera/12.0sp2/nios2eds/bin/gnu/h-i686-mingw32/bin/../lib/gcc/nios2-elf/4.1.2/../../../../nios2-elf/lib\libc.a(lib_a-memcpy.o)
 .data          0x0083f7cc        0x0 c:/altera/12.0sp2/nios2eds/bin/gnu/h-i686-mingw32/bin/../lib/gcc/nios2-elf/4.1.2/../../../../nios2-elf/lib\libc.a(lib_a-memmove.o)
 .data          0x0083f7cc        0x0 c:/altera/12.0sp2/nios2eds/bin/gnu/h-i686-mingw32/bin/../lib/gcc/nios2-elf/4.1.2/../../../../nios2-elf/lib\libc.a(lib_a-memset.o)
 .data          0x0083f7cc        0x0 c:/altera/12.0sp2/nios2eds/bin/gnu/h-i686-mingw32/bin/../lib/gcc/nios2-elf/4.1.2/../../../../nios2-elf/lib\libc.a(lib_a-printf.o)
 .data          0x0083f7cc        0x0 c:/altera/12.0sp2/nios2eds/bin/gnu/h-i686-mingw32/bin/../lib/gcc/nios2-elf/4.1.2/../../../../nios2-elf/lib\libc.a(lib_a-puts.o)
 .data          0x0083f7cc        0x0 c:/altera/12.0sp2/nios2eds/bin/gnu/h-i686-mingw32/bin/../lib/gcc/nios2-elf/4.1.2/../../../../nios2-elf/lib\libc.a(lib_a-realloc.o)
 .data          0x0083f7cc        0x0 c:/altera/12.0sp2/nios2eds/bin/gnu/h-i686-mingw32/bin/../lib/gcc/nios2-elf/4.1.2/../../../../nios2-elf/lib\libc.a(lib_a-reallocr.o)
 .data          0x0083f7cc        0x0 c:/altera/12.0sp2/nios2eds/bin/gnu/h-i686-mingw32/bin/../lib/gcc/nios2-elf/4.1.2/../../../../nios2-elf/lib\libc.a(lib_a-sbrkr.o)
 .data          0x0083f7cc        0x0 c:/altera/12.0sp2/nios2eds/bin/gnu/h-i686-mingw32/bin/../lib/gcc/nios2-elf/4.1.2/../../../../nios2-elf/lib\libc.a(lib_a-signal.o)
 .data          0x0083f7cc        0x0 c:/altera/12.0sp2/nios2eds/bin/gnu/h-i686-mingw32/bin/../lib/gcc/nios2-elf/4.1.2/../../../../nios2-elf/lib\libc.a(lib_a-signalr.o)